Archive member included because of file (symbol)

/Users/emiliendurif/Documents/MATLAB/SupportPackages/R2019b/3P.instrset/arduinoide.instrset/idepkgs/packages/arduino/tools/arm-none-eabi-gcc/4.8.3-2014q1/bin/../lib/gcc/arm-none-eabi/4.8.3/../../../../arm-none-eabi/lib/armv6-m/libm.a(lib_a-s_fpclassify.o)
                              Print.o (__fpclassifyd)
/Users/emiliendurif/Documents/MATLAB/SupportPackages/R2019b/3P.instrset/arduinoide.instrset/idepkgs/packages/arduino/tools/arm-none-eabi-gcc/4.8.3-2014q1/bin/../lib/gcc/arm-none-eabi/4.8.3/../../../../arm-none-eabi/lib/armv6-m/libm.a(lib_a-w_fmod.o)
                              xcp_ext_common.o (fmod)
/Users/emiliendurif/Documents/MATLAB/SupportPackages/R2019b/3P.instrset/arduinoide.instrset/idepkgs/packages/arduino/tools/arm-none-eabi-gcc/4.8.3-2014q1/bin/../lib/gcc/arm-none-eabi/4.8.3/../../../../arm-none-eabi/lib/armv6-m/libm.a(lib_a-e_fmod.o)
                              /Users/emiliendurif/Documents/MATLAB/SupportPackages/R2019b/3P.instrset/arduinoide.instrset/idepkgs/packages/arduino/tools/arm-none-eabi-gcc/4.8.3-2014q1/bin/../lib/gcc/arm-none-eabi/4.8.3/../../../../arm-none-eabi/lib/armv6-m/libm.a(lib_a-w_fmod.o) (__ieee754_fmod)
/Users/emiliendurif/Documents/MATLAB/SupportPackages/R2019b/3P.instrset/arduinoide.instrset/idepkgs/packages/arduino/tools/arm-none-eabi-gcc/4.8.3-2014q1/bin/../lib/gcc/arm-none-eabi/4.8.3/../../../../arm-none-eabi/lib/armv6-m/libm.a(lib_a-s_lib_ver.o)
                              /Users/emiliendurif/Documents/MATLAB/SupportPackages/R2019b/3P.instrset/arduinoide.instrset/idepkgs/packages/arduino/tools/arm-none-eabi-gcc/4.8.3-2014q1/bin/../lib/gcc/arm-none-eabi/4.8.3/../../../../arm-none-eabi/lib/armv6-m/libm.a(lib_a-w_fmod.o) (__fdlib_version)
/Users/emiliendurif/Documents/MATLAB/SupportPackages/R2019b/3P.instrset/arduinoide.instrset/idepkgs/packages/arduino/tools/arm-none-eabi-gcc/4.8.3-2014q1/bin/../lib/gcc/arm-none-eabi/4.8.3/../../../../arm-none-eabi/lib/armv6-m/libm.a(lib_a-s_matherr.o)
                              /Users/emiliendurif/Documents/MATLAB/SupportPackages/R2019b/3P.instrset/arduinoide.instrset/idepkgs/packages/arduino/tools/arm-none-eabi-gcc/4.8.3-2014q1/bin/../lib/gcc/arm-none-eabi/4.8.3/../../../../arm-none-eabi/lib/armv6-m/libm.a(lib_a-w_fmod.o) (matherr)
/Users/emiliendurif/Documents/MATLAB/SupportPackages/R2019b/3P.instrset/arduinoide.instrset/idepkgs/packages/arduino/tools/arm-none-eabi-gcc/4.8.3-2014q1/bin/../lib/gcc/arm-none-eabi/4.8.3/armv6-m/libgcc.a(_thumb1_case_uqi.o)
                              xcp.o (__gnu_thumb1_case_uqi)
/Users/emiliendurif/Documents/MATLAB/SupportPackages/R2019b/3P.instrset/arduinoide.instrset/idepkgs/packages/arduino/tools/arm-none-eabi-gcc/4.8.3-2014q1/bin/../lib/gcc/arm-none-eabi/4.8.3/armv6-m/libgcc.a(_udivsi3.o)
                              itoa.o (__aeabi_uidiv)
/Users/emiliendurif/Documents/MATLAB/SupportPackages/R2019b/3P.instrset/arduinoide.instrset/idepkgs/packages/arduino/tools/arm-none-eabi-gcc/4.8.3-2014q1/bin/../lib/gcc/arm-none-eabi/4.8.3/armv6-m/libgcc.a(_divsi3.o)
                              SERCOM.o (__aeabi_idiv)
/Users/emiliendurif/Documents/MATLAB/SupportPackages/R2019b/3P.instrset/arduinoide.instrset/idepkgs/packages/arduino/tools/arm-none-eabi-gcc/4.8.3-2014q1/bin/../lib/gcc/arm-none-eabi/4.8.3/armv6-m/libgcc.a(_dvmd_tls.o)
                              /Users/emiliendurif/Documents/MATLAB/SupportPackages/R2019b/3P.instrset/arduinoide.instrset/idepkgs/packages/arduino/tools/arm-none-eabi-gcc/4.8.3-2014q1/bin/../lib/gcc/arm-none-eabi/4.8.3/armv6-m/libgcc.a(_udivsi3.o) (__aeabi_idiv0)
/Users/emiliendurif/Documents/MATLAB/SupportPackages/R2019b/3P.instrset/arduinoide.instrset/idepkgs/packages/arduino/tools/arm-none-eabi-gcc/4.8.3-2014q1/bin/../lib/gcc/arm-none-eabi/4.8.3/armv6-m/libgcc.a(_arm_cmpdf2.o)
                              xcp_ext_work.o (__aeabi_dcmpeq)
/Users/emiliendurif/Documents/MATLAB/SupportPackages/R2019b/3P.instrset/arduinoide.instrset/idepkgs/packages/arduino/tools/arm-none-eabi-gcc/4.8.3-2014q1/bin/../lib/gcc/arm-none-eabi/4.8.3/armv6-m/libgcc.a(_fixunsdfsi.o)
                              xcp_ext_common.o (__aeabi_d2uiz)
/Users/emiliendurif/Documents/MATLAB/SupportPackages/R2019b/3P.instrset/arduinoide.instrset/idepkgs/packages/arduino/tools/arm-none-eabi-gcc/4.8.3-2014q1/bin/../lib/gcc/arm-none-eabi/4.8.3/armv6-m/libgcc.a(mulsf3.o)
                              Stream.o (__aeabi_fmul)
/Users/emiliendurif/Documents/MATLAB/SupportPackages/R2019b/3P.instrset/arduinoide.instrset/idepkgs/packages/arduino/tools/arm-none-eabi-gcc/4.8.3-2014q1/bin/../lib/gcc/arm-none-eabi/4.8.3/armv6-m/libgcc.a(floatsisf.o)
                              Stream.o (__aeabi_i2f)
/Users/emiliendurif/Documents/MATLAB/SupportPackages/R2019b/3P.instrset/arduinoide.instrset/idepkgs/packages/arduino/tools/arm-none-eabi-gcc/4.8.3-2014q1/bin/../lib/gcc/arm-none-eabi/4.8.3/armv6-m/libgcc.a(adddf3.o)
[...]
Memory Configuration

Name             Origin             Length             Attributes
FLASH            0x0000000000002000 0x000000000003e000 xr
RAM              0x0000000020000000 0x0000000000008000 xrw
*default*        0x0000000000000000 0xffffffffffffffff

Linker script and memory map

LOAD /Users/emiliendurif/Documents/MATLAB/SupportPackages/R2019b/3P.instrset/arduinoide.instrset/idepkgs/packages/arduino/tools/arm-none-eabi-gcc/4.8.3-2014q1/bin/../lib/gcc/arm-none-eabi/4.8.3/armv6-m/crti.o
LOAD /Users/emiliendurif/Documents/MATLAB/SupportPackages/R2019b/3P.instrset/arduinoide.instrset/idepkgs/packages/arduino/tools/arm-none-eabi-gcc/4.8.3-2014q1/bin/../lib/gcc/arm-none-eabi/4.8.3/armv6-m/crtbegin.o
LOAD /Users/emiliendurif/Documents/MATLAB/SupportPackages/R2019b/3P.instrset/arduinoide.instrset/idepkgs/packages/arduino/tools/arm-none-eabi-gcc/4.8.3-2014q1/bin/../lib/gcc/arm-none-eabi/4.8.3/../../../../arm-none-eabi/lib/armv6-m/crt0.o
START GROUP
LOAD /Users/emiliendurif/Documents/MATLAB/SupportPackages/R2019b/3P.instrset/arduinoide.instrset/idepkgs/packages/arduino/tools/CMSIS/4.5.0/CMSIS/Lib/GCC/libarm_cortexM0l_math.a
LOAD MW_arduinoI2C.o
LOAD io_wrappers.o
LOAD xcp_ext_work.o
LOAD untitled.o
LOAD untitled_data.o
LOAD xcp_ext_common.o
LOAD xcp.o
LOAD xcp_standard.o
LOAD xcp_daq.o
LOAD xcp_calibration.o
LOAD xcp_fifo.o
LOAD xcp_transport.o
LOAD xcp_mem_default.o
LOAD xcp_drv_rtiostream.o
LOAD xcp_frame_serial.o
LOAD xcp_ext_param_default_serial.o
LOAD pulse_asm.S.o
LOAD dtostrf.o
LOAD cortex_handlers.o
LOAD hooks.o
LOAD itoa.o
LOAD delay.o
LOAD startup.o
LOAD pulse.o
LOAD WInterrupts.o
LOAD wiring.o
LOAD wiring_analog.o
LOAD wiring_digital.o
LOAD wiring_shift.o
LOAD wiring_private.o
LOAD samd21_host.o
LOAD abi.o
LOAD IPAddress.o
LOAD new.o
LOAD Print.o
LOAD Reset.o
LOAD Stream.o
LOAD SERCOM.o
LOAD Tone.o
LOAD Uart.o
LOAD CDC.o
LOAD PluggableUSB.o
LOAD USBCore.o
LOAD WMath.o
LOAD WString.o
LOAD variant.o
LOAD MW_ArduinoHWInit.o
LOAD arduinoARM_M0plusScheduler.o
LOAD m0m1m0plus_multitasking.o
LOAD rtiostream_serial_daemon.o
LOAD sys_arch.o
LOAD Wire.o
LOAD ert_main.o
END GROUP
LOAD /Users/emiliendurif/Documents/MATLAB/SupportPackages/R2019b/3P.instrset/arduinoide.instrset/idepkgs/packages/arduino/tools/arm-none-eabi-gcc/4.8.3-2014q1/bin/../lib/gcc/arm-none-eabi/4.8.3/../../../../arm-none-eabi/lib/armv6-m/libm.a
START GROUP
LOAD /Users/emiliendurif/Documents/MATLAB/SupportPackages/R2019b/3P.instrset/arduinoide.instrset/idepkgs/packages/arduino/tools/arm-none-eabi-gcc/4.8.3-2014q1/bin/../lib/gcc/arm-none-eabi/4.8.3/armv6-m/libgcc.a
LOAD /Users/emiliendurif/Documents/MATLAB/SupportPackages/R2019b/3P.instrset/arduinoide.instrset/idepkgs/packages/arduino/tools/arm-none-eabi-gcc/4.8.3-2014q1/bin/../lib/gcc/arm-none-eabi/4.8.3/../../../../arm-none-eabi/lib/armv6-m/libg_s.a
LOAD /Users/emiliendurif/Documents/MATLAB/SupportPackages/R2019b/3P.instrset/arduinoide.instrset/idepkgs/packages/arduino/tools/arm-none-eabi-gcc/4.8.3-2014q1/bin/../lib/gcc/arm-none-eabi/4.8.3/../../../../arm-none-eabi/lib/armv6-m/libc_s.a
END GROUP
START GROUP
LOAD /Users/emiliendurif/Documents/MATLAB/SupportPackages/R2019b/3P.instrset/arduinoide.instrset/idepkgs/packages/arduino/tools/arm-none-eabi-gcc/4.8.3-2014q1/bin/../lib/gcc/arm-none-eabi/4.8.3/armv6-m/libgcc.a
LOAD /Users/emiliendurif/Documents/MATLAB/SupportPackages/R2019b/3P.instrset/arduinoide.instrset/idepkgs/packages/arduino/tools/arm-none-eabi-gcc/4.8.3-2014q1/bin/../lib/gcc/arm-none-eabi/4.8.3/../../../../arm-none-eabi/lib/armv6-m/libc_s.a
LOAD /Users/emiliendurif/Documents/MATLAB/SupportPackages/R2019b/3P.instrset/arduinoide.instrset/idepkgs/packages/arduino/tools/arm-none-eabi-gcc/4.8.3-2014q1/bin/../lib/gcc/arm-none-eabi/4.8.3/../../../../arm-none-eabi/lib/armv6-m/libnosys.a
END GROUP
START GROUP
LOAD /Users/emiliendurif/Documents/MATLAB/SupportPackages/R2019b/3P.instrset/arduinoide.instrset/idepkgs/packages/arduino/tools/arm-none-eabi-gcc/4.8.3-2014q1/bin/../lib/gcc/arm-none-eabi/4.8.3/armv6-m/libgcc.a
LOAD /Users/emiliendurif/Documents/MATLAB/SupportPackages/R2019b/3P.instrset/arduinoide.instrset/idepkgs/packages/arduino/tools/arm-none-eabi-gcc/4.8.3-2014q1/bin/../lib/gcc/arm-none-eabi/4.8.3/../../../../arm-none-eabi/lib/armv6-m/libc_s.a
LOAD /Users/emiliendurif/Documents/MATLAB/SupportPackages/R2019b/3P.instrset/arduinoide.instrset/idepkgs/packages/arduino/tools/arm-none-eabi-gcc/4.8.3-2014q1/bin/../lib/gcc/arm-none-eabi/4.8.3/../../../../arm-none-eabi/lib/armv6-m/libnosys.a
END GROUP
LOAD /Users/emiliendurif/Documents/MATLAB/SupportPackages/R2019b/3P.instrset/arduinoide.instrset/idepkgs/packages/arduino/tools/arm-none-eabi-gcc/4.8.3-2014q1/bin/../lib/gcc/arm-none-eabi/4.8.3/armv6-m/crtend.o
LOAD /Users/emiliendurif/Documents/MATLAB/SupportPackages/R2019b/3P.instrset/arduinoide.instrset/idepkgs/packages/arduino/tools/arm-none-eabi-gcc/4.8.3-2014q1/bin/../lib/gcc/arm-none-eabi/4.8.3/armv6-m/crtn.o

.text           0x0000000000002000     0x79cc
                0x0000000000002000                __text_start__ = .
 *(.sketch_boot)
                0x0000000000002000                . = ALIGN (0x2000)
 *(.isr_vector)
 .isr_vector    0x0000000000002000       0xb4 cortex_handlers.o
                0x0000000000002000                exception_table
 *(.text*)
 .text          0x00000000000020b4       0x60 /Users/emiliendurif/Documents/MATLAB/SupportPackages/R2019b/3P.instrset/arduinoide.instrset/idepkgs/packages/arduino/tools/arm-none-eabi-gcc/4.8.3-2014q1/bin/../lib/gcc/arm-none-eabi/4.8.3/armv6-m/crtbegin.o
 .text.MW_I2C_Open
                0x0000000000002114       0x24 MW_arduinoI2C.o
                0x0000000000002114                MW_I2C_Open
 .text.MW_I2C_SetBusSpeed
                0x0000000000002138       0x20 MW_arduinoI2C.o
                0x0000000000002138                MW_I2C_SetBusSpeed
 .text.MW_I2C_MasterRead
                0x0000000000002158       0x5c MW_arduinoI2C.o
                0x0000000000002158                MW_I2C_MasterRead
 .text.MW_I2C_MasterWrite
                0x00000000000021b4       0x4a MW_arduinoI2C.o
                0x00000000000021b4                MW_I2C_MasterWrite
 .text.MW_I2C_Close
                0x00000000000021fe        0xe MW_arduinoI2C.o
                0x00000000000021fe                MW_I2C_Close
 .text.MW_usbattach
                0x000000000000220c       0x1c io_wrappers.o
                0x000000000000220c                MW_usbattach
 .text.MW_delay_in_milliseconds
                0x0000000000002228       0x16 io_wrappers.o
                0x0000000000002228                MW_delay_in_milliseconds
 *fill*         0x000000000000223e        0x2 
 .text.Serial_begin
                0x0000000000002240       0x24 io_wrappers.o
                0x0000000000002240                Serial_begin
 .text.rtExtModeWaitForStartPkt
                0x0000000000002264       0x78 xcp_ext_work.o
                0x0000000000002264                rtExtModeWaitForStartPkt
 .text.rtExtModeOneStep
                0x00000000000022dc       0x24 xcp_ext_work.o
                0x00000000000022dc                rtExtModeOneStep
 .text.rtExtModeUpload
                0x0000000000002300        0xe xcp_ext_work.o
                0x0000000000002300                rtExtModeUpload
 .text.rtExtModeCheckEndTrigger
                0x000000000000230e        0x2 xcp_ext_work.o
                0x000000000000230e                rtExtModeCheckEndTrigger
 .text.rtExtModeUploadCheckTrigger
                0x0000000000002310        0x2 xcp_ext_work.o
                0x0000000000002310                rtExtModeUploadCheckTrigger
 .text.rtExtModeCheckInit
                0x0000000000002312       0x12 xcp_ext_work.o
                0x0000000000002312                rtExtModeCheckInit
 .text.rtExtModeShutdown
                0x0000000000002324        0x8 xcp_ext_work.o
                0x0000000000002324                rtExtModeShutdown
 *fill*         0x000000000000232c        0x4 
 .text.rtERTExtModeSetTFinal
                0x0000000000002330       0x30 xcp_ext_work.o
                0x0000000000002330                rtERTExtModeSetTFinal
 .text.rtSetTFinalForExtMode
                0x0000000000002360        0x8 xcp_ext_work.o
                0x0000000000002360                rtSetTFinalForExtMode
 .text.rtParseArgsForExtMode
                0x0000000000002368        0x2 xcp_ext_work.o
                0x0000000000002368                rtParseArgsForExtMode
 .text.rtERTExtModeStartMsg
                0x000000000000236a        0x2 xcp_ext_work.o
                0x000000000000236a                rtERTExtModeStartMsg
 .text.arduinoBNO055_check_BNO055_Chip.isra.1
                0x000000000000236c       0x48 untitled.o
 *fill*         0x00000000000023b4        0x4 
 .text.untitled_step
                0x00000000000023b8      0x2f8 untitled.o
                0x00000000000023b8                untitled_step
 .text.untitled_initialize
                0x00000000000026b0      0x248 untitled.o
                0x00000000000026b0                untitled_initialize
 .text.untitled_terminate
                0x00000000000028f8       0x3c untitled.o
                0x00000000000028f8                untitled_terminate
 *fill*         0x0000000000002934        0x4 
 .text.xcpExtModeUpdateTime
                0x0000000000002938      0x138 xcp_ext_common.o
 .text.xcpExtModeInit
                0x0000000000002a70       0x38 xcp_ext_common.o
                0x0000000000002a70                xcpExtModeInit
 .text.xcpExtmodeEvent
                0x0000000000002aa8       0x22 xcp_ext_common.o
                0x0000000000002aa8                xcpExtmodeEvent
 .text.xcpExtModeRunBackground
                0x0000000000002aca       0x5c xcp_ext_common.o
                0x0000000000002aca                xcpExtModeRunBackground
 *fill*         0x0000000000002b26        0x2 
 .text.xcpExtModeReset
                0x0000000000002b28       0xb8 xcp_ext_common.o
                0x0000000000002b28                xcpExtModeReset
 .text.unknownInputPacketHandler
                0x0000000000002be0        0xa xcp.o
 .text.discardInputPacketHandler
                0x0000000000002bea       0x12 xcp.o
 .text.genericOutputPacketHandler
                0x0000000000002bfc       0x58 xcp.o
                0x0000000000002bfc                genericOutputPacketHandler
 .text.xcpStatusSet
                0x0000000000002c54        0xc xcp.o
                0x0000000000002c54                xcpStatusSet
 .text.xcpSessionStatusGet
                0x0000000000002c60        0xc xcp.o
                0x0000000000002c60                xcpSessionStatusGet
 .text.xcpSessionStatusSetMask
                0x0000000000002c6c       0x10 xcp.o
                0x0000000000002c6c                xcpSessionStatusSetMask
 .text.xcpSessionStatusClearMask
                0x0000000000002c7c       0x10 xcp.o
                0x0000000000002c7c                xcpSessionStatusClearMask
 .text.xcpResourceProtectionStatusGet
                0x0000000000002c8c        0xc xcp.o
                0x0000000000002c8c                xcpResourceProtectionStatusGet
 .text.xcpSessionConfigurationIdGet
                0x0000000000002c98        0xc xcp.o
                0x0000000000002c98                xcpSessionConfigurationIdGet
 .text.xcpInit  0x0000000000002ca4       0x38 xcp.o
                0x0000000000002ca4                xcpInit
 .text.xcpRun   0x0000000000002cdc      0x194 xcp.o
                0x0000000000002cdc                xcpRun
 .text.xcpEventExternalTimestamp
                0x0000000000002e70       0x1c xcp.o
                0x0000000000002e70                xcpEventExternalTimestamp
 .text.xcpGetStatus
                0x0000000000002e8c        0xc xcp.o
                0x0000000000002e8c                xcpGetStatus
 .text.xcpReset
                0x0000000000002e98       0x28 xcp.o
                0x0000000000002e98                xcpReset
 .text.getStatusInputPacketHandler
                0x0000000000002ec0        0x8 xcp_standard.o
 .text.uploadInputPacketHandler
                0x0000000000002ec8       0x2c xcp_standard.o
 .text.synchInputPacketHandler
                0x0000000000002ef4       0x12 xcp_standard.o
 .text.getStatusOutputPacketHandler
                0x0000000000002f06       0x2a xcp_standard.o
 .text.disconnectInputPacketHandler
                0x0000000000002f30       0x24 xcp_standard.o
 .text.connectInputPacketHandler
                0x0000000000002f54       0x34 xcp_standard.o
 .text.connectOutputPacketHandler
                0x0000000000002f88       0x3e xcp_standard.o
 *fill*         0x0000000000002fc6        0x2 
 .text.xcpStandardInit
                0x0000000000002fc8       0x10 xcp_standard.o
                0x0000000000002fc8                xcpStandardInit
 .text.xcpStandardReset
                0x0000000000002fd8        0x2 xcp_standard.o
                0x0000000000002fd8                xcpStandardReset
 *fill*         0x0000000000002fda        0x2 
 .text.xcpStandardGetAddressFromMta
                0x0000000000002fdc        0xc xcp_standard.o
                0x0000000000002fdc                xcpStandardGetAddressFromMta
 .text.xcpStandardSetMta
                0x0000000000002fe8       0x1c xcp_standard.o
                0x0000000000002fe8                xcpStandardSetMta
 .text.shortUploadInputPacketHandler
                0x0000000000003004       0x54 xcp_standard.o
 .text.setMTAInputPacketHandler
                0x0000000000003058       0x36 xcp_standard.o
 *fill*         0x000000000000308e        0x2 
 .text.xcpStandardIncrementMta
                0x0000000000003090       0x10 xcp_standard.o
                0x0000000000003090                xcpStandardIncrementMta
 .text.shortUploadOutputPacketHandler
                0x00000000000030a0       0x40 xcp_standard.o
 .text.uploadOutputPacketHandler
                0x00000000000030e0       0x40 xcp_standard.o
 .text.isActiveDaqList
                0x0000000000003120       0x20 xcp_daq.o
 .text.noActiveDaqLists
                0x0000000000003140       0x2c xcp_daq.o
 .text.isValidDaqPtr
                0x000000000000316c       0x44 xcp_daq.o
 .text.setDaqPtrInputPacketHandler
                0x00000000000031b0       0x50 xcp_daq.o
 .text.writeDaqInputPacketHandler
                0x0000000000003200       0x94 xcp_daq.o
 .text.setDaqListModeInputPacketHandler
                0x0000000000003294       0x84 xcp_daq.o
 .text.getDaqProcessorInfoInputPacketHandler
                0x0000000000003318        0x8 xcp_daq.o
 .text.getDaqResolutionInfoInputPacketHandler
                0x0000000000003320        0x8 xcp_daq.o
 .text.getDaqResolutionInfoOutputPacketHandler
                0x0000000000003328       0x28 xcp_daq.o
 .text.getDaqProcessorInfoOutputPacketHandler
                0x0000000000003350       0x2a xcp_daq.o
 *fill*         0x000000000000337a        0x2 
 .text.allocOdtEntryInputPacketHandler
                0x000000000000337c       0x9c xcp_daq.o
 .text.allocOdtInputPacketHandler
                0x0000000000003418       0x80 xcp_daq.o
 .text.allocDaqInputPacketHandler
                0x0000000000003498       0x68 xcp_daq.o
 .text.createDaqReservedPool
                0x0000000000003500       0x48 xcp_daq.o
 .text.startStopSynchInputPacketHandler
                0x0000000000003548      0x124 xcp_daq.o
 .text.startStopDaqListInputPacketHandler
                0x000000000000366c      0x194 xcp_daq.o
 .text.startStopDaqListOutputPacketHandler
                0x0000000000003800       0x2c xcp_daq.o
 .text.xcpDaqInit
                0x000000000000382c       0x2c xcp_daq.o
                0x000000000000382c                xcpDaqInit
 .text.xcpDaqEvent
                0x0000000000003858      0x184 xcp_daq.o
                0x0000000000003858                xcpDaqEvent
 .text.xcpResetDaqListStatus
                0x00000000000039dc       0xac xcp_daq.o
                0x00000000000039dc                xcpResetDaqListStatus
 .text.freeDaqInputPacketHandler
                0x0000000000003a88       0x24 xcp_daq.o
 .text.xcpDaqReset
                0x0000000000003aac       0x14 xcp_daq.o
                0x0000000000003aac                xcpDaqReset
 .text.shortDownloadInputPacketHandler
                0x0000000000003ac0       0x5e xcp_calibration.o
 .text.downloadInputPacketHandler
                0x0000000000003b1e       0x3a xcp_calibration.o
 .text.xcpCalibrationInit
                0x0000000000003b58       0x10 xcp_calibration.o
                0x0000000000003b58                xcpCalibrationInit
 .text.xcpCalibrationReset
                0x0000000000003b68        0x2 xcp_calibration.o
                0x0000000000003b68                xcpCalibrationReset
 .text.xcpFifoInit
                0x0000000000003b6a        0x8 xcp_fifo.o
                0x0000000000003b6a                xcpFifoInit
 .text.xcpFifoEnqueue
                0x0000000000003b72        0xc xcp_fifo.o
                0x0000000000003b72                xcpFifoEnqueue
 .text.xcpFifoDequeue
                0x0000000000003b7e       0x16 xcp_fifo.o
                0x0000000000003b7e                xcpFifoDequeue
 .text.xcpFifoEnqueueHead
                0x0000000000003b94        0xe xcp_fifo.o
                0x0000000000003b94                xcpFifoEnqueueHead
 .text.xcpFifoReset
                0x0000000000003ba2        0x8 xcp_fifo.o
                0x0000000000003ba2                xcpFifoReset
 *fill*         0x0000000000003baa        0x2 
 .text.xcpTransportEmptyTxFifo
                0x0000000000003bac       0x44 xcp_transport.o
 .text.xcpTransportEmptyRxFifo
                0x0000000000003bf0       0x38 xcp_transport.o
 .text.xcpTransportTx
                0x0000000000003c28       0x80 xcp_transport.o
                0x0000000000003c28                xcpTransportTx
 .text.xcpTransportRx
                0x0000000000003ca8       0x50 xcp_transport.o
                0x0000000000003ca8                xcpTransportRx
 .text.xcpTransportPacketOffset
                0x0000000000003cf8        0xa xcp_transport.o
                0x0000000000003cf8                xcpTransportPacketOffset
 *fill*         0x0000000000003d02        0x2 
 .text.xcpTransportTxPacketSet
                0x0000000000003d04       0x80 xcp_transport.o
                0x0000000000003d04                xcpTransportTxPacketSet
 .text.xcpTransportRxPacketGet
                0x0000000000003d84       0x84 xcp_transport.o
                0x0000000000003d84                xcpTransportRxPacketGet
 .text.xcpTransportMsgBufferSize
                0x0000000000003e08       0x2a xcp_transport.o
                0x0000000000003e08                xcpTransportMsgBufferSize
 *fill*         0x0000000000003e32        0x2 
 .text.xcpTransportInit
                0x0000000000003e34       0x84 xcp_transport.o
                0x0000000000003e34                xcpTransportInit
 .text.xcpTransportMaxDtoSize
                0x0000000000003eb8        0x8 xcp_transport.o
                0x0000000000003eb8                xcpTransportMaxDtoSize
 .text.xcpTransportMaxCtoSize
                0x0000000000003ec0        0x8 xcp_transport.o
                0x0000000000003ec0                xcpTransportMaxCtoSize
 .text.xcpTransportRestart
                0x0000000000003ec8       0x16 xcp_transport.o
                0x0000000000003ec8                xcpTransportRestart
 .text.xcpTransportResynch
                0x0000000000003ede       0x12 xcp_transport.o
                0x0000000000003ede                xcpTransportResynch
 .text.xcpTransportCtoReservedMemPoolId
                0x0000000000003ef0        0xc xcp_transport.o
                0x0000000000003ef0                xcpTransportCtoReservedMemPoolId
 .text.xcpTransportReset
                0x0000000000003efc       0x58 xcp_transport.o
                0x0000000000003efc                xcpTransportReset
 .text.xcpInitializePoolMemoryArea
                0x0000000000003f54       0x28 xcp_mem_default.o
 .text.xcpMemInit
                0x0000000000003f7c       0x8c xcp_mem_default.o
                0x0000000000003f7c                xcpMemInit
 .text.xcpMemAlloc
                0x0000000000004008       0x74 xcp_mem_default.o
                0x0000000000004008                xcpMemAlloc
 .text.xcpMemFree
                0x000000000000407c       0x3c xcp_mem_default.o
                0x000000000000407c                xcpMemFree
 .text.xcpMemReservedPoolCreate
                0x00000000000040b8       0xf0 xcp_mem_default.o
                0x00000000000040b8                xcpMemReservedPoolCreate
 .text.xcpMemReservedPoolDestroy
                0x00000000000041a8       0xa8 xcp_mem_default.o
                0x00000000000041a8                xcpMemReservedPoolDestroy
 .text.xcpMemAllocFromPool
                0x0000000000004250       0x5c xcp_mem_default.o
                0x0000000000004250                xcpMemAllocFromPool
 .text.xcpMemReset
                0x00000000000042ac       0x44 xcp_mem_default.o
                0x00000000000042ac                xcpMemReset
 .text.xcpDrvOpen
                0x00000000000042f0       0x24 xcp_drv_rtiostream.o
                0x00000000000042f0                xcpDrvOpen
 .text.xcpDrvIoctl
                0x0000000000004314       0x18 xcp_drv_rtiostream.o
                0x0000000000004314                xcpDrvIoctl
 .text.xcpDrvSend
                0x000000000000432c       0x94 xcp_drv_rtiostream.o
                0x000000000000432c                xcpDrvSend
 .text.xcpDrvRecv
                0x00000000000043c0       0x88 xcp_drv_rtiostream.o
                0x00000000000043c0                xcpDrvRecv
 .text.xcpDrvClose
                0x0000000000004448       0x28 xcp_drv_rtiostream.o
                0x0000000000004448                xcpDrvClose
 .text.xcpSxiChecksum
                0x0000000000004470       0x20 xcp_frame_serial.o
                0x0000000000004470                xcpSxiChecksum
 .text.xcpFrameInit
                0x0000000000004490       0x3c xcp_frame_serial.o
                0x0000000000004490                xcpFrameInit
 .text.xcpFrameMsgSend
                0x00000000000044cc       0xa4 xcp_frame_serial.o
                0x00000000000044cc                xcpFrameMsgSend
 .text.xcpFrameMsgRecv
                0x0000000000004570       0xbc xcp_frame_serial.o
                0x0000000000004570                xcpFrameMsgRecv
 .text.xcpFrameCreateMsg
                0x000000000000462c       0x28 xcp_frame_serial.o
                0x000000000000462c                xcpFrameCreateMsg
 .text.xcpFrameExtractPacket
                0x0000000000004654       0xa8 xcp_frame_serial.o
                0x0000000000004654                xcpFrameExtractPacket
 .text.xcpFrameHeaderSize
                0x00000000000046fc        0x4 xcp_frame_serial.o
                0x00000000000046fc                xcpFrameHeaderSize
 .text.xcpFrameTailSize
                0x0000000000004700        0x4 xcp_frame_serial.o
                0x0000000000004700                xcpFrameTailSize
 .text.xcpFrameMaxDtoSize
                0x0000000000004704        0x8 xcp_frame_serial.o
                0x0000000000004704                xcpFrameMaxDtoSize
 .text.xcpFrameMaxCtoSize
                0x000000000000470c        0x4 xcp_frame_serial.o
                0x000000000000470c                xcpFrameMaxCtoSize
 .text.xcpFrameRestart
                0x0000000000004710       0x1c xcp_frame_serial.o
                0x0000000000004710                xcpFrameRestart
 .text.xcpFrameSetCtoReservedMemPoolId
                0x000000000000472c        0xc xcp_frame_serial.o
                0x000000000000472c                xcpFrameSetCtoReservedMemPoolId
 .text.xcpFrameReset
                0x0000000000004738       0x38 xcp_frame_serial.o
                0x0000000000004738                xcpFrameReset
 .text.xcpTransportGetInitParameters
                0x0000000000004770       0x10 xcp_ext_param_default_serial.o
                0x0000000000004770                xcpTransportGetInitParameters
 .text.xcpGetInitParameters
                0x0000000000004780       0x10 xcp_ext_param_default_serial.o
                0x0000000000004780                xcpGetInitParameters
 .text.Dummy_Handler
                0x0000000000004790        0x2 cortex_handlers.o
                0x0000000000004790                SYSCTRL_Handler
                0x0000000000004790                HardFault_Handler
                0x0000000000004790                AC_Handler
                0x0000000000004790                PendSV_Handler
                0x0000000000004790                NMI_Handler
                0x0000000000004790                TC7_Handler
                0x0000000000004790                SERCOM1_Handler
                0x0000000000004790                ADC_Handler
                0x0000000000004790                TCC1_Handler
                0x0000000000004790                TCC0_Handler
                0x0000000000004790                RTC_Handler
                0x0000000000004790                TC6_Handler
                0x0000000000004790                WDT_Handler
                0x0000000000004790                TC4_Handler
                0x0000000000004790                TC3_Handler
                0x0000000000004790                Dummy_Handler
                0x0000000000004790                PM_Handler
                0x0000000000004790                TCC2_Handler
                0x0000000000004790                EVSYS_Handler
                0x0000000000004790                SERCOM3_Handler
                0x0000000000004790                SERCOM4_Handler
                0x0000000000004790                I2S_Handler
                0x0000000000004790                NVMCTRL_Handler
                0x0000000000004790                DAC_Handler
                0x0000000000004790                PTC_Handler
                0x0000000000004790                DMAC_Handler
 *fill*         0x0000000000004792        0x2 
 .text.USB_Handler
                0x0000000000004794       0x14 cortex_handlers.o
                0x0000000000004794                USB_Handler
 .text.Reset_Handler
                0x00000000000047a8       0x54 cortex_handlers.o
                0x00000000000047a8                Reset_Handler
 .text.SysTick_Handler
                0x00000000000047fc       0x10 cortex_handlers.o
                0x00000000000047fc                SysTick_Handler
 .text.USB_SetHandler
                0x000000000000480c        0xc cortex_handlers.o
                0x000000000000480c                USB_SetHandler
 .text.__empty  0x0000000000004818        0x2 hooks.o
                0x0000000000004818                yield
 .text.__false  0x000000000000481a        0x4 hooks.o
                0x000000000000481a                sysTickHook
 *fill*         0x000000000000481e        0x2 
 .text.millis   0x0000000000004820        0xc delay.o
                0x0000000000004820                millis
 .text.delay    0x000000000000482c       0x20 delay.o
                0x000000000000482c                delay
 .text.SysTick_DefaultHandler
                0x000000000000484c       0x14 delay.o
                0x000000000000484c                SysTick_DefaultHandler
 .text.SystemInit
                0x0000000000004860      0x168 startup.o
                0x0000000000004860                SystemInit
 .text.EIC_Handler
                0x00000000000049c8       0x3c WInterrupts.o
                0x00000000000049c8                EIC_Handler
 .text.init     0x0000000000004a04       0xf0 wiring.o
                0x0000000000004a04                init
 .text.analogReference
                0x0000000000004af4       0x5c wiring_analog.o
                0x0000000000004af4                analogReference
 .text.pinMode  0x0000000000004b50       0xb4 wiring_digital.o
                0x0000000000004b50                pinMode
 .text.pinPeripheral
                0x0000000000004c04       0xc4 wiring_private.o
                0x0000000000004c04                pinPeripheral
 .text._ZNK9IPAddress7printToER5Print
                0x0000000000004cc8       0x3c IPAddress.o
                0x0000000000004cc8                IPAddress::printTo(Print&) const
 .text.startup._GLOBAL__sub_I__ZN9IPAddressC2Ev
                0x0000000000004d04       0x1c IPAddress.o
 .text._Znwj    0x0000000000004d20        0x8 new.o
                0x0000000000004d20                operator new(unsigned int)
 .text._ZdlPv   0x0000000000004d28        0x8 new.o
                0x0000000000004d28                operator delete(void*)
 .text._ZN5Print17availableForWriteEv
                0x0000000000004d30        0x4 Print.o
                0x0000000000004d30                Print::availableForWrite()
 .text._ZN5Print5writeEPKhj
                0x0000000000004d34       0x28 Print.o
                0x0000000000004d34                Print::write(unsigned char const*, unsigned int)
 .text._ZN5Print5printEmi.part.3
                0x0000000000004d5c        0xc Print.o
 .text._ZN5Print5writeEPKc
                0x0000000000004d68       0x1c Print.o
                0x0000000000004d68                Print::write(char const*)
 .text._ZN5Print5printEc
                0x0000000000004d84        0xa Print.o
                0x0000000000004d84                Print::print(char)
 .text._ZN5Print11printNumberEmh
                0x0000000000004d8e       0x4e Print.o
                0x0000000000004d8e                Print::printNumber(unsigned long, unsigned char)
 .text._ZN5Print5printEmi
                0x0000000000004ddc       0x14 Print.o
                0x0000000000004ddc                Print::print(unsigned long, int)
 .text._ZN5Print5printEhi
                0x0000000000004df0        0x8 Print.o
                0x0000000000004df0                Print::print(unsigned char, int)
 .text.initiateReset
                0x0000000000004df8        0xc Reset.o
                0x0000000000004df8                initiateReset
 .text.cancelReset
                0x0000000000004e04       0x10 Reset.o
                0x0000000000004e04                cancelReset
 .text.tickReset
                0x0000000000004e14       0x74 Reset.o
                0x0000000000004e14                tickReset
 .text._ZN6SERCOMC2EP6Sercom
                0x0000000000004e88        0x4 SERCOM.o
                0x0000000000004e88                SERCOM::SERCOM(Sercom*)
                0x0000000000004e88                SERCOM::SERCOM(Sercom*)
 .text._ZN6SERCOM9initFrameE18SercomUartCharSize15SercomDataOrder16SercomParityMode19SercomNumberStopBit
                0x0000000000004e8c       0x38 SERCOM.o
                0x0000000000004e8c                SERCOM::initFrame(SercomUartCharSize, SercomDataOrder, SercomParityMode, SercomNumberStopBit)
 .text._ZN6SERCOM8initPadsE15SercomUartTXPad11SercomRXPad
                0x0000000000004ec4       0x26 SERCOM.o
                0x0000000000004ec4                SERCOM::initPads(SercomUartTXPad, SercomRXPad)
 .text._ZN6SERCOM9resetUARTEv
                0x0000000000004eea       0x1c SERCOM.o
                0x0000000000004eea                SERCOM::resetUART()
 .text._ZN6SERCOM10enableUARTEv
                0x0000000000004f06       0x14 SERCOM.o
                0x0000000000004f06                SERCOM::enableUART()
 .text._ZN6SERCOM9flushUARTEv
                0x0000000000004f1a       0x10 SERCOM.o
                0x0000000000004f1a                SERCOM::flushUART()
 .text._ZN6SERCOM15clearStatusUARTEv
                0x0000000000004f2a        0x8 SERCOM.o
                0x0000000000004f2a                SERCOM::clearStatusUART()
 .text._ZN6SERCOM17availableDataUARTEv
                0x0000000000004f32        0xa SERCOM.o
                0x0000000000004f32                SERCOM::availableDataUART()
 .text._ZN6SERCOM11isUARTErrorEv
                0x0000000000004f3c        0x8 SERCOM.o
                0x0000000000004f3c                SERCOM::isUARTError()
 .text._ZN6SERCOM20acknowledgeUARTErrorEv
                0x0000000000004f44        0xe SERCOM.o
                0x0000000000004f44                SERCOM::acknowledgeUARTError()
 .text._ZN6SERCOM16isFrameErrorUARTEv
                0x0000000000004f52        0xa SERCOM.o
                0x0000000000004f52                SERCOM::isFrameErrorUART()
 .text._ZN6SERCOM19clearFrameErrorUARTEv
                0x0000000000004f5c        0xc SERCOM.o
                0x0000000000004f5c                SERCOM::clearFrameErrorUART()
 .text._ZN6SERCOM23isDataRegisterEmptyUARTEv
                0x0000000000004f68        0xa SERCOM.o
                0x0000000000004f68                SERCOM::isDataRegisterEmptyUART()
 .text._ZN6SERCOM12readDataUARTEv
                0x0000000000004f72        0x8 SERCOM.o
                0x0000000000004f72                SERCOM::readDataUART()
 .text._ZN6SERCOM13writeDataUARTEh
                0x0000000000004f7a        0xe SERCOM.o
                0x0000000000004f7a                SERCOM::writeDataUART(unsigned char)
 .text._ZN6SERCOM36enableDataRegisterEmptyInterruptUARTEv
                0x0000000000004f88        0x8 SERCOM.o
                0x0000000000004f88                SERCOM::enableDataRegisterEmptyInterruptUART()
 .text._ZN6SERCOM37disableDataRegisterEmptyInterruptUARTEv
                0x0000000000004f90        0x8 SERCOM.o
                0x0000000000004f90                SERCOM::disableDataRegisterEmptyInterruptUART()
 .text._ZN6SERCOM9resetWIREEv
                0x0000000000004f98       0x1c SERCOM.o
                0x0000000000004f98                SERCOM::resetWIRE()
 .text._ZN6SERCOM10enableWIREEv
                0x0000000000004fb4       0x28 SERCOM.o
                0x0000000000004fb4                SERCOM::enableWIRE()
 .text._ZN6SERCOM11disableWIREEv
                0x0000000000004fdc       0x14 SERCOM.o
                0x0000000000004fdc                SERCOM::disableWIRE()
 .text._ZN6SERCOM18prepareNackBitWIREEv
                0x0000000000004ff0       0x10 SERCOM.o
                0x0000000000004ff0                SERCOM::prepareNackBitWIRE()
 .text._ZN6SERCOM17prepareAckBitWIREEv
                0x0000000000005000       0x14 SERCOM.o
                0x0000000000005000                SERCOM::prepareAckBitWIRE()
 .text._ZN6SERCOM22prepareCommandBitsWireEh
                0x0000000000005014       0x2c SERCOM.o
                0x0000000000005014                SERCOM::prepareCommandBitsWire(unsigned char)
 .text._ZN6SERCOM21startTransmissionWIREEh23SercomWireReadWriteFlag
                0x0000000000005040       0x5e SERCOM.o
                0x0000000000005040                SERCOM::startTransmissionWIRE(unsigned char, SercomWireReadWriteFlag)
 .text._ZN6SERCOM18sendDataMasterWIREEh
                0x000000000000509e       0x22 SERCOM.o
                0x000000000000509e                SERCOM::sendDataMasterWIRE(unsigned char)
 .text._ZN6SERCOM17sendDataSlaveWIREEh
                0x00000000000050c0       0x1a SERCOM.o
                0x00000000000050c0                SERCOM::sendDataSlaveWIRE(unsigned char)
 .text._ZN6SERCOM11isSlaveWIREEv
                0x00000000000050da       0x12 SERCOM.o
                0x00000000000050da                SERCOM::isSlaveWIRE()
 .text._ZN6SERCOM15isDataReadyWIREEv
                0x00000000000050ec        0xa SERCOM.o
                0x00000000000050ec                SERCOM::isDataReadyWIRE()
 .text._ZN6SERCOM18isStopDetectedWIREEv
                0x00000000000050f6        0xa SERCOM.o
                0x00000000000050f6                SERCOM::isStopDetectedWIRE()
 .text._ZN6SERCOM21isRestartDetectedWIREEv
                0x0000000000005100        0xa SERCOM.o
                0x0000000000005100                SERCOM::isRestartDetectedWIRE()
 .text._ZN6SERCOM14isAddressMatchEv
                0x000000000000510a        0xa SERCOM.o
                0x000000000000510a                SERCOM::isAddressMatch()
 .text._ZN6SERCOM25isMasterReadOperationWIREEv
                0x0000000000005114        0xa SERCOM.o
                0x0000000000005114                SERCOM::isMasterReadOperationWIRE()
 .text._ZN6SERCOM12readDataWIREEv
                0x000000000000511e       0x1a SERCOM.o
                0x000000000000511e                SERCOM::readDataWIRE()
 .text._ZN6SERCOM13initClockNVICEv
                0x0000000000005138       0xac SERCOM.o
                0x0000000000005138                SERCOM::initClockNVIC()
 .text._ZN6SERCOM8initUARTE14SercomUartMode20SercomUartSampleRatem
                0x00000000000051e4       0x6c SERCOM.o
                0x00000000000051e4                SERCOM::initUART(SercomUartMode, SercomUartSampleRate, unsigned long)
 .text._ZN6SERCOM14initMasterWIREEm
                0x0000000000005250       0x54 SERCOM.o
                0x0000000000005250                SERCOM::initMasterWIRE(unsigned long)
 .text._ZN4UartcvbEv
                0x00000000000052a4        0x4 Uart.o
                0x00000000000052a4                Uart::operator bool()
 .text._ZN4Uart5beginEm
                0x00000000000052a8       0x10 Uart.o
                0x00000000000052a8                Uart::begin(unsigned long)
 .text._ZN4Uart4peekEv
                0x00000000000052b8       0x1a Uart.o
                0x00000000000052b8                Uart::peek()
 .text._ZN4Uart3endEv
                0x00000000000052d2       0x20 Uart.o
                0x00000000000052d2                Uart::end()
 *fill*         0x00000000000052f2        0x2 
 .text._ZN4UartC2EP6SERCOMhh11SercomRXPad15SercomUartTXPadhh
                0x00000000000052f4       0xa4 Uart.o
                0x00000000000052f4                Uart::Uart(SERCOM*, unsigned char, unsigned char, SercomRXPad, SercomUartTXPad, unsigned char, unsigned char)
                0x00000000000052f4                Uart::Uart(SERCOM*, unsigned char, unsigned char, SercomRXPad, SercomUartTXPad, unsigned char, unsigned char)
 .text._ZN4UartC2EP6SERCOMhh11SercomRXPad15SercomUartTXPad
                0x0000000000005398       0x24 Uart.o
                0x0000000000005398                Uart::Uart(SERCOM*, unsigned char, unsigned char, SercomRXPad, SercomUartTXPad)
                0x0000000000005398                Uart::Uart(SERCOM*, unsigned char, unsigned char, SercomRXPad, SercomUartTXPad)
 .text._ZN4Uart16extractNbStopBitEt
                0x00000000000053bc        0xe Uart.o
                0x00000000000053bc                Uart::extractNbStopBit(unsigned short)
 .text._ZN4Uart15extractCharSizeEt
                0x00000000000053ca       0x2c Uart.o
                0x00000000000053ca                Uart::extractCharSize(unsigned short)
 .text._ZN4Uart13extractParityEt
                0x00000000000053f6       0x18 Uart.o
                0x00000000000053f6                Uart::extractParity(unsigned short)
 *fill*         0x000000000000540e        0x2 
 .text._ZN4Uart5beginEmt
                0x0000000000005410       0xf8 Uart.o
                0x0000000000005410                Uart::begin(unsigned long, unsigned short)
 .text._ZN11RingBufferNILi256EE9availableEv
                0x0000000000005508       0x12 Uart.o
                0x0000000000005508                RingBufferN<256>::available()
 .text._ZN4Uart5flushEv
                0x000000000000551a       0x1a Uart.o
                0x000000000000551a                Uart::flush()
 .text._ZN4Uart9availableEv
                0x0000000000005534        0xa Uart.o
                0x0000000000005534                Uart::available()
 .text._ZN11RingBufferNILi256EE17availableForStoreEv
                0x000000000000553e       0x1e Uart.o
                0x000000000000553e                RingBufferN<256>::availableForStore()
 .text._ZN4Uart17availableForWriteEv
                0x000000000000555c        0xc Uart.o
                0x000000000000555c                Uart::availableForWrite()
 .text._ZN4Uart10IrqHandlerEv
                0x0000000000005568       0xc8 Uart.o
                0x0000000000005568                Uart::IrqHandler()
 .text._ZN4Uart5writeEh
                0x0000000000005630       0xb4 Uart.o
                0x0000000000005630                Uart::write(unsigned char)
 .text._ZN4Uart4readEv
                0x00000000000056e4       0x4c Uart.o
                0x00000000000056e4                Uart::read()
 .text._ZN7Serial_17availableForWriteEv
                0x0000000000005730        0x4 CDC.o
                0x0000000000005730                Serial_::availableForWrite()
 .text._ZN7Serial_5writeEh
                0x0000000000005734       0x14 CDC.o
                0x0000000000005734                Serial_::write(unsigned char)
 .text._ZN7Serial_9availableEv
                0x0000000000005748        0xc CDC.o
                0x0000000000005748                Serial_::available()
 .text._ZN7Serial_5flushEv
                0x0000000000005754        0xc CDC.o
                0x0000000000005754                Serial_::flush()
 .text._ZN7Serial_5writeEPKhj
                0x0000000000005760       0x1c CDC.o
                0x0000000000005760                Serial_::write(unsigned char const*, unsigned int)
 .text._ZN7Serial_4peekEv
                0x000000000000577c       0x1c CDC.o
                0x000000000000577c                Serial_::peek()
 .text._ZN7Serial_4readEv
                0x0000000000005798       0x24 CDC.o
                0x0000000000005798                Serial_::read()
 .text._Z16CDC_GetInterfacePh
                0x00000000000057bc       0x1c CDC.o
                0x00000000000057bc                CDC_GetInterface(unsigned char*)
 .text._Z9CDC_SetupR8USBSetup
                0x00000000000057d8       0x80 CDC.o
                0x00000000000057d8                CDC_Setup(USBSetup&)
 .text._ZN7Serial_5beginEm
                0x0000000000005858        0x2 CDC.o
                0x0000000000005858                Serial_::begin(unsigned long)
 *fill*         0x000000000000585a        0x2 
 .text.startup._GLOBAL__sub_I__Z17_CDC_GetInterfacev
                0x000000000000585c       0x28 CDC.o
 .text._ZN13PluggableUSB_12getInterfaceEPh
                0x0000000000005884       0x2a PluggableUSB.o
                0x0000000000005884                PluggableUSB_::getInterface(unsigned char*)
 .text._ZN13PluggableUSB_13getDescriptorER8USBSetup
                0x00000000000058ae       0x20 PluggableUSB.o
                0x00000000000058ae                PluggableUSB_::getDescriptor(USBSetup&)
 .text._ZN13PluggableUSB_12getShortNameEPc
                0x00000000000058ce       0x1e PluggableUSB.o
                0x00000000000058ce                PluggableUSB_::getShortName(char*)
 .text._ZN13PluggableUSB_5setupER8USBSetup
                0x00000000000058ec       0x24 PluggableUSB.o
                0x00000000000058ec                PluggableUSB_::setup(USBSetup&)
 .text._Z12PluggableUSBv
                0x0000000000005910       0x24 PluggableUSB.o
                0x0000000000005910                PluggableUSB()
 .text._ZL5utox8mPc
                0x0000000000005934       0x1c USBCore.o
 .text._ZN26DoubleBufferedEPOutHandlerD2Ev
                0x0000000000005950       0x1c USBCore.o
                0x0000000000005950                DoubleBufferedEPOutHandler::~DoubleBufferedEPOutHandler()
                0x0000000000005950                DoubleBufferedEPOutHandler::~DoubleBufferedEPOutHandler()
 .text._ZN26DoubleBufferedEPOutHandlerD0Ev
                0x000000000000596c       0x12 USBCore.o
                0x000000000000596c                DoubleBufferedEPOutHandler::~DoubleBufferedEPOutHandler()
 *fill*         0x000000000000597e        0x2 
 .text._ZN14USBDeviceClass6initEPEmm.part.4
                0x0000000000005980       0xc8 USBCore.o
 .text._ZN20USBDevice_SAMD21G18x5resetEv
                0x0000000000005a48       0x28 USBCore.o
                0x0000000000005a48                USBDevice_SAMD21G18x::reset()
 .text._ZN20USBDevice_SAMD21G18x9calibrateEv
                0x0000000000005a70       0x5c USBCore.o
                0x0000000000005a70                USBDevice_SAMD21G18x::calibrate()
 .text._ZN7__GuardC2Ev
                0x0000000000005acc        0xe USBCore.o
                0x0000000000005acc                __Guard::__Guard()
                0x0000000000005acc                __Guard::__Guard()
 .text._ZN7__GuardD2Ev
                0x0000000000005ada        0xe USBCore.o
                0x0000000000005ada                __Guard::~__Guard()
                0x0000000000005ada                __Guard::~__Guard()
 .text._ZNK26DoubleBufferedEPOutHandler9availableEv
                0x0000000000005ae8       0x5e USBCore.o
                0x0000000000005ae8                DoubleBufferedEPOutHandler::available() const
 *fill*         0x0000000000005b46        0x2 
 .text._ZN26DoubleBufferedEPOutHandler7releaseEv
                0x0000000000005b48       0x58 USBCore.o
                0x0000000000005b48                DoubleBufferedEPOutHandler::release()
 .text._ZN26DoubleBufferedEPOutHandler4recvEPvm
                0x0000000000005ba0      0x11c USBCore.o
                0x0000000000005ba0                DoubleBufferedEPOutHandler::recv(void*, unsigned long)
 .text._ZN26DoubleBufferedEPOutHandler14handleEndpointEv
                0x0000000000005cbc       0xc8 USBCore.o
                0x0000000000005cbc                DoubleBufferedEPOutHandler::handleEndpoint()
 .text._ZN14USBDeviceClass14SendInterfacesEPm
                0x0000000000005d84       0x2c USBCore.o
                0x0000000000005d84                USBDeviceClass::SendInterfaces(unsigned long*)
 .text._ZN14USBDeviceClass14handleEndpointEh
                0x0000000000005db0       0x40 USBCore.o
                0x0000000000005db0                USBDeviceClass::handleEndpoint(unsigned char)
 .text._ZN14USBDeviceClass4initEv
                0x0000000000005df0       0xc0 USBCore.o
                0x0000000000005df0                USBDeviceClass::init()
 .text._ZN14USBDeviceClass6attachEv
                0x0000000000005eb0       0x34 USBCore.o
                0x0000000000005eb0                USBDeviceClass::attach()
 .text._ZN14USBDeviceClass10setAddressEm
                0x0000000000005ee4       0x48 USBCore.o
                0x0000000000005ee4                USBDeviceClass::setAddress(unsigned long)
 .text._ZN14USBDeviceClass25handleClassInterfaceSetupER8USBSetup
                0x0000000000005f2c       0x40 USBCore.o
                0x0000000000005f2c                USBDeviceClass::handleClassInterfaceSetup(USBSetup&)
 .text._ZN14USBDeviceClass6initEPEmm
                0x0000000000005f6c       0xf8 USBCore.o
                0x0000000000005f6c                USBDeviceClass::initEP(unsigned long, unsigned long)
 .text._ZN14USBDeviceClass13initEndpointsEv
                0x0000000000006064       0x24 USBCore.o
                0x0000000000006064                USBDeviceClass::initEndpoints()
 .text._ZN14USBDeviceClass9availableEm
                0x0000000000006088       0x2c USBCore.o
                0x0000000000006088                USBDeviceClass::available(unsigned long)
 .text._ZN14USBDeviceClass5flushEm
                0x00000000000060b4       0x2c USBCore.o
                0x00000000000060b4                USBDeviceClass::flush(unsigned long)
 .text._ZN14USBDeviceClass14armRecvCtrlOUTEm
                0x00000000000060e0       0x60 USBCore.o
                0x00000000000060e0                USBDeviceClass::armRecvCtrlOUT(unsigned long)
 .text._ZN14USBDeviceClass11recvControlEPvm
                0x0000000000006140       0x3c USBCore.o
                0x0000000000006140                USBDeviceClass::recvControl(void*, unsigned long)
 .text._ZN14USBDeviceClass7armRecvEm
                0x000000000000617c       0x3c USBCore.o
                0x000000000000617c                USBDeviceClass::armRecv(unsigned long)
 .text._ZN14USBDeviceClass4recvEmPvm
                0x00000000000061b8       0xc0 USBCore.o
                0x00000000000061b8                USBDeviceClass::recv(unsigned long, void*, unsigned long)
 .text._ZN14USBDeviceClass4recvEm
                0x0000000000006278       0x1c USBCore.o
                0x0000000000006278                USBDeviceClass::recv(unsigned long)
 .text._ZN14USBDeviceClass4sendEmPKvm
                0x0000000000006294      0x10c USBCore.o
                0x0000000000006294                USBDeviceClass::send(unsigned long, void const*, unsigned long)
 .text._ZN14USBDeviceClass7armSendEmPKvm
                0x00000000000063a0       0x48 USBCore.o
                0x00000000000063a0                USBDeviceClass::armSend(unsigned long, void const*, unsigned long)
 .text._ZN14USBDeviceClass11sendControlEPKvm
                0x00000000000063e8       0x58 USBCore.o
                0x00000000000063e8                USBDeviceClass::sendControl(void const*, unsigned long)
 .text._ZN14USBDeviceClass20sendStringDescriptorEPKhh
                0x0000000000006440       0x68 USBCore.o
                0x0000000000006440                USBDeviceClass::sendStringDescriptor(unsigned char const*, unsigned char)
 .text._ZN14USBDeviceClass12packMessagesEb.part.6
                0x00000000000064a8       0x20 USBCore.o
 .text._ZN14USBDeviceClass17sendConfigurationEm
                0x00000000000064c8       0x90 USBCore.o
                0x00000000000064c8                USBDeviceClass::sendConfiguration(unsigned long)
 .text._ZN14USBDeviceClass14sendDescriptorER8USBSetup
                0x0000000000006558       0xec USBCore.o
                0x0000000000006558                USBDeviceClass::sendDescriptor(USBSetup&)
 .text._ZN14USBDeviceClass19handleStandardSetupER8USBSetup
                0x0000000000006644      0x118 USBCore.o
                0x0000000000006644                USBDeviceClass::handleStandardSetup(USBSetup&)
 .text._ZN14USBDeviceClass10ISRHandlerEv
                0x000000000000675c      0x108 USBCore.o
                0x000000000000675c                USBDeviceClass::ISRHandler()
 .text.UDD_Handler
                0x0000000000006864       0x10 USBCore.o
                0x0000000000006864                UDD_Handler
 .text.startup._GLOBAL__sub_I__ZN20USBDevice_SAMD21G18x5resetEv
                0x0000000000006874       0x10 USBCore.o
 .text.SERCOM5_Handler
                0x0000000000006884       0x10 variant.o
                0x0000000000006884                SERCOM5_Handler
 .text.SERCOM2_Handler
                0x0000000000006894       0x10 variant.o
                0x0000000000006894                SERCOM2_Handler
 .text.startup._GLOBAL__sub_I_g_APinDescription
                0x00000000000068a4       0xa0 variant.o
 .text.MW_Arduino_Init
                0x0000000000006944        0xe MW_ArduinoHWInit.o
                0x0000000000006944                MW_Arduino_Init
 .text.MW_Arduino_Terminate
                0x0000000000006952        0x8 MW_ArduinoHWInit.o
                0x0000000000006952                MW_Arduino_Terminate
 .text._ZL13Scheduler_Isrv
                0x000000000000695a        0xc arduinoARM_M0plusScheduler.o
 *fill*         0x0000000000006966        0x2 
 .text.TC5_Handler
                0x0000000000006968       0x20 arduinoARM_M0plusScheduler.o
                0x0000000000006968                TC5_Handler
 .text.Setup_SchedulerTimer
                0x0000000000006988       0xe4 arduinoARM_M0plusScheduler.o
                0x0000000000006988                Setup_SchedulerTimer
 .text.configureArduinoARM_M0plusTimer
                0x0000000000006a6c       0x20 arduinoARM_M0plusScheduler.o
                0x0000000000006a6c                configureArduinoARM_M0plusTimer
 .text.disable_rt_OneStep
                0x0000000000006a8c       0x10 arduinoARM_M0plusScheduler.o
                0x0000000000006a8c                disable_rt_OneStep
 .text.MW_Arduino_Loop
                0x0000000000006a9c        0x4 arduinoARM_M0plusScheduler.o
                0x0000000000006a9c                MW_Arduino_Loop
 .text.arm_cortex_m_call_thread_with_context_switch
                0x0000000000006aa0       0x24 m0m1m0plus_multitasking.o
                0x0000000000006aa0                arm_cortex_m_call_thread_with_context_switch
 .text.SVC_Handler
                0x0000000000006ac4       0x2c m0m1m0plus_multitasking.o
                0x0000000000006ac4                SVC_Handler
 .text.rtIOStreamOpen
                0x0000000000006af0       0x28 rtiostream_serial_daemon.o
                0x0000000000006af0                rtIOStreamOpen
 .text.rtIOStreamRecv
                0x0000000000006b18       0x64 rtiostream_serial_daemon.o
                0x0000000000006b18                rtIOStreamRecv
 .text.rtIOStreamClose
                0x0000000000006b7c       0x24 rtiostream_serial_daemon.o
                0x0000000000006b7c                rtIOStreamClose
 .text.rtIOStreamSend
                0x0000000000006ba0       0x18 rtiostream_serial_daemon.o
                0x0000000000006ba0                rtIOStreamSend
 .text.sys_arch_protect
                0x0000000000006bb8        0x8 sys_arch.o
                0x0000000000006bb8                sys_arch_protect
 .text.sys_arch_unprotect
                0x0000000000006bc0        0x6 sys_arch.o
                0x0000000000006bc0                sys_arch_unprotect
 .text._ZN7TwoWire5writeEPKhj
                0x0000000000006bc6       0x24 Wire.o
                0x0000000000006bc6                TwoWire::write(unsigned char const*, unsigned int)
 .text._ZN7TwoWire5flushEv
                0x0000000000006bea        0x2 Wire.o
                0x0000000000006bea                TwoWire::flush()
 .text._ZN7TwoWire4peekEv
                0x0000000000006bec       0x1a Wire.o
                0x0000000000006bec                TwoWire::peek()
 .text._ZN7TwoWire9availableEv
                0x0000000000006c06       0x12 Wire.o
                0x0000000000006c06                TwoWire::available()
 .text._ZN7TwoWireC2EP6SERCOMhh
                0x0000000000006c18       0x5c Wire.o
                0x0000000000006c18                TwoWire::TwoWire(SERCOM*, unsigned char, unsigned char)
                0x0000000000006c18                TwoWire::TwoWire(SERCOM*, unsigned char, unsigned char)
 .text._ZN7TwoWire5beginEv
                0x0000000000006c74       0x40 Wire.o
                0x0000000000006c74                TwoWire::begin()
 .text._ZN7TwoWire8setClockEm
                0x0000000000006cb4       0x1c Wire.o
                0x0000000000006cb4                TwoWire::setClock(unsigned long)
 .text._ZN7TwoWire3endEv
                0x0000000000006cd0        0xa Wire.o
                0x0000000000006cd0                TwoWire::end()
 .text._ZN7TwoWire17beginTransmissionEh
                0x0000000000006cda       0x18 Wire.o
                0x0000000000006cda                TwoWire::beginTransmission(unsigned char)
 .text._ZN11RingBufferNILi256EE10store_charEh
                0x0000000000006cf2       0x1a Wire.o
                0x0000000000006cf2                RingBufferN<256>::store_char(unsigned char)
 .text._ZN7TwoWire11requestFromEhjb
                0x0000000000006d0c       0x76 Wire.o
                0x0000000000006d0c                TwoWire::requestFrom(unsigned char, unsigned int, bool)
 .text._ZN7TwoWire11requestFromEhj
                0x0000000000006d82        0xa Wire.o
                0x0000000000006d82                TwoWire::requestFrom(unsigned char, unsigned int)
 .text._ZN7TwoWire5writeEh
                0x0000000000006d8c       0x2a Wire.o
                0x0000000000006d8c                TwoWire::write(unsigned char)
 .text._ZN11RingBufferNILi256EE9read_charEv
                0x0000000000006db6       0x20 Wire.o
                0x0000000000006db6                RingBufferN<256>::read_char()
 .text._ZN7TwoWire15endTransmissionEb
                0x0000000000006dd6       0x72 Wire.o
                0x0000000000006dd6                TwoWire::endTransmission(bool)
 .text._ZN7TwoWire4readEv
                0x0000000000006e48        0xa Wire.o
                0x0000000000006e48                TwoWire::read()
 .text._ZN7TwoWire9onServiceEv
                0x0000000000006e52      0x11c Wire.o
                0x0000000000006e52                TwoWire::onService()
 *fill*         0x0000000000006f6e        0x2 
 .text.SERCOM0_Handler
                0x0000000000006f70       0x10 Wire.o
                0x0000000000006f70                SERCOM0_Handler
 .text.startup._GLOBAL__sub_I__ZN7TwoWireC2EP6SERCOMhh
                0x0000000000006f80       0x18 Wire.o
 .text.rt_OneStep
                0x0000000000006f98       0x38 ert_main.o
                0x0000000000006f98                rt_OneStep
 .text.startup.main
                0x0000000000006fd0       0xfc ert_main.o
                0x0000000000006fd0                main
 .text.__fpclassifyd
                0x00000000000070cc       0x60 /Users/emiliendurif/Documents/MATLAB/SupportPackages/R2019b/3P.instrset/arduinoide.instrset/idepkgs/packages/arduino/tools/arm-none-eabi-gcc/4.8.3-2014q1/bin/../lib/gcc/arm-none-eabi/4.8.3/../../../../arm-none-eabi/lib/armv6-m/libm.a(lib_a-s_fpclassify.o)
                0x00000000000070cc                __fpclassifyd
 *fill*         0x000000000000712c        0x4 
 .text.fmod     0x0000000000007130       0xd0 /Users/emiliendurif/Documents/MATLAB/SupportPackages/R2019b/3P.instrset/arduinoide.instrset/idepkgs/packages/arduino/tools/arm-none-eabi-gcc/4.8.3-2014q1/bin/../lib/gcc/arm-none-eabi/4.8.3/../../../../arm-none-eabi/lib/armv6-m/libm.a(lib_a-w_fmod.o)
                0x0000000000007130                fmod
 .text.__ieee754_fmod
                0x0000000000007200      0x29c /Users/emiliendurif/Documents/MATLAB/SupportPackages/R2019b/3P.instrset/arduinoide.instrset/idepkgs/packages/arduino/tools/arm-none-eabi-gcc/4.8.3-2014q1/bin/../lib/gcc/arm-none-eabi/4.8.3/../../../../arm-none-eabi/lib/armv6-m/libm.a(lib_a-e_fmod.o)
                0x0000000000007200                __ieee754_fmod
 .text.matherr  0x000000000000749c        0x4 /Users/emiliendurif/Documents/MATLAB/SupportPackages/R2019b/3P.instrset/arduinoide.instrset/idepkgs/packages/arduino/tools/arm-none-eabi-gcc/4.8.3-2014q1/bin/../lib/gcc/arm-none-eabi/4.8.3/../../../../arm-none-eabi/lib/armv6-m/libm.a(lib_a-s_matherr.o)
                0x000000000000749c                matherr
 .text          0x00000000000074a0       0x14 /Users/emiliendurif/Documents/MATLAB/SupportPackages/R2019b/3P.instrset/arduinoide.instrset/idepkgs/packages/arduino/tools/arm-none-eabi-gcc/4.8.3-2014q1/bin/../lib/gcc/arm-none-eabi/4.8.3/armv6-m/libgcc.a(_thumb1_case_uqi.o)
                0x00000000000074a0                __gnu_thumb1_case_uqi
 .text          0x00000000000074b4       0x9c /Users/emiliendurif/Documents/MATLAB/SupportPackages/R2019b/3P.instrset/arduinoide.instrset/idepkgs/packages/arduino/tools/arm-none-eabi-gcc/4.8.3-2014q1/bin/../lib/gcc/arm-none-eabi/4.8.3/armv6-m/libgcc.a(_udivsi3.o)
                0x00000000000074b4                __udivsi3
                0x00000000000074b4                __aeabi_uidiv
                0x000000000000753c                __aeabi_uidivmod
 .text          0x0000000000007550        0x4 /Users/emiliendurif/Documents/MATLAB/SupportPackages/R2019b/3P.instrset/arduinoide.instrset/idepkgs/packages/arduino/tools/arm-none-eabi-gcc/4.8.3-2014q1/bin/../lib/gcc/arm-none-eabi/4.8.3/armv6-m/libgcc.a(_dvmd_tls.o)
                0x0000000000007550                __aeabi_ldiv0
                0x0000000000007550                __aeabi_idiv0
 .text          0x0000000000007554       0x7c /Users/emiliendurif/Documents/MATLAB/SupportPackages/R2019b/3P.instrset/arduinoide.instrset/idepkgs/packages/arduino/tools/arm-none-eabi-gcc/4.8.3-2014q1/bin/../lib/gcc/arm-none-eabi/4.8.3/armv6-m/libgcc.a(_arm_cmpdf2.o)
                0x0000000000007554                __aeabi_cdrcmple
                0x0000000000007564                __aeabi_cdcmple
                0x0000000000007564                __aeabi_cdcmpeq
                0x0000000000007574                __aeabi_dcmpeq
                0x0000000000007580                __aeabi_dcmplt
                0x0000000000007594                __aeabi_dcmple
                0x00000000000075a8                __aeabi_dcmpgt
                0x00000000000075bc                __aeabi_dcmpge
 .text          0x00000000000075d0       0x40 /Users/emiliendurif/Documents/MATLAB/SupportPackages/R2019b/3P.instrset/arduinoide.instrset/idepkgs/packages/arduino/tools/arm-none-eabi-gcc/4.8.3-2014q1/bin/../lib/gcc/arm-none-eabi/4.8.3/armv6-m/libgcc.a(_fixunsdfsi.o)
                0x00000000000075d0                __fixunsdfsi
                0x00000000000075d0                __aeabi_d2uiz
 .text          0x0000000000007610      0x638 /Users/emiliendurif/Documents/MATLAB/SupportPackages/R2019b/3P.instrset/arduinoide.instrset/idepkgs/packages/arduino/tools/arm-none-eabi-gcc/4.8.3-2014q1/bin/../lib/gcc/arm-none-eabi/4.8.3/armv6-m/libgcc.a(adddf3.o)
                0x0000000000007610                __aeabi_dadd
 .text          0x0000000000007c48      0x648 /Users/emiliendurif/Documents/MATLAB/SupportPackages/R2019b/3P.instrset/arduinoide.instrset/idepkgs/packages/arduino/tools/arm-none-eabi-gcc/4.8.3-2014q1/bin/../lib/gcc/arm-none-eabi/4.8.3/armv6-m/libgcc.a(divdf3.o)
                0x0000000000007c48                __aeabi_ddiv
 .text          0x0000000000008290       0x94 /Users/emiliendurif/Documents/MATLAB/SupportPackages/R2019b/3P.instrset/arduinoide.instrset/idepkgs/packages/arduino/tools/arm-none-eabi-gcc/4.8.3-2014q1/bin/../lib/gcc/arm-none-eabi/4.8.3/armv6-m/libgcc.a(eqdf2.o)
                0x0000000000008290                __eqdf2
                0x0000000000008290                __nedf2
 .text          0x0000000000008324       0xfc /Users/emiliendurif/Documents/MATLAB/SupportPackages/R2019b/3P.instrset/arduinoide.instrset/idepkgs/packages/arduino/tools/arm-none-eabi-gcc/4.8.3-2014q1/bin/../lib/gcc/arm-none-eabi/4.8.3/armv6-m/libgcc.a(gedf2.o)
                0x0000000000008324                __gtdf2
                0x0000000000008324                __gedf2
 .text          0x0000000000008420       0xfc /Users/emiliendurif/Documents/MATLAB/SupportPackages/R2019b/3P.instrset/arduinoide.instrset/idepkgs/packages/arduino/tools/arm-none-eabi-gcc/4.8.3-2014q1/bin/../lib/gcc/arm-none-eabi/4.8.3/armv6-m/libgcc.a(ledf2.o)
                0x0000000000008420                __ltdf2
                0x0000000000008420                __ledf2
 .text          0x000000000000851c      0x520 /Users/emiliendurif/Documents/MATLAB/SupportPackages/R2019b/3P.instrset/arduinoide.instrset/idepkgs/packages/arduino/tools/arm-none-eabi-gcc/4.8.3-2014q1/bin/../lib/gcc/arm-none-eabi/4.8.3/armv6-m/libgcc.a(muldf3.o)
                0x000000000000851c                __aeabi_dmul
 .text          0x0000000000008a3c      0x654 /Users/emiliendurif/Documents/MATLAB/SupportPackages/R2019b/3P.instrset/arduinoide.instrset/idepkgs/packages/arduino/tools/arm-none-eabi-gcc/4.8.3-2014q1/bin/../lib/gcc/arm-none-eabi/4.8.3/armv6-m/libgcc.a(subdf3.o)
                0x0000000000008a3c                __aeabi_dsub
 .text          0x0000000000009090       0x68 /Users/emiliendurif/Documents/MATLAB/SupportPackages/R2019b/3P.instrset/arduinoide.instrset/idepkgs/packages/arduino/tools/arm-none-eabi-gcc/4.8.3-2014q1/bin/../lib/gcc/arm-none-eabi/4.8.3/armv6-m/libgcc.a(fixdfsi.o)
                0x0000000000009090                __aeabi_d2iz
 .text          0x00000000000090f8       0x7c /Users/emiliendurif/Documents/MATLAB/SupportPackages/R2019b/3P.instrset/arduinoide.instrset/idepkgs/packages/arduino/tools/arm-none-eabi-gcc/4.8.3-2014q1/bin/../lib/gcc/arm-none-eabi/4.8.3/armv6-m/libgcc.a(floatsidf.o)
                0x00000000000090f8                __aeabi_i2d
 .text          0x0000000000009174       0x68 /Users/emiliendurif/Documents/MATLAB/SupportPackages/R2019b/3P.instrset/arduinoide.instrset/idepkgs/packages/arduino/tools/arm-none-eabi-gcc/4.8.3-2014q1/bin/../lib/gcc/arm-none-eabi/4.8.3/armv6-m/libgcc.a(floatunsidf.o)
                0x0000000000009174                __aeabi_ui2d
 .text          0x00000000000091dc       0x3c /Users/emiliendurif/Documents/MATLAB/SupportPackages/R2019b/3P.instrset/arduinoide.instrset/idepkgs/packages/arduino/tools/arm-none-eabi-gcc/4.8.3-2014q1/bin/../lib/gcc/arm-none-eabi/4.8.3/armv6-m/libgcc.a(_clzsi2.o)
                0x00000000000091dc                __clzsi2
 .text.__errno  0x0000000000009218        0xc /Users/emiliendurif/Documents/MATLAB/SupportPackages/R2019b/3P.instrset/arduinoide.instrset/idepkgs/packages/arduino/tools/arm-none-eabi-gcc/4.8.3-2014q1/bin/../lib/gcc/arm-none-eabi/4.8.3/../../../../arm-none-eabi/lib/armv6-m/libg_s.a(lib_a-errno.o)
                0x0000000000009218                __errno
 .text.exit     0x0000000000009224       0x2c /Users/emiliendurif/Documents/MATLAB/SupportPackages/R2019b/3P.instrset/arduinoide.instrset/idepkgs/packages/arduino/tools/arm-none-eabi-gcc/4.8.3-2014q1/bin/../lib/gcc/arm-none-eabi/4.8.3/../../../../arm-none-eabi/lib/armv6-m/libg_s.a(lib_a-exit.o)
                0x0000000000009224                exit
 .text.__libc_init_array
                0x0000000000009250       0x4c /Users/emiliendurif/Documents/MATLAB/SupportPackages/R2019b/3P.instrset/arduinoide.instrset/idepkgs/packages/arduino/tools/arm-none-eabi-gcc/4.8.3-2014q1/bin/../lib/gcc/arm-none-eabi/4.8.3/../../../../arm-none-eabi/lib/armv6-m/libg_s.a(lib_a-init.o)
                0x0000000000009250                __libc_init_array
 .text.malloc   0x000000000000929c       0x14 /Users/emiliendurif/Documents/MATLAB/SupportPackages/R2019b/3P.instrset/arduinoide.instrset/idepkgs/packages/arduino/tools/arm-none-eabi-gcc/4.8.3-2014q1/bin/../lib/gcc/arm-none-eabi/4.8.3/../../../../arm-none-eabi/lib/armv6-m/libg_s.a(lib_a-malloc.o)
                0x000000000000929c                malloc
 .text.free     0x00000000000092b0       0x14 /Users/emiliendurif/Documents/MATLAB/SupportPackages/R2019b/3P.instrset/arduinoide.instrset/idepkgs/packages/arduino/tools/arm-none-eabi-gcc/4.8.3-2014q1/bin/../lib/gcc/arm-none-eabi/4.8.3/../../../../arm-none-eabi/lib/armv6-m/libg_s.a(lib_a-malloc.o)
                0x00000000000092b0                free
 .text.memcpy   0x00000000000092c4       0x12 /Users/emiliendurif/Documents/MATLAB/SupportPackages/R2019b/3P.instrset/arduinoide.instrset/idepkgs/packages/arduino/tools/arm-none-eabi-gcc/4.8.3-2014q1/bin/../lib/gcc/arm-none-eabi/4.8.3/../../../../arm-none-eabi/lib/armv6-m/libg_s.a(lib_a-memcpy-stub.o)
                0x00000000000092c4                memcpy
 .text.memset   0x00000000000092d6       0x10 /Users/emiliendurif/Documents/MATLAB/SupportPackages/R2019b/3P.instrset/arduinoide.instrset/idepkgs/packages/arduino/tools/arm-none-eabi-gcc/4.8.3-2014q1/bin/../lib/gcc/arm-none-eabi/4.8.3/../../../../arm-none-eabi/lib/armv6-m/libg_s.a(lib_a-memset.o)
                0x00000000000092d6                memset
 *fill*         0x00000000000092e6        0x2 
 .text._free_r  0x00000000000092e8       0x90 /Users/emiliendurif/Documents/MATLAB/SupportPackages/R2019b/3P.instrset/arduinoide.instrset/idepkgs/packages/arduino/tools/arm-none-eabi-gcc/4.8.3-2014q1/bin/../lib/gcc/arm-none-eabi/4.8.3/../../../../arm-none-eabi/lib/armv6-m/libg_s.a(lib_a-nano-freer.o)
                0x00000000000092e8                _free_r
 .text._malloc_r
                0x0000000000009378       0xa8 /Users/emiliendurif/Documents/MATLAB/SupportPackages/R2019b/3P.instrset/arduinoide.instrset/idepkgs/packages/arduino/tools/arm-none-eabi-gcc/4.8.3-2014q1/bin/../lib/gcc/arm-none-eabi/4.8.3/../../../../arm-none-eabi/lib/armv6-m/libg_s.a(lib_a-nano-mallocr.o)
                0x0000000000009378                _malloc_r
 .text._sbrk_r  0x0000000000009420       0x24 /Users/emiliendurif/Documents/MATLAB/SupportPackages/R2019b/3P.instrset/arduinoide.instrset/idepkgs/packages/arduino/tools/arm-none-eabi-gcc/4.8.3-2014q1/bin/../lib/gcc/arm-none-eabi/4.8.3/../../../../arm-none-eabi/lib/armv6-m/libg_s.a(lib_a-sbrkr.o)
                0x0000000000009420                _sbrk_r
 .text.strlen   0x0000000000009444        0xe /Users/emiliendurif/Documents/MATLAB/SupportPackages/R2019b/3P.instrset/arduinoide.instrset/idepkgs/packages/arduino/tools/arm-none-eabi-gcc/4.8.3-2014q1/bin/../lib/gcc/arm-none-eabi/4.8.3/../../../../arm-none-eabi/lib/armv6-m/libg_s.a(lib_a-strlen.o)
                0x0000000000009444                strlen
 *fill*         0x0000000000009452        0x2 
 .text._sbrk    0x0000000000009454       0x34 /Users/emiliendurif/Documents/MATLAB/SupportPackages/R2019b/3P.instrset/arduinoide.instrset/idepkgs/packages/arduino/tools/arm-none-eabi-gcc/4.8.3-2014q1/bin/../lib/gcc/arm-none-eabi/4.8.3/../../../../arm-none-eabi/lib/armv6-m/libnosys.a(sbrk.o)
                0x0000000000009454                _sbrk
 .text._exit    0x0000000000009488        0x4 /Users/emiliendurif/Documents/MATLAB/SupportPackages/R2019b/3P.instrset/arduinoide.instrset/idepkgs/packages/arduino/tools/arm-none-eabi-gcc/4.8.3-2014q1/bin/../lib/gcc/arm-none-eabi/4.8.3/../../../../arm-none-eabi/lib/armv6-m/libnosys.a(_exit.o)
                0x0000000000009488                _exit
 *(.init)
 .init          0x000000000000948c        0x4 /Users/emiliendurif/Documents/MATLAB/SupportPackages/R2019b/3P.instrset/arduinoide.instrset/idepkgs/packages/arduino/tools/arm-none-eabi-gcc/4.8.3-2014q1/bin/../lib/gcc/arm-none-eabi/4.8.3/armv6-m/crti.o
                0x000000000000948c                _init
 .init          0x0000000000009490        0x8 /Users/emiliendurif/Documents/MATLAB/SupportPackages/R2019b/3P.instrset/arduinoide.instrset/idepkgs/packages/arduino/tools/arm-none-eabi-gcc/4.8.3-2014q1/bin/../lib/gcc/arm-none-eabi/4.8.3/armv6-m/crtn.o
 *(.fini)
 .fini          0x0000000000009498        0x4 /Users/emiliendurif/Documents/MATLAB/SupportPackages/R2019b/3P.instrset/arduinoide.instrset/idepkgs/packages/arduino/tools/arm-none-eabi-gcc/4.8.3-2014q1/bin/../lib/gcc/arm-none-eabi/4.8.3/armv6-m/crti.o
                0x0000000000009498                _fini
 .fini          0x000000000000949c        0x8 /Users/emiliendurif/Documents/MATLAB/SupportPackages/R2019b/3P.instrset/arduinoide.instrset/idepkgs/packages/arduino/tools/arm-none-eabi-gcc/4.8.3-2014q1/bin/../lib/gcc/arm-none-eabi/4.8.3/armv6-m/crtn.o
 *crtbegin.o(.ctors)
 *crtbegin?.o(.ctors)
 *(EXCLUDE_FILE(*crtend.o *crtend?.o) .ctors)
 *(SORT(.ctors.*))
 *(.ctors)
 *crtbegin.o(.dtors)
 *crtbegin?.o(.dtors)
 *(EXCLUDE_FILE(*crtend.o *crtend?.o) .dtors)
 *(SORT(.dtors.*))
 *(.dtors)
 *(.rodata*)
 .rodata.rtAlwaysEnabled.12802
                0x00000000000094a4        0x1 untitled.o
 .rodata.str1.1
                0x00000000000094a5       0x14 untitled.o
 *fill*         0x00000000000094b9        0x3 
 .rodata.untitled_M
                0x00000000000094bc        0x4 untitled.o
                0x00000000000094bc                untitled_M
 .rodata.xcpMemMainBlocksNumber
                0x00000000000094c0        0xc xcp_mem_default.o
 .rodata.xcpMemMainBlockSizes
                0x00000000000094cc        0xc xcp_mem_default.o
 .rodata._ZTV9IPAddress
                0x00000000000094d8       0x10 IPAddress.o
                0x00000000000094d8                vtable for IPAddress
 .rodata._ZTV4Uart
                0x00000000000094e8       0x38 Uart.o
                0x00000000000094e8                vtable for Uart
 .rodata._ZTV7Serial_
                0x0000000000009520       0x28 CDC.o
                0x0000000000009520                vtable for Serial_
 .rodata._ZTV26DoubleBufferedEPOutHandler
                0x0000000000009548       0x20 USBCore.o
                0x0000000000009548                vtable for DoubleBufferedEPOutHandler
 .rodata._ZL19STRING_MANUFACTURER
                0x0000000000009568        0xc USBCore.o
 .rodata._ZL15STRING_LANGUAGE
                0x0000000000009574        0x4 USBCore.o
 .rodata._ZL21USB_DeviceDescriptorB
                0x0000000000009578       0x12 USBCore.o
 .rodata._ZL14STRING_PRODUCT
                0x000000000000958a       0x16 USBCore.o
 .rodata.g_APinDescription
                0x00000000000095a0      0x360 variant.o
                0x00000000000095a0                g_APinDescription
 .rodata._ZTV7TwoWire
                0x0000000000009900       0x28 Wire.o
                0x0000000000009900                vtable for TwoWire
 .rodata.str1.4
                0x0000000000009928        0x8 /Users/emiliendurif/Documents/MATLAB/SupportPackages/R2019b/3P.instrset/arduinoide.instrset/idepkgs/packages/arduino/tools/arm-none-eabi-gcc/4.8.3-2014q1/bin/../lib/gcc/arm-none-eabi/4.8.3/../../../../arm-none-eabi/lib/armv6-m/libm.a(lib_a-w_fmod.o)
 .rodata.Zero   0x0000000000009930       0x10 /Users/emiliendurif/Documents/MATLAB/SupportPackages/R2019b/3P.instrset/arduinoide.instrset/idepkgs/packages/arduino/tools/arm-none-eabi-gcc/4.8.3-2014q1/bin/../lib/gcc/arm-none-eabi/4.8.3/../../../../arm-none-eabi/lib/armv6-m/libm.a(lib_a-e_fmod.o)
 .rodata        0x0000000000009940       0x40 /Users/emiliendurif/Documents/MATLAB/SupportPackages/R2019b/3P.instrset/arduinoide.instrset/idepkgs/packages/arduino/tools/arm-none-eabi-gcc/4.8.3-2014q1/bin/../lib/gcc/arm-none-eabi/4.8.3/armv6-m/libgcc.a(divdf3.o)
 .rodata        0x0000000000009980       0x40 /Users/emiliendurif/Documents/MATLAB/SupportPackages/R2019b/3P.instrset/arduinoide.instrset/idepkgs/packages/arduino/tools/arm-none-eabi-gcc/4.8.3-2014q1/bin/../lib/gcc/arm-none-eabi/4.8.3/armv6-m/libgcc.a(muldf3.o)
 .rodata.str1.1
                0x00000000000099c0        0x2 /Users/emiliendurif/Documents/MATLAB/SupportPackages/R2019b/3P.instrset/arduinoide.instrset/idepkgs/packages/arduino/tools/arm-none-eabi-gcc/4.8.3-2014q1/bin/../lib/gcc/arm-none-eabi/4.8.3/../../../../arm-none-eabi/lib/armv6-m/libg_s.a(lib_a-impure.o)
 *fill*         0x00000000000099c2        0x2 
 .rodata._global_impure_ptr
                0x00000000000099c4        0x4 /Users/emiliendurif/Documents/MATLAB/SupportPackages/R2019b/3P.instrset/arduinoide.instrset/idepkgs/packages/arduino/tools/arm-none-eabi-gcc/4.8.3-2014q1/bin/../lib/gcc/arm-none-eabi/4.8.3/../../../../arm-none-eabi/lib/armv6-m/libg_s.a(lib_a-impure.o)
                0x00000000000099c4                _global_impure_ptr
 *(.eh_frame*)
 .eh_frame      0x00000000000099c8        0x0 /Users/emiliendurif/Documents/MATLAB/SupportPackages/R2019b/3P.instrset/arduinoide.instrset/idepkgs/packages/arduino/tools/arm-none-eabi-gcc/4.8.3-2014q1/bin/../lib/gcc/arm-none-eabi/4.8.3/armv6-m/crtbegin.o
 .eh_frame      0x00000000000099c8        0x4 /Users/emiliendurif/Documents/MATLAB/SupportPackages/R2019b/3P.instrset/arduinoide.instrset/idepkgs/packages/arduino/tools/arm-none-eabi-gcc/4.8.3-2014q1/bin/../lib/gcc/arm-none-eabi/4.8.3/armv6-m/crtend.o

.glue_7         0x00000000000099cc        0x0
 .glue_7        0x0000000000000000        0x0 linker stubs

.glue_7t        0x00000000000099cc        0x0
 .glue_7t       0x0000000000000000        0x0 linker stubs

.vfp11_veneer   0x00000000000099cc        0x0
 .vfp11_veneer  0x0000000000000000        0x0 linker stubs

.v4_bx          0x00000000000099cc        0x0
 .v4_bx         0x0000000000000000        0x0 linker stubs

.iplt           0x00000000000099cc        0x0
 .iplt          0x0000000000000000        0x0 /Users/emiliendurif/Documents/MATLAB/SupportPackages/R2019b/3P.instrset/arduinoide.instrset/idepkgs/packages/arduino/tools/arm-none-eabi-gcc/4.8.3-2014q1/bin/../lib/gcc/arm-none-eabi/4.8.3/armv6-m/crtbegin.o

.rel.dyn        0x00000000000099cc        0x0
 .rel.iplt      0x0000000000000000        0x0 /Users/emiliendurif/Documents/MATLAB/SupportPackages/R2019b/3P.instrset/arduinoide.instrset/idepkgs/packages/arduino/tools/arm-none-eabi-gcc/4.8.3-2014q1/bin/../lib/gcc/arm-none-eabi/4.8.3/armv6-m/crtbegin.o

.ARM.extab
 *(.ARM.extab* .gnu.linkonce.armextab.*)
                0x00000000000099cc                __exidx_start = .

.ARM.exidx
 *(.ARM.exidx* .gnu.linkonce.armexidx.*)
                0x00000000000099cc                __exidx_end = .
                0x00000000000099cc                __etext = .

.data           0x0000000020000000      0x230 load address 0x00000000000099cc
                0x0000000020000000                __data_start__ = .
 *(vtable)
 *(.data*)
 .data._ZL10mw_I2C_dev
                0x0000000020000000        0x8 MW_arduinoI2C.o
 .data.untitled_P
                0x0000000020000008        0x8 untitled_data.o
                0x0000000020000008                untitled_P
 .data.xcpExtmodeFinalSimulationTime
                0x0000000020000010        0x8 xcp_ext_common.o
                0x0000000020000010                xcpExtmodeFinalSimulationTime
 .data.xcpModelStatus
                0x0000000020000018        0x1 xcp_ext_common.o
                0x0000000020000018                xcpModelStatus
 *fill*         0x0000000020000019        0x3 
 .data.standardSupportedRxPacket
                0x000000002000001c       0x54 xcp_standard.o
 .data.daqSupportedRxPacket
                0x0000000020000070       0x84 xcp_daq.o
 .data.xcpCurrentDaq
                0x00000000200000f4        0x4 xcp_daq.o
 .data.calibrationSupportedRxPacket
                0x00000000200000f8       0x18 xcp_calibration.o
 .data.xcpCtoReservedMemPoolId
                0x0000000020000110        0x4 xcp_transport.o
 .data.drvID    0x0000000020000114        0x4 xcp_drv_rtiostream.o
 .data.xcpCtoReservedMemPoolId
                0x0000000020000118        0x4 xcp_frame_serial.o
 .data.SystemCoreClock
                0x000000002000011c        0x4 wiring.o
                0x000000002000011c                SystemCoreClock
 .data._ZL5ticks
                0x0000000020000120        0x4 Reset.o
 .data._ZL12_usbLineInfo
                0x0000000020000124        0x8 CDC.o
 .data._ZL10breakValue
                0x000000002000012c        0x4 CDC.o
 .data._ZL13_cdcInterface
                0x0000000020000130       0x42 CDC.o
 *fill*         0x0000000020000172        0x2 
 .data._serialPeek
                0x0000000020000174        0x4 CDC.o
                0x0000000020000174                _serialPeek
 .data.EndPoints
                0x0000000020000178       0x28 USBCore.o
                0x0000000020000178                EndPoints
 .data.__fdlib_version
                0x00000000200001a0        0x1 /Users/emiliendurif/Documents/MATLAB/SupportPackages/R2019b/3P.instrset/arduinoide.instrset/idepkgs/packages/arduino/tools/arm-none-eabi-gcc/4.8.3-2014q1/bin/../lib/gcc/arm-none-eabi/4.8.3/../../../../arm-none-eabi/lib/armv6-m/libm.a(lib_a-s_lib_ver.o)
                0x00000000200001a0                __fdlib_version
 *fill*         0x00000000200001a1        0x3 
 .data.impure_data
                0x00000000200001a4       0x60 /Users/emiliendurif/Documents/MATLAB/SupportPackages/R2019b/3P.instrset/arduinoide.instrset/idepkgs/packages/arduino/tools/arm-none-eabi-gcc/4.8.3-2014q1/bin/../lib/gcc/arm-none-eabi/4.8.3/../../../../arm-none-eabi/lib/armv6-m/libg_s.a(lib_a-impure.o)
 .data._impure_ptr
                0x0000000020000204        0x4 /Users/emiliendurif/Documents/MATLAB/SupportPackages/R2019b/3P.instrset/arduinoide.instrset/idepkgs/packages/arduino/tools/arm-none-eabi-gcc/4.8.3-2014q1/bin/../lib/gcc/arm-none-eabi/4.8.3/../../../../arm-none-eabi/lib/armv6-m/libg_s.a(lib_a-impure.o)
                0x0000000020000204                _impure_ptr
                0x0000000020000208                . = ALIGN (0x4)
                0x0000000020000208                PROVIDE (__preinit_array_start, .)
 *(.preinit_array)
                0x0000000020000208                PROVIDE (__preinit_array_end, .)
                0x0000000020000208                . = ALIGN (0x4)
                0x0000000020000208                PROVIDE (__init_array_start, .)
 *(SORT(.init_array.*))
 *(.init_array)
 .init_array    0x0000000020000208        0x4 /Users/emiliendurif/Documents/MATLAB/SupportPackages/R2019b/3P.instrset/arduinoide.instrset/idepkgs/packages/arduino/tools/arm-none-eabi-gcc/4.8.3-2014q1/bin/../lib/gcc/arm-none-eabi/4.8.3/armv6-m/crtbegin.o
 .init_array    0x000000002000020c        0x4 IPAddress.o
 .init_array    0x0000000020000210        0x4 CDC.o
 .init_array    0x0000000020000214        0x4 USBCore.o
 .init_array    0x0000000020000218        0x4 variant.o
 .init_array    0x000000002000021c        0x4 Wire.o
                0x0000000020000220                PROVIDE (__init_array_end, .)
                0x0000000020000220                . = ALIGN (0x4)
                0x0000000020000220                PROVIDE (__fini_array_start, .)
 *(SORT(.fini_array.*))
 *(.fini_array)
 .fini_array    0x0000000020000220        0x4 /Users/emiliendurif/Documents/MATLAB/SupportPackages/R2019b/3P.instrset/arduinoide.instrset/idepkgs/packages/arduino/tools/arm-none-eabi-gcc/4.8.3-2014q1/bin/../lib/gcc/arm-none-eabi/4.8.3/armv6-m/crtbegin.o
                0x0000000020000224                PROVIDE (__fini_array_end, .)
 *(.jcr*)
 .jcr           0x0000000020000224        0x0 /Users/emiliendurif/Documents/MATLAB/SupportPackages/R2019b/3P.instrset/arduinoide.instrset/idepkgs/packages/arduino/tools/arm-none-eabi-gcc/4.8.3-2014q1/bin/../lib/gcc/arm-none-eabi/4.8.3/armv6-m/crtbegin.o
 .jcr           0x0000000020000224        0x4 /Users/emiliendurif/Documents/MATLAB/SupportPackages/R2019b/3P.instrset/arduinoide.instrset/idepkgs/packages/arduino/tools/arm-none-eabi-gcc/4.8.3-2014q1/bin/../lib/gcc/arm-none-eabi/4.8.3/armv6-m/crtend.o
                0x0000000020000230                . = ALIGN (0x10)
 *fill*         0x0000000020000228        0x8 
                0x0000000020000230                __data_end__ = .

.igot.plt       0x0000000020000230        0x0 load address 0x0000000000009bfc
 .igot.plt      0x0000000000000000        0x0 /Users/emiliendurif/Documents/MATLAB/SupportPackages/R2019b/3P.instrset/arduinoide.instrset/idepkgs/packages/arduino/tools/arm-none-eabi-gcc/4.8.3-2014q1/bin/../lib/gcc/arm-none-eabi/4.8.3/armv6-m/crtbegin.o

.bss            0x0000000020000230     0x52fc load address 0x0000000000009c00
                0x0000000020000230                . = ALIGN (0x4)
                0x0000000020000230                __bss_start__ = .
 *(.bss*)
 .bss           0x0000000020000230       0x1c /Users/emiliendurif/Documents/MATLAB/SupportPackages/R2019b/3P.instrset/arduinoide.instrset/idepkgs/packages/arduino/tools/arm-none-eabi-gcc/4.8.3-2014q1/bin/../lib/gcc/arm-none-eabi/4.8.3/armv6-m/crtbegin.o
 .bss.rt_ExtModeInfo.12803
                0x000000002000024c       0x14 untitled.o
 .bss.systemRan.12804
                0x0000000020000260        0x8 untitled.o
 .bss.xcpModelChecksum0
                0x0000000020000268        0x4 xcp_ext_common.o
                0x0000000020000268                xcpModelChecksum0
 .bss.xcpModelStartRequest
                0x000000002000026c        0x1 xcp_ext_common.o
                0x000000002000026c                xcpModelStartRequest
 *fill*         0x000000002000026d        0x3 
 .bss.xcpModelChecksum1
                0x0000000020000270        0x4 xcp_ext_common.o
                0x0000000020000270                xcpModelChecksum1
 .bss.xcpExtModeLock
                0x0000000020000274        0x4 xcp_ext_common.o
 .bss.xcpModelChecksum2
                0x0000000020000278        0x4 xcp_ext_common.o
                0x0000000020000278                xcpModelChecksum2
 .bss.xcpModelChecksum3
                0x000000002000027c        0x4 xcp_ext_common.o
                0x000000002000027c                xcpModelChecksum3
 .bss.xcpModelIntegerCode
                0x0000000020000280        0x4 xcp_ext_common.o
                0x0000000020000280                xcpModelIntegerCode
 .bss.xcpModelStopRequest
                0x0000000020000284        0x1 xcp_ext_common.o
                0x0000000020000284                xcpModelStopRequest
 *fill*         0x0000000020000285        0x3 
 .bss.xcpBaseRateSimulationTime
                0x0000000020000288        0x8 xcp_ext_common.o
 .bss.xcpCurrentSimulationTimeInMs
                0x0000000020000290        0x8 xcp_ext_common.o
                0x0000000020000290                xcpCurrentSimulationTimeInMs
 .bss.xcpExtmodeSimulationComplete
                0x0000000020000298        0x1 xcp_ext_common.o
                0x0000000020000298                xcpExtmodeSimulationComplete
 .bss.xcpResourceProtectionStatus
                0x0000000020000299        0x1 xcp.o
 .bss.initialized
                0x000000002000029a        0x1 xcp.o
 .bss.xcpSessionStatus
                0x000000002000029b        0x1 xcp.o
 .bss.supportedRxPacketGroups
                0x000000002000029c       0x20 xcp.o
 .bss.xcpStatus
                0x00000000200002bc        0x1 xcp.o
 *fill*         0x00000000200002bd        0x1 
 .bss.xcpSessionConfigurationId
                0x00000000200002be        0x2 xcp.o
 .bss.xcpUploadSize
                0x00000000200002c0        0x1 xcp_standard.o
 *fill*         0x00000000200002c1        0x3 
 .bss.xcpMta    0x00000000200002c4        0x8 xcp_standard.o
 .bss.xcpDynamicDaqLists
                0x00000000200002cc        0x8 xcp_daq.o
 .bss.xcpRunningEventCounter
                0x00000000200002d4        0x4 xcp_daq.o
 .bss.xcpDaqLock
                0x00000000200002d8        0x4 xcp_daq.o
 .bss.rxLock    0x00000000200002dc        0x4 xcp_transport.o
 .bss.txFifo    0x00000000200002e0       0x10 xcp_transport.o
 .bss.initialized
                0x00000000200002f0        0x1 xcp_transport.o
 *fill*         0x00000000200002f1        0x3 
 .bss.txLock    0x00000000200002f4        0x4 xcp_transport.o
 .bss.rxFifo    0x00000000200002f8        0x8 xcp_transport.o
 .bss.xcpMemMainChunk
                0x0000000020000300     0x2107 xcp_mem_default.o
 .bss.xcpMemReservedPoolsChunk
                0x0000000020002407     0x223b xcp_mem_default.o
 *fill*         0x0000000020004642        0x2 
 .bss.xcpMemLock
                0x0000000020004644        0x4 xcp_mem_default.o
 .bss.xcpMemPoolDescriptors
                0x0000000020004648       0x64 xcp_mem_default.o
 .bss.xcpMemReservedPoolsChunkUsedBytes
                0x00000000200046ac        0x4 xcp_mem_default.o
 .bss.forceBlocking
                0x00000000200046b0        0x1 xcp_drv_rtiostream.o
 *fill*         0x00000000200046b1        0x1 
 .bss.rxCounter
                0x00000000200046b2        0x2 xcp_frame_serial.o
 .bss.initialized
                0x00000000200046b4        0x1 xcp_frame_serial.o
 *fill*         0x00000000200046b5        0x3 
 .bss.firstRxCounterReceived
                0x00000000200046b8        0x4 xcp_frame_serial.o
 .bss.txCounter
                0x00000000200046bc        0x2 xcp_frame_serial.o
 *fill*         0x00000000200046be        0x2 
 .bss.usb_isr   0x00000000200046c0        0x4 cortex_handlers.o
 .bss._ulTickCount
                0x00000000200046c4        0x4 delay.o
 .bss.ISRcallback
                0x00000000200046c8       0x44 WInterrupts.o
 .bss.ISRlist   0x000000002000470c       0x44 WInterrupts.o
 .bss.nints     0x0000000020004750        0x4 WInterrupts.o
 .bss._ZL11INADDR_NONE
                0x0000000020004754        0x8 IPAddress.o
 .bss.SerialUSB
                0x000000002000475c       0x1c CDC.o
                0x000000002000475c                SerialUSB
 .bss._ZZ12PluggableUSBvE3obj
                0x0000000020004778        0x8 PluggableUSB.o
 .bss._ZGVZ12PluggableUSBvE3obj
                0x0000000020004780        0x4 PluggableUSB.o
 .bss._ZL14isEndpointHalt
                0x0000000020004784        0x1 USBCore.o
 .bss._pack_buffer
                0x0000000020004785      0x100 USBCore.o
                0x0000000020004785                _pack_buffer
 *fill*         0x0000000020004885        0x1 
 .bss._pack_size
                0x0000000020004886        0x2 USBCore.o
                0x0000000020004886                _pack_size
 .bss._ZL20LastTransmitTimedOut
                0x0000000020004888        0x7 USBCore.o
 *fill*         0x000000002000488f        0x1 
 .bss._ZL22udd_ep_in_cache_buffer
                0x0000000020004890      0x1c0 USBCore.o
 .bss._ZL23udd_ep_out_cache_buffer
                0x0000000020004a50      0x1c0 USBCore.o
 .bss._ZL10epHandlers
                0x0000000020004c10       0x1c USBCore.o
 .bss._pack_message
                0x0000000020004c2c        0x1 USBCore.o
                0x0000000020004c2c                _pack_message
 .bss._ZL21isRemoteWakeUpEnabled
                0x0000000020004c2d        0x1 USBCore.o
 .bss._dry_run  0x0000000020004c2e        0x1 USBCore.o
                0x0000000020004c2e                _dry_run
 .bss.USBDevice
                0x0000000020004c2f        0x1 USBCore.o
                0x0000000020004c2f                USBDevice
 .bss._usbSetInterface
                0x0000000020004c30        0x4 USBCore.o
                0x0000000020004c30                _usbSetInterface
 .bss.usbd      0x0000000020004c34      0x104 USBCore.o
                0x0000000020004c34                usbd
 .bss._usbConfiguration
                0x0000000020004d38        0x4 USBCore.o
                0x0000000020004d38                _usbConfiguration
 .bss.Serial1   0x0000000020004d3c      0x23c variant.o
                0x0000000020004d3c                Serial1
 .bss.Serial2   0x0000000020004f78      0x23c variant.o
                0x0000000020004f78                Serial2
 .bss.sercom3   0x00000000200051b4        0x4 variant.o
                0x00000000200051b4                sercom3
 .bss.sercom0   0x00000000200051b8        0x4 variant.o
                0x00000000200051b8                sercom0
 .bss.sercom1   0x00000000200051bc        0x4 variant.o
                0x00000000200051bc                sercom1
 .bss.sercom2   0x00000000200051c0        0x4 variant.o
                0x00000000200051c0                sercom2
 .bss.sercom4   0x00000000200051c4        0x4 variant.o
                0x00000000200051c4                sercom4
 .bss.sercom5   0x00000000200051c8        0x4 variant.o
                0x00000000200051c8                sercom5
 .bss.receivedSyncByteE
                0x00000000200051cc        0x1 rtiostream_serial_daemon.o
                0x00000000200051cc                receivedSyncByteE
 *fill*         0x00000000200051cd        0x3 
 .bss.Wire      0x00000000200051d0      0x234 Wire.o
                0x00000000200051d0                Wire
 .bss.runModel  0x0000000020005404        0x1 ert_main.o
                0x0000000020005404                runModel
 .bss.OverrunFlag
                0x0000000020005405        0x1 ert_main.o
 *fill*         0x0000000020005406        0x2 
 .bss.IsrOverrun
                0x0000000020005408        0x4 ert_main.o
                0x0000000020005408                IsrOverrun
 .bss.stopRequested
                0x000000002000540c        0x1 ert_main.o
                0x000000002000540c                stopRequested
 *fill*         0x000000002000540d        0x3 
 .bss.__malloc_sbrk_start
                0x0000000020005410        0x4 /Users/emiliendurif/Documents/MATLAB/SupportPackages/R2019b/3P.instrset/arduinoide.instrset/idepkgs/packages/arduino/tools/arm-none-eabi-gcc/4.8.3-2014q1/bin/../lib/gcc/arm-none-eabi/4.8.3/../../../../arm-none-eabi/lib/armv6-m/libg_s.a(lib_a-nano-mallocr.o)
                0x0000000020005410                __malloc_sbrk_start
 .bss.__malloc_free_list
                0x0000000020005414        0x4 /Users/emiliendurif/Documents/MATLAB/SupportPackages/R2019b/3P.instrset/arduinoide.instrset/idepkgs/packages/arduino/tools/arm-none-eabi-gcc/4.8.3-2014q1/bin/../lib/gcc/arm-none-eabi/4.8.3/../../../../arm-none-eabi/lib/armv6-m/libg_s.a(lib_a-nano-mallocr.o)
                0x0000000020005414                __malloc_free_list
 .bss.heap_end.4243
                0x0000000020005418        0x4 /Users/emiliendurif/Documents/MATLAB/SupportPackages/R2019b/3P.instrset/arduinoide.instrset/idepkgs/packages/arduino/tools/arm-none-eabi-gcc/4.8.3-2014q1/bin/../lib/gcc/arm-none-eabi/4.8.3/../../../../arm-none-eabi/lib/armv6-m/libnosys.a(sbrk.o)
 *(COMMON)
 *fill*         0x000000002000541c        0x4 
 COMMON         0x0000000020005420      0x108 untitled.o
                0x0000000020005420                untitled_DW
                0x0000000020005498                untitled_B
                0x00000000200054e0                untitled_M_
 COMMON         0x0000000020005528        0x4 /Users/emiliendurif/Documents/MATLAB/SupportPackages/R2019b/3P.instrset/arduinoide.instrset/idepkgs/packages/arduino/tools/arm-none-eabi-gcc/4.8.3-2014q1/bin/../lib/gcc/arm-none-eabi/4.8.3/../../../../arm-none-eabi/lib/armv6-m/libg_s.a(lib_a-reent.o)
                0x0000000020005528                errno
                0x000000002000552c                . = ALIGN (0x4)
                0x000000002000552c                __bss_end__ = .

.heap           0x000000002000552c        0x0
                0x000000002000552c                __end__ = .
                0x000000002000552c                PROVIDE (end, .)
 *(.heap*)
                0x000000002000552c                __HeapLimit = .

.stack_dummy    0x000000002000552c        0x0
 *(.stack*)
                0x0000000020008000                __StackTop = (ORIGIN (RAM) + 0x8000)
                0x0000000020008000                __StackLimit = (__StackTop - SIZEOF (.stack_dummy))
                0x0000000020008000                PROVIDE (__stack, __StackTop)
                0x0000000020007fff                __ram_end__ = ((ORIGIN (RAM) + 0x8000) - 0x1)
                0x0000000000000001                ASSERT ((__StackLimit >= __HeapLimit), region RAM overflowed with stack)
OUTPUT(../untitled.elf elf32-littlearm)

.ARM.attributes
                0x0000000000000000       0x28
 .ARM.attributes
                0x0000000000000000       0x1e /Users/emiliendurif/Documents/MATLAB/SupportPackages/R2019b/3P.instrset/arduinoide.instrset/idepkgs/packages/arduino/tools/arm-none-eabi-gcc/4.8.3-2014q1/bin/../lib/gcc/arm-none-eabi/4.8.3/armv6-m/crti.o
 .ARM.attributes
                0x000000000000001e       0x2c /Users/emiliendurif/Documents/MATLAB/SupportPackages/R2019b/3P.instrset/arduinoide.instrset/idepkgs/packages/arduino/tools/arm-none-eabi-gcc/4.8.3-2014q1/bin/../lib/gcc/arm-none-eabi/4.8.3/armv6-m/crtbegin.o
 .ARM.attributes
                0x000000000000004a       0x32 MW_arduinoI2C.o
 .ARM.attributes
                0x000000000000007c       0x32 io_wrappers.o
 .ARM.attributes
                0x00000000000000ae       0x32 xcp_ext_work.o
 .ARM.attributes
                0x00000000000000e0       0x32 untitled.o
 .ARM.attributes
                0x0000000000000112       0x32 untitled_data.o
 .ARM.attributes
                0x0000000000000144       0x32 xcp_ext_common.o
 .ARM.attributes
                0x0000000000000176       0x32 xcp.o
 .ARM.attributes
                0x00000000000001a8       0x32 xcp_standard.o
 .ARM.attributes
                0x00000000000001da       0x32 xcp_daq.o
 .ARM.attributes