Archive member included because of file (symbol)

/Users/emiliendurif/Documents/MATLAB/SupportPackages/R2019b/3P.instrset/arduinoide.instrset/idepkgs/packages/arduino/tools/arm-none-eabi-gcc/4.8.3-2014q1/bin/../lib/gcc/arm-none-eabi/4.8.3/../../../../arm-none-eabi/lib/armv6-m/libm.a(lib_a-s_fpclassify.o)
                              Print.o (__fpclassifyd)
/Users/emiliendurif/Documents/MATLAB/SupportPackages/R2019b/3P.instrset/arduinoide.instrset/idepkgs/packages/arduino/tools/arm-none-eabi-gcc/4.8.3-2014q1/bin/../lib/gcc/arm-none-eabi/4.8.3/../../../../arm-none-eabi/lib/armv6-m/libm.a(lib_a-w_fmod.o)
                              xcp_ext_common.o (fmod)
/Users/emiliendurif/Documents/MATLAB/SupportPackages/R2019b/3P.instrset/arduinoide.instrset/idepkgs/packages/arduino/tools/arm-none-eabi-gcc/4.8.3-2014q1/bin/../lib/gcc/arm-none-eabi/4.8.3/../../../../arm-none-eabi/lib/armv6-m/libm.a(lib_a-e_fmod.o)
                              /Users/emiliendurif/Documents/MATLAB/SupportPackages/R2019b/3P.instrset/arduinoide.instrset/idepkgs/packages/arduino/tools/arm-none-eabi-gcc/4.8.3-2014q1/bin/../lib/gcc/arm-none-eabi/4.8.3/../../../../arm-none-eabi/lib/armv6-m/libm.a(lib_a-w_fmod.o) (__ieee754_fmod)
/Users/emiliendurif/Documents/MATLAB/SupportPackages/R2019b/3P.instrset/arduinoide.instrset/idepkgs/packages/arduino/tools/arm-none-eabi-gcc/4.8.3-2014q1/bin/../lib/gcc/arm-none-eabi/4.8.3/../../../../arm-none-eabi/lib/armv6-m/libm.a(lib_a-s_lib_ver.o)
                              /Users/emiliendurif/Documents/MATLAB/SupportPackages/R2019b/3P.instrset/arduinoide.instrset/idepkgs/packages/arduino/tools/arm-none-eabi-gcc/4.8.3-2014q1/bin/../lib/gcc/arm-none-eabi/4.8.3/../../../../arm-none-eabi/lib/armv6-m/libm.a(lib_a-w_fmod.o) (__fdlib_version)
/Users/emiliendurif/Documents/MATLAB/SupportPackages/R2019b/3P.instrset/arduinoide.instrset/idepkgs/packages/arduino/tools/arm-none-eabi-gcc/4.8.3-2014q1/bin/../lib/gcc/arm-none-eabi/4.8.3/../../../../arm-none-eabi/lib/armv6-m/libm.a(lib_a-s_matherr.o)
                              /Users/emiliendurif/Documents/MATLAB/SupportPackages/R2019b/3P.instrset/arduinoide.instrset/idepkgs/packages/arduino/tools/arm-none-eabi-gcc/4.8.3-2014q1/bin/../lib/gcc/arm-none-eabi/4.8.3/../../../../arm-none-eabi/lib/armv6-m/libm.a(lib_a-w_fmod.o) (matherr)
/Users/emiliendurif/Documents/MATLAB/SupportPackages/R2019b/3P.instrset/arduinoide.instrset/idepkgs/packages/arduino/tools/arm-none-eabi-gcc/4.8.3-2014q1/bin/../lib/gcc/arm-none-eabi/4.8.3/armv6-m/libgcc.a(_thumb1_case_uqi.o)
                              xcp.o (__gnu_thumb1_case_uqi)
/Users/emiliendurif/Documents/MATLAB/SupportPackages/R2019b/3P.instrset/arduinoide.instrset/idepkgs/packages/arduino/tools/arm-none-eabi-gcc/4.8.3-2014q1/bin/../lib/gcc/arm-none-eabi/4.8.3/armv6-m/libgcc.a(_udivsi3.o)
                              itoa.o (__aeabi_uidiv)
/Users/emiliendurif/Documents/MATLAB/SupportPackages/R2019b/3P.instrset/arduinoide.instrset/idepkgs/packages/arduino/tools/arm-none-eabi-gcc/4.8.3-2014q1/bin/../lib/gcc/arm-none-eabi/4.8.3/armv6-m/libgcc.a(_divsi3.o)
                              SERCOM.o (__aeabi_idiv)
/Users/emiliendurif/Documents/MATLAB/SupportPackages/R2019b/3P.instrset/arduinoide.instrset/idepkgs/packages/arduino/tools/arm-none-eabi-gcc/4.8.3-2014q1/bin/../lib/gcc/arm-none-eabi/4.8.3/armv6-m/libgcc.a(_dvmd_tls.o)
                              /Users/emiliendurif/Documents/MATLAB/SupportPackages/R2019b/3P.instrset/arduinoide.instrset/idepkgs/packages/arduino/tools/arm-none-eabi-gcc/4.8.3-2014q1/bin/../lib/gcc/arm-none-eabi/4.8.3/armv6-m/libgcc.a(_udivsi3.o) (__aeabi_idiv0)
/Users/emiliendurif/Documents/MATLAB/SupportPackages/R2019b/3P.instrset/arduinoide.instrset/idepkgs/packages/arduino/tools/arm-none-eabi-gcc/4.8.3-2014q1/bin/../lib/gcc/arm-none-eabi/4.8.3/armv6-m/libgcc.a(_arm_cmpdf2.o)
                              xcp_ext_work.o (__aeabi_dcmpeq)
/Users/emiliendurif/Documents/MATLAB/SupportPackages/R2019b/3P.instrset/arduinoide.instrset/idepkgs/packages/arduino/tools/arm-none-eabi-gcc/4.8.3-2014q1/bin/../lib/gcc/arm-none-eabi/4.8.3/armv6-m/libgcc.a(_fixunsdfsi.o)
                              xcp_ext_common.o (__aeabi_d2uiz)
/Users/emiliendurif/Documents/MATLAB/SupportPackages/R2019b/3P.instrset/arduinoide.instrset/idepkgs/packages/arduino/tools/arm-none-eabi-gcc/4.8.3-2014q1/bin/../lib/gcc/arm-none-eabi/4.8.3/armv6-m/libgcc.a(mulsf3.o)
                              Stream.o (__aeabi_fmul)
/Users/emiliendurif/Documents/MATLAB/SupportPackages/R2019b/3P.instrset/arduinoide.instrset/idepkgs/packages/arduino/tools/arm-none-eabi-gcc/4.8.3-2014q1/bin/../lib/gcc/arm-none-eabi/4.8.3/armv6-m/libgcc.a(floatsisf.o)
                              Stream.o (__aeabi_i2f)
/Users/emiliendurif/Documents/MATLAB/SupportPackages/R2019b/3P.instrset/arduinoide.instrset/idepkgs/packages/arduino/tools/arm-none-eabi-gcc/4.8.3-2014q1/bin/../lib/gcc/arm-none-eabi/4.8.3/armv6-m/libgcc.a(adddf3.o)
[...]
Memory Configuration

Name             Origin             Length             Attributes
FLASH            0x0000000000002000 0x000000000003e000 xr
RAM              0x0000000020000000 0x0000000000008000 xrw
*default*        0x0000000000000000 0xffffffffffffffff

Linker script and memory map

LOAD /Users/emiliendurif/Documents/MATLAB/SupportPackages/R2019b/3P.instrset/arduinoide.instrset/idepkgs/packages/arduino/tools/arm-none-eabi-gcc/4.8.3-2014q1/bin/../lib/gcc/arm-none-eabi/4.8.3/armv6-m/crti.o
LOAD /Users/emiliendurif/Documents/MATLAB/SupportPackages/R2019b/3P.instrset/arduinoide.instrset/idepkgs/packages/arduino/tools/arm-none-eabi-gcc/4.8.3-2014q1/bin/../lib/gcc/arm-none-eabi/4.8.3/armv6-m/crtbegin.o
LOAD /Users/emiliendurif/Documents/MATLAB/SupportPackages/R2019b/3P.instrset/arduinoide.instrset/idepkgs/packages/arduino/tools/arm-none-eabi-gcc/4.8.3-2014q1/bin/../lib/gcc/arm-none-eabi/4.8.3/../../../../arm-none-eabi/lib/armv6-m/crt0.o
START GROUP
LOAD /Users/emiliendurif/Documents/MATLAB/SupportPackages/R2019b/3P.instrset/arduinoide.instrset/idepkgs/packages/arduino/tools/CMSIS/4.5.0/CMSIS/Lib/GCC/libarm_cortexM0l_math.a
LOAD MW_arduinoI2C.o
LOAD io_wrappers.o
LOAD xcp_ext_work.o
LOAD lire_imu.o
LOAD lire_imu_data.o
LOAD xcp_ext_common.o
LOAD xcp.o
LOAD xcp_standard.o
LOAD xcp_daq.o
LOAD xcp_calibration.o
LOAD xcp_fifo.o
LOAD xcp_transport.o
LOAD xcp_mem_default.o
LOAD xcp_drv_rtiostream.o
LOAD xcp_frame_serial.o
LOAD xcp_ext_param_default_serial.o
LOAD pulse_asm.S.o
LOAD dtostrf.o
LOAD cortex_handlers.o
LOAD hooks.o
LOAD itoa.o
LOAD delay.o
LOAD startup.o
LOAD pulse.o
LOAD WInterrupts.o
LOAD wiring.o
LOAD wiring_analog.o
LOAD wiring_digital.o
LOAD wiring_shift.o
LOAD wiring_private.o
LOAD samd21_host.o
LOAD abi.o
LOAD IPAddress.o
LOAD new.o
LOAD Print.o
LOAD Reset.o
LOAD Stream.o
LOAD SERCOM.o
LOAD Tone.o
LOAD Uart.o
LOAD CDC.o
LOAD PluggableUSB.o
LOAD USBCore.o
LOAD WMath.o
LOAD WString.o
LOAD variant.o
LOAD MW_ArduinoHWInit.o
LOAD arduinoARM_M0plusScheduler.o
LOAD m0m1m0plus_multitasking.o
LOAD rtiostream_serial_daemon.o
LOAD sys_arch.o
LOAD Wire.o
LOAD ert_main.o
END GROUP
LOAD /Users/emiliendurif/Documents/MATLAB/SupportPackages/R2019b/3P.instrset/arduinoide.instrset/idepkgs/packages/arduino/tools/arm-none-eabi-gcc/4.8.3-2014q1/bin/../lib/gcc/arm-none-eabi/4.8.3/../../../../arm-none-eabi/lib/armv6-m/libm.a
START GROUP
LOAD /Users/emiliendurif/Documents/MATLAB/SupportPackages/R2019b/3P.instrset/arduinoide.instrset/idepkgs/packages/arduino/tools/arm-none-eabi-gcc/4.8.3-2014q1/bin/../lib/gcc/arm-none-eabi/4.8.3/armv6-m/libgcc.a
LOAD /Users/emiliendurif/Documents/MATLAB/SupportPackages/R2019b/3P.instrset/arduinoide.instrset/idepkgs/packages/arduino/tools/arm-none-eabi-gcc/4.8.3-2014q1/bin/../lib/gcc/arm-none-eabi/4.8.3/../../../../arm-none-eabi/lib/armv6-m/libg_s.a
LOAD /Users/emiliendurif/Documents/MATLAB/SupportPackages/R2019b/3P.instrset/arduinoide.instrset/idepkgs/packages/arduino/tools/arm-none-eabi-gcc/4.8.3-2014q1/bin/../lib/gcc/arm-none-eabi/4.8.3/../../../../arm-none-eabi/lib/armv6-m/libc_s.a
END GROUP
START GROUP
LOAD /Users/emiliendurif/Documents/MATLAB/SupportPackages/R2019b/3P.instrset/arduinoide.instrset/idepkgs/packages/arduino/tools/arm-none-eabi-gcc/4.8.3-2014q1/bin/../lib/gcc/arm-none-eabi/4.8.3/armv6-m/libgcc.a
LOAD /Users/emiliendurif/Documents/MATLAB/SupportPackages/R2019b/3P.instrset/arduinoide.instrset/idepkgs/packages/arduino/tools/arm-none-eabi-gcc/4.8.3-2014q1/bin/../lib/gcc/arm-none-eabi/4.8.3/../../../../arm-none-eabi/lib/armv6-m/libc_s.a
LOAD /Users/emiliendurif/Documents/MATLAB/SupportPackages/R2019b/3P.instrset/arduinoide.instrset/idepkgs/packages/arduino/tools/arm-none-eabi-gcc/4.8.3-2014q1/bin/../lib/gcc/arm-none-eabi/4.8.3/../../../../arm-none-eabi/lib/armv6-m/libnosys.a
END GROUP
START GROUP
LOAD /Users/emiliendurif/Documents/MATLAB/SupportPackages/R2019b/3P.instrset/arduinoide.instrset/idepkgs/packages/arduino/tools/arm-none-eabi-gcc/4.8.3-2014q1/bin/../lib/gcc/arm-none-eabi/4.8.3/armv6-m/libgcc.a
LOAD /Users/emiliendurif/Documents/MATLAB/SupportPackages/R2019b/3P.instrset/arduinoide.instrset/idepkgs/packages/arduino/tools/arm-none-eabi-gcc/4.8.3-2014q1/bin/../lib/gcc/arm-none-eabi/4.8.3/../../../../arm-none-eabi/lib/armv6-m/libc_s.a
LOAD /Users/emiliendurif/Documents/MATLAB/SupportPackages/R2019b/3P.instrset/arduinoide.instrset/idepkgs/packages/arduino/tools/arm-none-eabi-gcc/4.8.3-2014q1/bin/../lib/gcc/arm-none-eabi/4.8.3/../../../../arm-none-eabi/lib/armv6-m/libnosys.a
END GROUP
LOAD /Users/emiliendurif/Documents/MATLAB/SupportPackages/R2019b/3P.instrset/arduinoide.instrset/idepkgs/packages/arduino/tools/arm-none-eabi-gcc/4.8.3-2014q1/bin/../lib/gcc/arm-none-eabi/4.8.3/armv6-m/crtend.o
LOAD /Users/emiliendurif/Documents/MATLAB/SupportPackages/R2019b/3P.instrset/arduinoide.instrset/idepkgs/packages/arduino/tools/arm-none-eabi-gcc/4.8.3-2014q1/bin/../lib/gcc/arm-none-eabi/4.8.3/armv6-m/crtn.o

.text           0x0000000000002000     0x7a1c
                0x0000000000002000                __text_start__ = .
 *(.sketch_boot)
                0x0000000000002000                . = ALIGN (0x2000)
 *(.isr_vector)
 .isr_vector    0x0000000000002000       0xb4 cortex_handlers.o
                0x0000000000002000                exception_table
 *(.text*)
 .text          0x00000000000020b4       0x60 /Users/emiliendurif/Documents/MATLAB/SupportPackages/R2019b/3P.instrset/arduinoide.instrset/idepkgs/packages/arduino/tools/arm-none-eabi-gcc/4.8.3-2014q1/bin/../lib/gcc/arm-none-eabi/4.8.3/armv6-m/crtbegin.o
 .text.MW_I2C_Open
                0x0000000000002114       0x24 MW_arduinoI2C.o
                0x0000000000002114                MW_I2C_Open
 .text.MW_I2C_SetBusSpeed
                0x0000000000002138       0x20 MW_arduinoI2C.o
                0x0000000000002138                MW_I2C_SetBusSpeed
 .text.MW_I2C_MasterRead
                0x0000000000002158       0x5c MW_arduinoI2C.o
                0x0000000000002158                MW_I2C_MasterRead
 .text.MW_I2C_MasterWrite
                0x00000000000021b4       0x4a MW_arduinoI2C.o
                0x00000000000021b4                MW_I2C_MasterWrite
 .text.MW_I2C_Close
                0x00000000000021fe        0xe MW_arduinoI2C.o
                0x00000000000021fe                MW_I2C_Close
 .text.MW_usbattach
                0x000000000000220c       0x1c io_wrappers.o
                0x000000000000220c                MW_usbattach
 .text.MW_delay_in_milliseconds
                0x0000000000002228       0x16 io_wrappers.o
                0x0000000000002228                MW_delay_in_milliseconds
 *fill*         0x000000000000223e        0x2 
 .text.Serial_begin
                0x0000000000002240       0x24 io_wrappers.o
                0x0000000000002240                Serial_begin
 .text.rtExtModeWaitForStartPkt
                0x0000000000002264       0x78 xcp_ext_work.o
                0x0000000000002264                rtExtModeWaitForStartPkt
 .text.rtExtModeOneStep
                0x00000000000022dc       0x24 xcp_ext_work.o
                0x00000000000022dc                rtExtModeOneStep
 .text.rtExtModeUpload
                0x0000000000002300        0xe xcp_ext_work.o
                0x0000000000002300                rtExtModeUpload
 .text.rtExtModeCheckEndTrigger
                0x000000000000230e        0x2 xcp_ext_work.o
                0x000000000000230e                rtExtModeCheckEndTrigger
 .text.rtExtModeUploadCheckTrigger
                0x0000000000002310        0x2 xcp_ext_work.o
                0x0000000000002310                rtExtModeUploadCheckTrigger
 .text.rtExtModeCheckInit
                0x0000000000002312       0x12 xcp_ext_work.o
                0x0000000000002312                rtExtModeCheckInit
 .text.rtExtModeShutdown
                0x0000000000002324        0x8 xcp_ext_work.o
                0x0000000000002324                rtExtModeShutdown
 *fill*         0x000000000000232c        0x4 
 .text.rtERTExtModeSetTFinal
                0x0000000000002330       0x30 xcp_ext_work.o
                0x0000000000002330                rtERTExtModeSetTFinal
 .text.rtSetTFinalForExtMode
                0x0000000000002360        0x8 xcp_ext_work.o
                0x0000000000002360                rtSetTFinalForExtMode
 .text.rtParseArgsForExtMode
                0x0000000000002368        0x2 xcp_ext_work.o
                0x0000000000002368                rtParseArgsForExtMode
 .text.rtERTExtModeStartMsg
                0x000000000000236a        0x2 xcp_ext_work.o
                0x000000000000236a                rtERTExtModeStartMsg
 .text.arduinoBNO055_check_BNO055_Chip.isra.1
                0x000000000000236c       0x48 lire_imu.o
 *fill*         0x00000000000023b4        0x4 
 .text.lire_imu_step
                0x00000000000023b8      0x1c8 lire_imu.o
                0x00000000000023b8                lire_imu_step
 .text.lire_imu_initialize
                0x0000000000002580      0x3c8 lire_imu.o
                0x0000000000002580                lire_imu_initialize
 .text.lire_imu_terminate
                0x0000000000002948       0x3c lire_imu.o
                0x0000000000002948                lire_imu_terminate
 *fill*         0x0000000000002984        0x4 
 .text.xcpExtModeUpdateTime
                0x0000000000002988      0x138 xcp_ext_common.o
 .text.xcpExtModeInit
                0x0000000000002ac0       0x38 xcp_ext_common.o
                0x0000000000002ac0                xcpExtModeInit
 .text.xcpExtmodeEvent
                0x0000000000002af8       0x22 xcp_ext_common.o
                0x0000000000002af8                xcpExtmodeEvent
 .text.xcpExtModeRunBackground
                0x0000000000002b1a       0x5c xcp_ext_common.o
                0x0000000000002b1a                xcpExtModeRunBackground
 *fill*         0x0000000000002b76        0x2 
 .text.xcpExtModeReset
                0x0000000000002b78       0xb8 xcp_ext_common.o
                0x0000000000002b78                xcpExtModeReset
 .text.unknownInputPacketHandler
                0x0000000000002c30        0xa xcp.o
 .text.discardInputPacketHandler
                0x0000000000002c3a       0x12 xcp.o
 .text.genericOutputPacketHandler
                0x0000000000002c4c       0x58 xcp.o
                0x0000000000002c4c                genericOutputPacketHandler
 .text.xcpStatusSet
                0x0000000000002ca4        0xc xcp.o
                0x0000000000002ca4                xcpStatusSet
 .text.xcpSessionStatusGet
                0x0000000000002cb0        0xc xcp.o
                0x0000000000002cb0                xcpSessionStatusGet
 .text.xcpSessionStatusSetMask
                0x0000000000002cbc       0x10 xcp.o
                0x0000000000002cbc                xcpSessionStatusSetMask
 .text.xcpSessionStatusClearMask
                0x0000000000002ccc       0x10 xcp.o
                0x0000000000002ccc                xcpSessionStatusClearMask
 .text.xcpResourceProtectionStatusGet
                0x0000000000002cdc        0xc xcp.o
                0x0000000000002cdc                xcpResourceProtectionStatusGet
 .text.xcpSessionConfigurationIdGet
                0x0000000000002ce8        0xc xcp.o
                0x0000000000002ce8                xcpSessionConfigurationIdGet
 .text.xcpInit  0x0000000000002cf4       0x38 xcp.o
                0x0000000000002cf4                xcpInit
 .text.xcpRun   0x0000000000002d2c      0x194 xcp.o
                0x0000000000002d2c                xcpRun
 .text.xcpEventExternalTimestamp
                0x0000000000002ec0       0x1c xcp.o
                0x0000000000002ec0                xcpEventExternalTimestamp
 .text.xcpGetStatus
                0x0000000000002edc        0xc xcp.o
                0x0000000000002edc                xcpGetStatus
 .text.xcpReset
                0x0000000000002ee8       0x28 xcp.o
                0x0000000000002ee8                xcpReset
 .text.getStatusInputPacketHandler
                0x0000000000002f10        0x8 xcp_standard.o
 .text.uploadInputPacketHandler
                0x0000000000002f18       0x2c xcp_standard.o
 .text.synchInputPacketHandler
                0x0000000000002f44       0x12 xcp_standard.o
 .text.getStatusOutputPacketHandler
                0x0000000000002f56       0x2a xcp_standard.o
 .text.disconnectInputPacketHandler
                0x0000000000002f80       0x24 xcp_standard.o
 .text.connectInputPacketHandler
                0x0000000000002fa4       0x34 xcp_standard.o
 .text.connectOutputPacketHandler
                0x0000000000002fd8       0x3e xcp_standard.o
 *fill*         0x0000000000003016        0x2 
 .text.xcpStandardInit
                0x0000000000003018       0x10 xcp_standard.o
                0x0000000000003018                xcpStandardInit
 .text.xcpStandardReset
                0x0000000000003028        0x2 xcp_standard.o
                0x0000000000003028                xcpStandardReset
 *fill*         0x000000000000302a        0x2 
 .text.xcpStandardGetAddressFromMta
                0x000000000000302c        0xc xcp_standard.o
                0x000000000000302c                xcpStandardGetAddressFromMta
 .text.xcpStandardSetMta
                0x0000000000003038       0x1c xcp_standard.o
                0x0000000000003038                xcpStandardSetMta
 .text.shortUploadInputPacketHandler
                0x0000000000003054       0x54 xcp_standard.o
 .text.setMTAInputPacketHandler
                0x00000000000030a8       0x36 xcp_standard.o
 *fill*         0x00000000000030de        0x2 
 .text.xcpStandardIncrementMta
                0x00000000000030e0       0x10 xcp_standard.o
                0x00000000000030e0                xcpStandardIncrementMta
 .text.shortUploadOutputPacketHandler
                0x00000000000030f0       0x40 xcp_standard.o
 .text.uploadOutputPacketHandler
                0x0000000000003130       0x40 xcp_standard.o
 .text.isActiveDaqList
                0x0000000000003170       0x20 xcp_daq.o
 .text.noActiveDaqLists
                0x0000000000003190       0x2c xcp_daq.o
 .text.isValidDaqPtr
                0x00000000000031bc       0x44 xcp_daq.o
 .text.setDaqPtrInputPacketHandler
                0x0000000000003200       0x50 xcp_daq.o
 .text.writeDaqInputPacketHandler
                0x0000000000003250       0x94 xcp_daq.o
 .text.setDaqListModeInputPacketHandler
                0x00000000000032e4       0x84 xcp_daq.o
 .text.getDaqProcessorInfoInputPacketHandler
                0x0000000000003368        0x8 xcp_daq.o
 .text.getDaqResolutionInfoInputPacketHandler
                0x0000000000003370        0x8 xcp_daq.o
 .text.getDaqResolutionInfoOutputPacketHandler
                0x0000000000003378       0x28 xcp_daq.o
 .text.getDaqProcessorInfoOutputPacketHandler
                0x00000000000033a0       0x2a xcp_daq.o
 *fill*         0x00000000000033ca        0x2 
 .text.allocOdtEntryInputPacketHandler
                0x00000000000033cc       0x9c xcp_daq.o
 .text.allocOdtInputPacketHandler
                0x0000000000003468       0x80 xcp_daq.o
 .text.allocDaqInputPacketHandler
                0x00000000000034e8       0x68 xcp_daq.o
 .text.createDaqReservedPool
                0x0000000000003550       0x48 xcp_daq.o
 .text.startStopSynchInputPacketHandler
                0x0000000000003598      0x124 xcp_daq.o
 .text.startStopDaqListInputPacketHandler
                0x00000000000036bc      0x194 xcp_daq.o
 .text.startStopDaqListOutputPacketHandler
                0x0000000000003850       0x2c xcp_daq.o
 .text.xcpDaqInit
                0x000000000000387c       0x2c xcp_daq.o
                0x000000000000387c                xcpDaqInit
 .text.xcpDaqEvent
                0x00000000000038a8      0x184 xcp_daq.o
                0x00000000000038a8                xcpDaqEvent
 .text.xcpResetDaqListStatus
                0x0000000000003a2c       0xac xcp_daq.o
                0x0000000000003a2c                xcpResetDaqListStatus
 .text.freeDaqInputPacketHandler
                0x0000000000003ad8       0x24 xcp_daq.o
 .text.xcpDaqReset
                0x0000000000003afc       0x14 xcp_daq.o
                0x0000000000003afc                xcpDaqReset
 .text.shortDownloadInputPacketHandler
                0x0000000000003b10       0x5e xcp_calibration.o
 .text.downloadInputPacketHandler
                0x0000000000003b6e       0x3a xcp_calibration.o
 .text.xcpCalibrationInit
                0x0000000000003ba8       0x10 xcp_calibration.o
                0x0000000000003ba8                xcpCalibrationInit
 .text.xcpCalibrationReset
                0x0000000000003bb8        0x2 xcp_calibration.o
                0x0000000000003bb8                xcpCalibrationReset
 .text.xcpFifoInit
                0x0000000000003bba        0x8 xcp_fifo.o
                0x0000000000003bba                xcpFifoInit
 .text.xcpFifoEnqueue
                0x0000000000003bc2        0xc xcp_fifo.o
                0x0000000000003bc2                xcpFifoEnqueue
 .text.xcpFifoDequeue
                0x0000000000003bce       0x16 xcp_fifo.o
                0x0000000000003bce                xcpFifoDequeue
 .text.xcpFifoEnqueueHead
                0x0000000000003be4        0xe xcp_fifo.o
                0x0000000000003be4                xcpFifoEnqueueHead
 .text.xcpFifoReset
                0x0000000000003bf2        0x8 xcp_fifo.o
                0x0000000000003bf2                xcpFifoReset
 *fill*         0x0000000000003bfa        0x2 
 .text.xcpTransportEmptyTxFifo
                0x0000000000003bfc       0x44 xcp_transport.o
 .text.xcpTransportEmptyRxFifo
                0x0000000000003c40       0x38 xcp_transport.o
 .text.xcpTransportTx
                0x0000000000003c78       0x80 xcp_transport.o
                0x0000000000003c78                xcpTransportTx
 .text.xcpTransportRx
                0x0000000000003cf8       0x50 xcp_transport.o
                0x0000000000003cf8                xcpTransportRx
 .text.xcpTransportPacketOffset
                0x0000000000003d48        0xa xcp_transport.o
                0x0000000000003d48                xcpTransportPacketOffset
 *fill*         0x0000000000003d52        0x2 
 .text.xcpTransportTxPacketSet
                0x0000000000003d54       0x80 xcp_transport.o
                0x0000000000003d54                xcpTransportTxPacketSet
 .text.xcpTransportRxPacketGet
                0x0000000000003dd4       0x84 xcp_transport.o
                0x0000000000003dd4                xcpTransportRxPacketGet
 .text.xcpTransportMsgBufferSize
                0x0000000000003e58       0x2a xcp_transport.o
                0x0000000000003e58                xcpTransportMsgBufferSize
 *fill*         0x0000000000003e82        0x2 
 .text.xcpTransportInit
                0x0000000000003e84       0x84 xcp_transport.o
                0x0000000000003e84                xcpTransportInit
 .text.xcpTransportMaxDtoSize
                0x0000000000003f08        0x8 xcp_transport.o
                0x0000000000003f08                xcpTransportMaxDtoSize
 .text.xcpTransportMaxCtoSize
                0x0000000000003f10        0x8 xcp_transport.o
                0x0000000000003f10                xcpTransportMaxCtoSize
 .text.xcpTransportRestart
                0x0000000000003f18       0x16 xcp_transport.o
                0x0000000000003f18                xcpTransportRestart
 .text.xcpTransportResynch
                0x0000000000003f2e       0x12 xcp_transport.o
                0x0000000000003f2e                xcpTransportResynch
 .text.xcpTransportCtoReservedMemPoolId
                0x0000000000003f40        0xc xcp_transport.o
                0x0000000000003f40                xcpTransportCtoReservedMemPoolId
 .text.xcpTransportReset
                0x0000000000003f4c       0x58 xcp_transport.o
                0x0000000000003f4c                xcpTransportReset
 .text.xcpInitializePoolMemoryArea
                0x0000000000003fa4       0x28 xcp_mem_default.o
 .text.xcpMemInit
                0x0000000000003fcc       0x8c xcp_mem_default.o
                0x0000000000003fcc                xcpMemInit
 .text.xcpMemAlloc
                0x0000000000004058       0x74 xcp_mem_default.o
                0x0000000000004058                xcpMemAlloc
 .text.xcpMemFree
                0x00000000000040cc       0x3c xcp_mem_default.o
                0x00000000000040cc                xcpMemFree
 .text.xcpMemReservedPoolCreate
                0x0000000000004108       0xf0 xcp_mem_default.o
                0x0000000000004108                xcpMemReservedPoolCreate
 .text.xcpMemReservedPoolDestroy
                0x00000000000041f8       0xa8 xcp_mem_default.o
                0x00000000000041f8                xcpMemReservedPoolDestroy
 .text.xcpMemAllocFromPool
                0x00000000000042a0       0x5c xcp_mem_default.o
                0x00000000000042a0                xcpMemAllocFromPool
 .text.xcpMemReset
                0x00000000000042fc       0x44 xcp_mem_default.o
                0x00000000000042fc                xcpMemReset
 .text.xcpDrvOpen
                0x0000000000004340       0x24 xcp_drv_rtiostream.o
                0x0000000000004340                xcpDrvOpen
 .text.xcpDrvIoctl
                0x0000000000004364       0x18 xcp_drv_rtiostream.o
                0x0000000000004364                xcpDrvIoctl
 .text.xcpDrvSend
                0x000000000000437c       0x94 xcp_drv_rtiostream.o
                0x000000000000437c                xcpDrvSend
 .text.xcpDrvRecv
                0x0000000000004410       0x88 xcp_drv_rtiostream.o
                0x0000000000004410                xcpDrvRecv
 .text.xcpDrvClose
                0x0000000000004498       0x28 xcp_drv_rtiostream.o
                0x0000000000004498                xcpDrvClose
 .text.xcpSxiChecksum
                0x00000000000044c0       0x20 xcp_frame_serial.o
                0x00000000000044c0                xcpSxiChecksum
 .text.xcpFrameInit
                0x00000000000044e0       0x3c xcp_frame_serial.o
                0x00000000000044e0                xcpFrameInit
 .text.xcpFrameMsgSend
                0x000000000000451c       0xa4 xcp_frame_serial.o
                0x000000000000451c                xcpFrameMsgSend
 .text.xcpFrameMsgRecv
                0x00000000000045c0       0xbc xcp_frame_serial.o
                0x00000000000045c0                xcpFrameMsgRecv
 .text.xcpFrameCreateMsg
                0x000000000000467c       0x28 xcp_frame_serial.o
                0x000000000000467c                xcpFrameCreateMsg
 .text.xcpFrameExtractPacket
                0x00000000000046a4       0xa8 xcp_frame_serial.o
                0x00000000000046a4                xcpFrameExtractPacket
 .text.xcpFrameHeaderSize
                0x000000000000474c        0x4 xcp_frame_serial.o
                0x000000000000474c                xcpFrameHeaderSize
 .text.xcpFrameTailSize
                0x0000000000004750        0x4 xcp_frame_serial.o
                0x0000000000004750                xcpFrameTailSize
 .text.xcpFrameMaxDtoSize
                0x0000000000004754        0x8 xcp_frame_serial.o
                0x0000000000004754                xcpFrameMaxDtoSize
 .text.xcpFrameMaxCtoSize
                0x000000000000475c        0x4 xcp_frame_serial.o
                0x000000000000475c                xcpFrameMaxCtoSize
 .text.xcpFrameRestart
                0x0000000000004760       0x1c xcp_frame_serial.o
                0x0000000000004760                xcpFrameRestart
 .text.xcpFrameSetCtoReservedMemPoolId
                0x000000000000477c        0xc xcp_frame_serial.o
                0x000000000000477c                xcpFrameSetCtoReservedMemPoolId
 .text.xcpFrameReset
                0x0000000000004788       0x38 xcp_frame_serial.o
                0x0000000000004788                xcpFrameReset
 .text.xcpTransportGetInitParameters
                0x00000000000047c0       0x10 xcp_ext_param_default_serial.o
                0x00000000000047c0                xcpTransportGetInitParameters
 .text.xcpGetInitParameters
                0x00000000000047d0       0x10 xcp_ext_param_default_serial.o
                0x00000000000047d0                xcpGetInitParameters
 .text.Dummy_Handler
                0x00000000000047e0        0x2 cortex_handlers.o
                0x00000000000047e0                SYSCTRL_Handler
                0x00000000000047e0                HardFault_Handler
                0x00000000000047e0                AC_Handler
                0x00000000000047e0                PendSV_Handler
                0x00000000000047e0                NMI_Handler
                0x00000000000047e0                TC7_Handler
                0x00000000000047e0                SERCOM1_Handler
                0x00000000000047e0                ADC_Handler
                0x00000000000047e0                TCC1_Handler
                0x00000000000047e0                TCC0_Handler
                0x00000000000047e0                RTC_Handler
                0x00000000000047e0                TC6_Handler
                0x00000000000047e0                WDT_Handler
                0x00000000000047e0                TC4_Handler
                0x00000000000047e0                TC3_Handler
                0x00000000000047e0                Dummy_Handler
                0x00000000000047e0                PM_Handler
                0x00000000000047e0                TCC2_Handler
                0x00000000000047e0                EVSYS_Handler
                0x00000000000047e0                SERCOM3_Handler
                0x00000000000047e0                SERCOM4_Handler
                0x00000000000047e0                I2S_Handler
                0x00000000000047e0                NVMCTRL_Handler
                0x00000000000047e0                DAC_Handler
                0x00000000000047e0                PTC_Handler
                0x00000000000047e0                DMAC_Handler
 *fill*         0x00000000000047e2        0x2 
 .text.USB_Handler
                0x00000000000047e4       0x14 cortex_handlers.o
                0x00000000000047e4                USB_Handler
 .text.Reset_Handler
                0x00000000000047f8       0x54 cortex_handlers.o
                0x00000000000047f8                Reset_Handler
 .text.SysTick_Handler
                0x000000000000484c       0x10 cortex_handlers.o
                0x000000000000484c                SysTick_Handler
 .text.USB_SetHandler
                0x000000000000485c        0xc cortex_handlers.o
                0x000000000000485c                USB_SetHandler
 .text.__empty  0x0000000000004868        0x2 hooks.o
                0x0000000000004868                yield
 .text.__false  0x000000000000486a        0x4 hooks.o
                0x000000000000486a                sysTickHook
 *fill*         0x000000000000486e        0x2 
 .text.millis   0x0000000000004870        0xc delay.o
                0x0000000000004870                millis
 .text.delay    0x000000000000487c       0x20 delay.o
                0x000000000000487c                delay
 .text.SysTick_DefaultHandler
                0x000000000000489c       0x14 delay.o
                0x000000000000489c                SysTick_DefaultHandler
 .text.SystemInit
                0x00000000000048b0      0x168 startup.o
                0x00000000000048b0                SystemInit
 .text.EIC_Handler
                0x0000000000004a18       0x3c WInterrupts.o
                0x0000000000004a18                EIC_Handler
 .text.init     0x0000000000004a54       0xf0 wiring.o
                0x0000000000004a54                init
 .text.analogReference
                0x0000000000004b44       0x5c wiring_analog.o
                0x0000000000004b44                analogReference
 .text.pinMode  0x0000000000004ba0       0xb4 wiring_digital.o
                0x0000000000004ba0                pinMode
 .text.pinPeripheral
                0x0000000000004c54       0xc4 wiring_private.o
                0x0000000000004c54                pinPeripheral
 .text._ZNK9IPAddress7printToER5Print
                0x0000000000004d18       0x3c IPAddress.o
                0x0000000000004d18                IPAddress::printTo(Print&) const
 .text.startup._GLOBAL__sub_I__ZN9IPAddressC2Ev
                0x0000000000004d54       0x1c IPAddress.o
 .text._Znwj    0x0000000000004d70        0x8 new.o
                0x0000000000004d70                operator new(unsigned int)
 .text._ZdlPv   0x0000000000004d78        0x8 new.o
                0x0000000000004d78                operator delete(void*)
 .text._ZN5Print17availableForWriteEv
                0x0000000000004d80        0x4 Print.o
                0x0000000000004d80                Print::availableForWrite()
 .text._ZN5Print5writeEPKhj
                0x0000000000004d84       0x28 Print.o
                0x0000000000004d84                Print::write(unsigned char const*, unsigned int)
 .text._ZN5Print5printEmi.part.3
                0x0000000000004dac        0xc Print.o
 .text._ZN5Print5writeEPKc
                0x0000000000004db8       0x1c Print.o
                0x0000000000004db8                Print::write(char const*)
 .text._ZN5Print5printEc
                0x0000000000004dd4        0xa Print.o
                0x0000000000004dd4                Print::print(char)
 .text._ZN5Print11printNumberEmh
                0x0000000000004dde       0x4e Print.o
                0x0000000000004dde                Print::printNumber(unsigned long, unsigned char)
 .text._ZN5Print5printEmi
                0x0000000000004e2c       0x14 Print.o
                0x0000000000004e2c                Print::print(unsigned long, int)
 .text._ZN5Print5printEhi
                0x0000000000004e40        0x8 Print.o
                0x0000000000004e40                Print::print(unsigned char, int)
 .text.initiateReset
                0x0000000000004e48        0xc Reset.o
                0x0000000000004e48                initiateReset
 .text.cancelReset
                0x0000000000004e54       0x10 Reset.o
                0x0000000000004e54                cancelReset
 .text.tickReset
                0x0000000000004e64       0x74 Reset.o
                0x0000000000004e64                tickReset
 .text._ZN6SERCOMC2EP6Sercom
                0x0000000000004ed8        0x4 SERCOM.o
                0x0000000000004ed8                SERCOM::SERCOM(Sercom*)
                0x0000000000004ed8                SERCOM::SERCOM(Sercom*)
 .text._ZN6SERCOM9initFrameE18SercomUartCharSize15SercomDataOrder16SercomParityMode19SercomNumberStopBit
                0x0000000000004edc       0x38 SERCOM.o
                0x0000000000004edc                SERCOM::initFrame(SercomUartCharSize, SercomDataOrder, SercomParityMode, SercomNumberStopBit)
 .text._ZN6SERCOM8initPadsE15SercomUartTXPad11SercomRXPad
                0x0000000000004f14       0x26 SERCOM.o
                0x0000000000004f14                SERCOM::initPads(SercomUartTXPad, SercomRXPad)
 .text._ZN6SERCOM9resetUARTEv
                0x0000000000004f3a       0x1c SERCOM.o
                0x0000000000004f3a                SERCOM::resetUART()
 .text._ZN6SERCOM10enableUARTEv
                0x0000000000004f56       0x14 SERCOM.o
                0x0000000000004f56                SERCOM::enableUART()
 .text._ZN6SERCOM9flushUARTEv
                0x0000000000004f6a       0x10 SERCOM.o
                0x0000000000004f6a                SERCOM::flushUART()
 .text._ZN6SERCOM15clearStatusUARTEv
                0x0000000000004f7a        0x8 SERCOM.o
                0x0000000000004f7a                SERCOM::clearStatusUART()
 .text._ZN6SERCOM17availableDataUARTEv
                0x0000000000004f82        0xa SERCOM.o
                0x0000000000004f82                SERCOM::availableDataUART()
 .text._ZN6SERCOM11isUARTErrorEv
                0x0000000000004f8c        0x8 SERCOM.o
                0x0000000000004f8c                SERCOM::isUARTError()
 .text._ZN6SERCOM20acknowledgeUARTErrorEv
                0x0000000000004f94        0xe SERCOM.o
                0x0000000000004f94                SERCOM::acknowledgeUARTError()
 .text._ZN6SERCOM16isFrameErrorUARTEv
                0x0000000000004fa2        0xa SERCOM.o
                0x0000000000004fa2                SERCOM::isFrameErrorUART()
 .text._ZN6SERCOM19clearFrameErrorUARTEv
                0x0000000000004fac        0xc SERCOM.o
                0x0000000000004fac                SERCOM::clearFrameErrorUART()
 .text._ZN6SERCOM23isDataRegisterEmptyUARTEv
                0x0000000000004fb8        0xa SERCOM.o
                0x0000000000004fb8                SERCOM::isDataRegisterEmptyUART()
 .text._ZN6SERCOM12readDataUARTEv
                0x0000000000004fc2        0x8 SERCOM.o
                0x0000000000004fc2                SERCOM::readDataUART()
 .text._ZN6SERCOM13writeDataUARTEh
                0x0000000000004fca        0xe SERCOM.o
                0x0000000000004fca                SERCOM::writeDataUART(unsigned char)
 .text._ZN6SERCOM36enableDataRegisterEmptyInterruptUARTEv
                0x0000000000004fd8        0x8 SERCOM.o
                0x0000000000004fd8                SERCOM::enableDataRegisterEmptyInterruptUART()
 .text._ZN6SERCOM37disableDataRegisterEmptyInterruptUARTEv
                0x0000000000004fe0        0x8 SERCOM.o
                0x0000000000004fe0                SERCOM::disableDataRegisterEmptyInterruptUART()
 .text._ZN6SERCOM9resetWIREEv
                0x0000000000004fe8       0x1c SERCOM.o
                0x0000000000004fe8                SERCOM::resetWIRE()
 .text._ZN6SERCOM10enableWIREEv
                0x0000000000005004       0x28 SERCOM.o
                0x0000000000005004                SERCOM::enableWIRE()
 .text._ZN6SERCOM11disableWIREEv
                0x000000000000502c       0x14 SERCOM.o
                0x000000000000502c                SERCOM::disableWIRE()
 .text._ZN6SERCOM18prepareNackBitWIREEv
                0x0000000000005040       0x10 SERCOM.o
                0x0000000000005040                SERCOM::prepareNackBitWIRE()
 .text._ZN6SERCOM17prepareAckBitWIREEv
                0x0000000000005050       0x14 SERCOM.o
                0x0000000000005050                SERCOM::prepareAckBitWIRE()
 .text._ZN6SERCOM22prepareCommandBitsWireEh
                0x0000000000005064       0x2c SERCOM.o
                0x0000000000005064                SERCOM::prepareCommandBitsWire(unsigned char)
 .text._ZN6SERCOM21startTransmissionWIREEh23SercomWireReadWriteFlag
                0x0000000000005090       0x5e SERCOM.o
                0x0000000000005090                SERCOM::startTransmissionWIRE(unsigned char, SercomWireReadWriteFlag)
 .text._ZN6SERCOM18sendDataMasterWIREEh
                0x00000000000050ee       0x22 SERCOM.o
                0x00000000000050ee                SERCOM::sendDataMasterWIRE(unsigned char)
 .text._ZN6SERCOM17sendDataSlaveWIREEh
                0x0000000000005110       0x1a SERCOM.o
                0x0000000000005110                SERCOM::sendDataSlaveWIRE(unsigned char)
 .text._ZN6SERCOM11isSlaveWIREEv
                0x000000000000512a       0x12 SERCOM.o
                0x000000000000512a                SERCOM::isSlaveWIRE()
 .text._ZN6SERCOM15isDataReadyWIREEv
                0x000000000000513c        0xa SERCOM.o
                0x000000000000513c                SERCOM::isDataReadyWIRE()
 .text._ZN6SERCOM18isStopDetectedWIREEv
                0x0000000000005146        0xa SERCOM.o
                0x0000000000005146                SERCOM::isStopDetectedWIRE()
 .text._ZN6SERCOM21isRestartDetectedWIREEv
                0x0000000000005150        0xa SERCOM.o
                0x0000000000005150                SERCOM::isRestartDetectedWIRE()
 .text._ZN6SERCOM14isAddressMatchEv
                0x000000000000515a        0xa SERCOM.o
                0x000000000000515a                SERCOM::isAddressMatch()
 .text._ZN6SERCOM25isMasterReadOperationWIREEv
                0x0000000000005164        0xa SERCOM.o
                0x0000000000005164                SERCOM::isMasterReadOperationWIRE()
 .text._ZN6SERCOM12readDataWIREEv
                0x000000000000516e       0x1a SERCOM.o
                0x000000000000516e                SERCOM::readDataWIRE()
 .text._ZN6SERCOM13initClockNVICEv
                0x0000000000005188       0xac SERCOM.o
                0x0000000000005188                SERCOM::initClockNVIC()
 .text._ZN6SERCOM8initUARTE14SercomUartMode20SercomUartSampleRatem
                0x0000000000005234       0x6c SERCOM.o
                0x0000000000005234                SERCOM::initUART(SercomUartMode, SercomUartSampleRate, unsigned long)
 .text._ZN6SERCOM14initMasterWIREEm
                0x00000000000052a0       0x54 SERCOM.o
                0x00000000000052a0                SERCOM::initMasterWIRE(unsigned long)
 .text._ZN4UartcvbEv
                0x00000000000052f4        0x4 Uart.o
                0x00000000000052f4                Uart::operator bool()
 .text._ZN4Uart5beginEm
                0x00000000000052f8       0x10 Uart.o
                0x00000000000052f8                Uart::begin(unsigned long)
 .text._ZN4Uart4peekEv
                0x0000000000005308       0x1a Uart.o
                0x0000000000005308                Uart::peek()
 .text._ZN4Uart3endEv
                0x0000000000005322       0x20 Uart.o
                0x0000000000005322                Uart::end()
 *fill*         0x0000000000005342        0x2 
 .text._ZN4UartC2EP6SERCOMhh11SercomRXPad15SercomUartTXPadhh
                0x0000000000005344       0xa4 Uart.o
                0x0000000000005344                Uart::Uart(SERCOM*, unsigned char, unsigned char, SercomRXPad, SercomUartTXPad, unsigned char, unsigned char)
                0x0000000000005344                Uart::Uart(SERCOM*, unsigned char, unsigned char, SercomRXPad, SercomUartTXPad, unsigned char, unsigned char)
 .text._ZN4UartC2EP6SERCOMhh11SercomRXPad15SercomUartTXPad
                0x00000000000053e8       0x24 Uart.o
                0x00000000000053e8                Uart::Uart(SERCOM*, unsigned char, unsigned char, SercomRXPad, SercomUartTXPad)
                0x00000000000053e8                Uart::Uart(SERCOM*, unsigned char, unsigned char, SercomRXPad, SercomUartTXPad)
 .text._ZN4Uart16extractNbStopBitEt
                0x000000000000540c        0xe Uart.o
                0x000000000000540c                Uart::extractNbStopBit(unsigned short)
 .text._ZN4Uart15extractCharSizeEt
                0x000000000000541a       0x2c Uart.o
                0x000000000000541a                Uart::extractCharSize(unsigned short)
 .text._ZN4Uart13extractParityEt
                0x0000000000005446       0x18 Uart.o
                0x0000000000005446                Uart::extractParity(unsigned short)
 *fill*         0x000000000000545e        0x2 
 .text._ZN4Uart5beginEmt
                0x0000000000005460       0xf8 Uart.o
                0x0000000000005460                Uart::begin(unsigned long, unsigned short)
 .text._ZN11RingBufferNILi256EE9availableEv
                0x0000000000005558       0x12 Uart.o
                0x0000000000005558                RingBufferN<256>::available()
 .text._ZN4Uart5flushEv
                0x000000000000556a       0x1a Uart.o
                0x000000000000556a                Uart::flush()
 .text._ZN4Uart9availableEv
                0x0000000000005584        0xa Uart.o
                0x0000000000005584                Uart::available()
 .text._ZN11RingBufferNILi256EE17availableForStoreEv
                0x000000000000558e       0x1e Uart.o
                0x000000000000558e                RingBufferN<256>::availableForStore()
 .text._ZN4Uart17availableForWriteEv
                0x00000000000055ac        0xc Uart.o
                0x00000000000055ac                Uart::availableForWrite()
 .text._ZN4Uart10IrqHandlerEv
                0x00000000000055b8       0xc8 Uart.o
                0x00000000000055b8                Uart::IrqHandler()
 .text._ZN4Uart5writeEh
                0x0000000000005680       0xb4 Uart.o
                0x0000000000005680                Uart::write(unsigned char)
 .text._ZN4Uart4readEv
                0x0000000000005734       0x4c Uart.o
                0x0000000000005734                Uart::read()
 .text._ZN7Serial_17availableForWriteEv
                0x0000000000005780        0x4 CDC.o
                0x0000000000005780                Serial_::availableForWrite()
 .text._ZN7Serial_5writeEh
                0x0000000000005784       0x14 CDC.o
                0x0000000000005784                Serial_::write(unsigned char)
 .text._ZN7Serial_9availableEv
                0x0000000000005798        0xc CDC.o
                0x0000000000005798                Serial_::available()
 .text._ZN7Serial_5flushEv
                0x00000000000057a4        0xc CDC.o
                0x00000000000057a4                Serial_::flush()
 .text._ZN7Serial_5writeEPKhj
                0x00000000000057b0       0x1c CDC.o
                0x00000000000057b0                Serial_::write(unsigned char const*, unsigned int)
 .text._ZN7Serial_4peekEv
                0x00000000000057cc       0x1c CDC.o
                0x00000000000057cc                Serial_::peek()
 .text._ZN7Serial_4readEv
                0x00000000000057e8       0x24 CDC.o
                0x00000000000057e8                Serial_::read()
 .text._Z16CDC_GetInterfacePh
                0x000000000000580c       0x1c CDC.o
                0x000000000000580c                CDC_GetInterface(unsigned char*)
 .text._Z9CDC_SetupR8USBSetup
                0x0000000000005828       0x80 CDC.o
                0x0000000000005828                CDC_Setup(USBSetup&)
 .text._ZN7Serial_5beginEm
                0x00000000000058a8        0x2 CDC.o
                0x00000000000058a8                Serial_::begin(unsigned long)
 *fill*         0x00000000000058aa        0x2 
 .text.startup._GLOBAL__sub_I__Z17_CDC_GetInterfacev
                0x00000000000058ac       0x28 CDC.o
 .text._ZN13PluggableUSB_12getInterfaceEPh
                0x00000000000058d4       0x2a PluggableUSB.o
                0x00000000000058d4                PluggableUSB_::getInterface(unsigned char*)
 .text._ZN13PluggableUSB_13getDescriptorER8USBSetup
                0x00000000000058fe       0x20 PluggableUSB.o
                0x00000000000058fe                PluggableUSB_::getDescriptor(USBSetup&)
 .text._ZN13PluggableUSB_12getShortNameEPc
                0x000000000000591e       0x1e PluggableUSB.o
                0x000000000000591e                PluggableUSB_::getShortName(char*)
 .text._ZN13PluggableUSB_5setupER8USBSetup
                0x000000000000593c       0x24 PluggableUSB.o
                0x000000000000593c                PluggableUSB_::setup(USBSetup&)
 .text._Z12PluggableUSBv
                0x0000000000005960       0x24 PluggableUSB.o
                0x0000000000005960                PluggableUSB()
 .text._ZL5utox8mPc
                0x0000000000005984       0x1c USBCore.o
 .text._ZN26DoubleBufferedEPOutHandlerD2Ev
                0x00000000000059a0       0x1c USBCore.o
                0x00000000000059a0                DoubleBufferedEPOutHandler::~DoubleBufferedEPOutHandler()
                0x00000000000059a0                DoubleBufferedEPOutHandler::~DoubleBufferedEPOutHandler()
 .text._ZN26DoubleBufferedEPOutHandlerD0Ev
                0x00000000000059bc       0x12 USBCore.o
                0x00000000000059bc                DoubleBufferedEPOutHandler::~DoubleBufferedEPOutHandler()
 *fill*         0x00000000000059ce        0x2 
 .text._ZN14USBDeviceClass6initEPEmm.part.4
                0x00000000000059d0       0xc8 USBCore.o
 .text._ZN20USBDevice_SAMD21G18x5resetEv
                0x0000000000005a98       0x28 USBCore.o
                0x0000000000005a98                USBDevice_SAMD21G18x::reset()
 .text._ZN20USBDevice_SAMD21G18x9calibrateEv
                0x0000000000005ac0       0x5c USBCore.o
                0x0000000000005ac0                USBDevice_SAMD21G18x::calibrate()
 .text._ZN7__GuardC2Ev
                0x0000000000005b1c        0xe USBCore.o
                0x0000000000005b1c                __Guard::__Guard()
                0x0000000000005b1c                __Guard::__Guard()
 .text._ZN7__GuardD2Ev
                0x0000000000005b2a        0xe USBCore.o
                0x0000000000005b2a                __Guard::~__Guard()
                0x0000000000005b2a                __Guard::~__Guard()
 .text._ZNK26DoubleBufferedEPOutHandler9availableEv
                0x0000000000005b38       0x5e USBCore.o
                0x0000000000005b38                DoubleBufferedEPOutHandler::available() const
 *fill*         0x0000000000005b96        0x2 
 .text._ZN26DoubleBufferedEPOutHandler7releaseEv
                0x0000000000005b98       0x58 USBCore.o
                0x0000000000005b98                DoubleBufferedEPOutHandler::release()
 .text._ZN26DoubleBufferedEPOutHandler4recvEPvm
                0x0000000000005bf0      0x11c USBCore.o
                0x0000000000005bf0                DoubleBufferedEPOutHandler::recv(void*, unsigned long)
 .text._ZN26DoubleBufferedEPOutHandler14handleEndpointEv
                0x0000000000005d0c       0xc8 USBCore.o
                0x0000000000005d0c                DoubleBufferedEPOutHandler::handleEndpoint()
 .text._ZN14USBDeviceClass14SendInterfacesEPm
                0x0000000000005dd4       0x2c USBCore.o
                0x0000000000005dd4                USBDeviceClass::SendInterfaces(unsigned long*)
 .text._ZN14USBDeviceClass14handleEndpointEh
                0x0000000000005e00       0x40 USBCore.o
                0x0000000000005e00                USBDeviceClass::handleEndpoint(unsigned char)
 .text._ZN14USBDeviceClass4initEv
                0x0000000000005e40       0xc0 USBCore.o
                0x0000000000005e40                USBDeviceClass::init()
 .text._ZN14USBDeviceClass6attachEv
                0x0000000000005f00       0x34 USBCore.o
                0x0000000000005f00                USBDeviceClass::attach()
 .text._ZN14USBDeviceClass10setAddressEm
                0x0000000000005f34       0x48 USBCore.o
                0x0000000000005f34                USBDeviceClass::setAddress(unsigned long)
 .text._ZN14USBDeviceClass25handleClassInterfaceSetupER8USBSetup
                0x0000000000005f7c       0x40 USBCore.o
                0x0000000000005f7c                USBDeviceClass::handleClassInterfaceSetup(USBSetup&)
 .text._ZN14USBDeviceClass6initEPEmm
                0x0000000000005fbc       0xf8 USBCore.o
                0x0000000000005fbc                USBDeviceClass::initEP(unsigned long, unsigned long)
 .text._ZN14USBDeviceClass13initEndpointsEv
                0x00000000000060b4       0x24 USBCore.o
                0x00000000000060b4                USBDeviceClass::initEndpoints()
 .text._ZN14USBDeviceClass9availableEm
                0x00000000000060d8       0x2c USBCore.o
                0x00000000000060d8                USBDeviceClass::available(unsigned long)
 .text._ZN14USBDeviceClass5flushEm
                0x0000000000006104       0x2c USBCore.o
                0x0000000000006104                USBDeviceClass::flush(unsigned long)
 .text._ZN14USBDeviceClass14armRecvCtrlOUTEm
                0x0000000000006130       0x60 USBCore.o
                0x0000000000006130                USBDeviceClass::armRecvCtrlOUT(unsigned long)
 .text._ZN14USBDeviceClass11recvControlEPvm
                0x0000000000006190       0x3c USBCore.o
                0x0000000000006190                USBDeviceClass::recvControl(void*, unsigned long)
 .text._ZN14USBDeviceClass7armRecvEm
                0x00000000000061cc       0x3c USBCore.o
                0x00000000000061cc                USBDeviceClass::armRecv(unsigned long)
 .text._ZN14USBDeviceClass4recvEmPvm
                0x0000000000006208       0xc0 USBCore.o
                0x0000000000006208                USBDeviceClass::recv(unsigned long, void*, unsigned long)
 .text._ZN14USBDeviceClass4recvEm
                0x00000000000062c8       0x1c USBCore.o
                0x00000000000062c8                USBDeviceClass::recv(unsigned long)
 .text._ZN14USBDeviceClass4sendEmPKvm
                0x00000000000062e4      0x10c USBCore.o
                0x00000000000062e4                USBDeviceClass::send(unsigned long, void const*, unsigned long)
 .text._ZN14USBDeviceClass7armSendEmPKvm
                0x00000000000063f0       0x48 USBCore.o
                0x00000000000063f0                USBDeviceClass::armSend(unsigned long, void const*, unsigned long)
 .text._ZN14USBDeviceClass11sendControlEPKvm
                0x0000000000006438       0x58 USBCore.o
                0x0000000000006438                USBDeviceClass::sendControl(void const*, unsigned long)
 .text._ZN14USBDeviceClass20sendStringDescriptorEPKhh
                0x0000000000006490       0x68 USBCore.o
                0x0000000000006490                USBDeviceClass::sendStringDescriptor(unsigned char const*, unsigned char)
 .text._ZN14USBDeviceClass12packMessagesEb.part.6
                0x00000000000064f8       0x20 USBCore.o
 .text._ZN14USBDeviceClass17sendConfigurationEm
                0x0000000000006518       0x90 USBCore.o
                0x0000000000006518                USBDeviceClass::sendConfiguration(unsigned long)
 .text._ZN14USBDeviceClass14sendDescriptorER8USBSetup
                0x00000000000065a8       0xec USBCore.o
                0x00000000000065a8                USBDeviceClass::sendDescriptor(USBSetup&)
 .text._ZN14USBDeviceClass19handleStandardSetupER8USBSetup
                0x0000000000006694      0x118 USBCore.o
                0x0000000000006694                USBDeviceClass::handleStandardSetup(USBSetup&)
 .text._ZN14USBDeviceClass10ISRHandlerEv
                0x00000000000067ac      0x108 USBCore.o
                0x00000000000067ac                USBDeviceClass::ISRHandler()
 .text.UDD_Handler
                0x00000000000068b4       0x10 USBCore.o
                0x00000000000068b4                UDD_Handler
 .text.startup._GLOBAL__sub_I__ZN20USBDevice_SAMD21G18x5resetEv
                0x00000000000068c4       0x10 USBCore.o
 .text.SERCOM5_Handler
                0x00000000000068d4       0x10 variant.o
                0x00000000000068d4                SERCOM5_Handler
 .text.SERCOM2_Handler
                0x00000000000068e4       0x10 variant.o
                0x00000000000068e4                SERCOM2_Handler
 .text.startup._GLOBAL__sub_I_g_APinDescription
                0x00000000000068f4       0xa0 variant.o
 .text.MW_Arduino_Init
                0x0000000000006994        0xe MW_ArduinoHWInit.o
                0x0000000000006994                MW_Arduino_Init
 .text.MW_Arduino_Terminate
                0x00000000000069a2        0x8 MW_ArduinoHWInit.o
                0x00000000000069a2                MW_Arduino_Terminate
 .text._ZL13Scheduler_Isrv
                0x00000000000069aa        0xc arduinoARM_M0plusScheduler.o
 *fill*         0x00000000000069b6        0x2 
 .text.TC5_Handler
                0x00000000000069b8       0x20 arduinoARM_M0plusScheduler.o
                0x00000000000069b8                TC5_Handler
 .text.Setup_SchedulerTimer
                0x00000000000069d8       0xe4 arduinoARM_M0plusScheduler.o
                0x00000000000069d8                Setup_SchedulerTimer
 .text.configureArduinoARM_M0plusTimer
                0x0000000000006abc       0x20 arduinoARM_M0plusScheduler.o
                0x0000000000006abc                configureArduinoARM_M0plusTimer
 .text.disable_rt_OneStep
                0x0000000000006adc       0x10 arduinoARM_M0plusScheduler.o
                0x0000000000006adc                disable_rt_OneStep
 .text.MW_Arduino_Loop
                0x0000000000006aec        0x4 arduinoARM_M0plusScheduler.o
                0x0000000000006aec                MW_Arduino_Loop
 .text.arm_cortex_m_call_thread_with_context_switch
                0x0000000000006af0       0x24 m0m1m0plus_multitasking.o
                0x0000000000006af0                arm_cortex_m_call_thread_with_context_switch
 .text.SVC_Handler
                0x0000000000006b14       0x2c m0m1m0plus_multitasking.o
                0x0000000000006b14                SVC_Handler
 .text.rtIOStreamOpen
                0x0000000000006b40       0x28 rtiostream_serial_daemon.o
                0x0000000000006b40                rtIOStreamOpen
 .text.rtIOStreamRecv
                0x0000000000006b68       0x64 rtiostream_serial_daemon.o
                0x0000000000006b68                rtIOStreamRecv
 .text.rtIOStreamClose
                0x0000000000006bcc       0x24 rtiostream_serial_daemon.o
                0x0000000000006bcc                rtIOStreamClose
 .text.rtIOStreamSend
                0x0000000000006bf0       0x18 rtiostream_serial_daemon.o
                0x0000000000006bf0                rtIOStreamSend
 .text.sys_arch_protect
                0x0000000000006c08        0x8 sys_arch.o
                0x0000000000006c08                sys_arch_protect
 .text.sys_arch_unprotect
                0x0000000000006c10        0x6 sys_arch.o
                0x0000000000006c10                sys_arch_unprotect
 .text._ZN7TwoWire5writeEPKhj
                0x0000000000006c16       0x24 Wire.o
                0x0000000000006c16                TwoWire::write(unsigned char const*, unsigned int)
 .text._ZN7TwoWire5flushEv
                0x0000000000006c3a        0x2 Wire.o
                0x0000000000006c3a                TwoWire::flush()
 .text._ZN7TwoWire4peekEv
                0x0000000000006c3c       0x1a Wire.o
                0x0000000000006c3c                TwoWire::peek()
 .text._ZN7TwoWire9availableEv
                0x0000000000006c56       0x12 Wire.o
                0x0000000000006c56                TwoWire::available()
 .text._ZN7TwoWireC2EP6SERCOMhh
                0x0000000000006c68       0x5c Wire.o
                0x0000000000006c68                TwoWire::TwoWire(SERCOM*, unsigned char, unsigned char)
                0x0000000000006c68                TwoWire::TwoWire(SERCOM*, unsigned char, unsigned char)
 .text._ZN7TwoWire5beginEv
                0x0000000000006cc4       0x40 Wire.o
                0x0000000000006cc4                TwoWire::begin()
 .text._ZN7TwoWire8setClockEm
                0x0000000000006d04       0x1c Wire.o
                0x0000000000006d04                TwoWire::setClock(unsigned long)
 .text._ZN7TwoWire3endEv
                0x0000000000006d20        0xa Wire.o
                0x0000000000006d20                TwoWire::end()
 .text._ZN7TwoWire17beginTransmissionEh
                0x0000000000006d2a       0x18 Wire.o
                0x0000000000006d2a                TwoWire::beginTransmission(unsigned char)
 .text._ZN11RingBufferNILi256EE10store_charEh
                0x0000000000006d42       0x1a Wire.o
                0x0000000000006d42                RingBufferN<256>::store_char(unsigned char)
 .text._ZN7TwoWire11requestFromEhjb
                0x0000000000006d5c       0x76 Wire.o
                0x0000000000006d5c                TwoWire::requestFrom(unsigned char, unsigned int, bool)
 .text._ZN7TwoWire11requestFromEhj
                0x0000000000006dd2        0xa Wire.o
                0x0000000000006dd2                TwoWire::requestFrom(unsigned char, unsigned int)
 .text._ZN7TwoWire5writeEh
                0x0000000000006ddc       0x2a Wire.o
                0x0000000000006ddc                TwoWire::write(unsigned char)
 .text._ZN11RingBufferNILi256EE9read_charEv
                0x0000000000006e06       0x20 Wire.o
                0x0000000000006e06                RingBufferN<256>::read_char()
 .text._ZN7TwoWire15endTransmissionEb
                0x0000000000006e26       0x72 Wire.o
                0x0000000000006e26                TwoWire::endTransmission(bool)
 .text._ZN7TwoWire4readEv
                0x0000000000006e98        0xa Wire.o
                0x0000000000006e98                TwoWire::read()
 .text._ZN7TwoWire9onServiceEv
                0x0000000000006ea2      0x11c Wire.o
                0x0000000000006ea2                TwoWire::onService()
 *fill*         0x0000000000006fbe        0x2 
 .text.SERCOM0_Handler
                0x0000000000006fc0       0x10 Wire.o
                0x0000000000006fc0                SERCOM0_Handler
 .text.startup._GLOBAL__sub_I__ZN7TwoWireC2EP6SERCOMhh
                0x0000000000006fd0       0x18 Wire.o
 .text.rt_OneStep
                0x0000000000006fe8       0x38 ert_main.o
                0x0000000000006fe8                rt_OneStep
 .text.startup.main
                0x0000000000007020       0xfc ert_main.o
                0x0000000000007020                main
 .text.__fpclassifyd
                0x000000000000711c       0x60 /Users/emiliendurif/Documents/MATLAB/SupportPackages/R2019b/3P.instrset/arduinoide.instrset/idepkgs/packages/arduino/tools/arm-none-eabi-gcc/4.8.3-2014q1/bin/../lib/gcc/arm-none-eabi/4.8.3/../../../../arm-none-eabi/lib/armv6-m/libm.a(lib_a-s_fpclassify.o)
                0x000000000000711c                __fpclassifyd
 *fill*         0x000000000000717c        0x4 
 .text.fmod     0x0000000000007180       0xd0 /Users/emiliendurif/Documents/MATLAB/SupportPackages/R2019b/3P.instrset/arduinoide.instrset/idepkgs/packages/arduino/tools/arm-none-eabi-gcc/4.8.3-2014q1/bin/../lib/gcc/arm-none-eabi/4.8.3/../../../../arm-none-eabi/lib/armv6-m/libm.a(lib_a-w_fmod.o)
                0x0000000000007180                fmod
 .text.__ieee754_fmod
                0x0000000000007250      0x29c /Users/emiliendurif/Documents/MATLAB/SupportPackages/R2019b/3P.instrset/arduinoide.instrset/idepkgs/packages/arduino/tools/arm-none-eabi-gcc/4.8.3-2014q1/bin/../lib/gcc/arm-none-eabi/4.8.3/../../../../arm-none-eabi/lib/armv6-m/libm.a(lib_a-e_fmod.o)
                0x0000000000007250                __ieee754_fmod
 .text.matherr  0x00000000000074ec        0x4 /Users/emiliendurif/Documents/MATLAB/SupportPackages/R2019b/3P.instrset/arduinoide.instrset/idepkgs/packages/arduino/tools/arm-none-eabi-gcc/4.8.3-2014q1/bin/../lib/gcc/arm-none-eabi/4.8.3/../../../../arm-none-eabi/lib/armv6-m/libm.a(lib_a-s_matherr.o)
                0x00000000000074ec                matherr
 .text          0x00000000000074f0       0x14 /Users/emiliendurif/Documents/MATLAB/SupportPackages/R2019b/3P.instrset/arduinoide.instrset/idepkgs/packages/arduino/tools/arm-none-eabi-gcc/4.8.3-2014q1/bin/../lib/gcc/arm-none-eabi/4.8.3/armv6-m/libgcc.a(_thumb1_case_uqi.o)
                0x00000000000074f0                __gnu_thumb1_case_uqi
 .text          0x0000000000007504       0x9c /Users/emiliendurif/Documents/MATLAB/SupportPackages/R2019b/3P.instrset/arduinoide.instrset/idepkgs/packages/arduino/tools/arm-none-eabi-gcc/4.8.3-2014q1/bin/../lib/gcc/arm-none-eabi/4.8.3/armv6-m/libgcc.a(_udivsi3.o)
                0x0000000000007504                __udivsi3
                0x0000000000007504                __aeabi_uidiv
                0x000000000000758c                __aeabi_uidivmod
 .text          0x00000000000075a0        0x4 /Users/emiliendurif/Documents/MATLAB/SupportPackages/R2019b/3P.instrset/arduinoide.instrset/idepkgs/packages/arduino/tools/arm-none-eabi-gcc/4.8.3-2014q1/bin/../lib/gcc/arm-none-eabi/4.8.3/armv6-m/libgcc.a(_dvmd_tls.o)
                0x00000000000075a0                __aeabi_ldiv0
                0x00000000000075a0                __aeabi_idiv0
 .text          0x00000000000075a4       0x7c /Users/emiliendurif/Documents/MATLAB/SupportPackages/R2019b/3P.instrset/arduinoide.instrset/idepkgs/packages/arduino/tools/arm-none-eabi-gcc/4.8.3-2014q1/bin/../lib/gcc/arm-none-eabi/4.8.3/armv6-m/libgcc.a(_arm_cmpdf2.o)
                0x00000000000075a4                __aeabi_cdrcmple
                0x00000000000075b4                __aeabi_cdcmple
                0x00000000000075b4                __aeabi_cdcmpeq
                0x00000000000075c4                __aeabi_dcmpeq
                0x00000000000075d0                __aeabi_dcmplt
                0x00000000000075e4                __aeabi_dcmple
                0x00000000000075f8                __aeabi_dcmpgt
                0x000000000000760c                __aeabi_dcmpge
 .text          0x0000000000007620       0x40 /Users/emiliendurif/Documents/MATLAB/SupportPackages/R2019b/3P.instrset/arduinoide.instrset/idepkgs/packages/arduino/tools/arm-none-eabi-gcc/4.8.3-2014q1/bin/../lib/gcc/arm-none-eabi/4.8.3/armv6-m/libgcc.a(_fixunsdfsi.o)
                0x0000000000007620                __fixunsdfsi
                0x0000000000007620                __aeabi_d2uiz
 .text          0x0000000000007660      0x638 /Users/emiliendurif/Documents/MATLAB/SupportPackages/R2019b/3P.instrset/arduinoide.instrset/idepkgs/packages/arduino/tools/arm-none-eabi-gcc/4.8.3-2014q1/bin/../lib/gcc/arm-none-eabi/4.8.3/armv6-m/libgcc.a(adddf3.o)
                0x0000000000007660                __aeabi_dadd
 .text          0x0000000000007c98      0x648 /Users/emiliendurif/Documents/MATLAB/SupportPackages/R2019b/3P.instrset/arduinoide.instrset/idepkgs/packages/arduino/tools/arm-none-eabi-gcc/4.8.3-2014q1/bin/../lib/gcc/arm-none-eabi/4.8.3/armv6-m/libgcc.a(divdf3.o)
                0x0000000000007c98                __aeabi_ddiv
 .text          0x00000000000082e0       0x94 /Users/emiliendurif/Documents/MATLAB/SupportPackages/R2019b/3P.instrset/arduinoide.instrset/idepkgs/packages/arduino/tools/arm-none-eabi-gcc/4.8.3-2014q1/bin/../lib/gcc/arm-none-eabi/4.8.3/armv6-m/libgcc.a(eqdf2.o)
                0x00000000000082e0                __eqdf2
                0x00000000000082e0                __nedf2
 .text          0x0000000000008374       0xfc /Users/emiliendurif/Documents/MATLAB/SupportPackages/R2019b/3P.instrset/arduinoide.instrset/idepkgs/packages/arduino/tools/arm-none-eabi-gcc/4.8.3-2014q1/bin/../lib/gcc/arm-none-eabi/4.8.3/armv6-m/libgcc.a(gedf2.o)
                0x0000000000008374                __gtdf2
                0x0000000000008374                __gedf2
 .text          0x0000000000008470       0xfc /Users/emiliendurif/Documents/MATLAB/SupportPackages/R2019b/3P.instrset/arduinoide.instrset/idepkgs/packages/arduino/tools/arm-none-eabi-gcc/4.8.3-2014q1/bin/../lib/gcc/arm-none-eabi/4.8.3/armv6-m/libgcc.a(ledf2.o)
                0x0000000000008470                __ltdf2
                0x0000000000008470                __ledf2
 .text          0x000000000000856c      0x520 /Users/emiliendurif/Documents/MATLAB/SupportPackages/R2019b/3P.instrset/arduinoide.instrset/idepkgs/packages/arduino/tools/arm-none-eabi-gcc/4.8.3-2014q1/bin/../lib/gcc/arm-none-eabi/4.8.3/armv6-m/libgcc.a(muldf3.o)
                0x000000000000856c                __aeabi_dmul
 .text          0x0000000000008a8c      0x654 /Users/emiliendurif/Documents/MATLAB/SupportPackages/R2019b/3P.instrset/arduinoide.instrset/idepkgs/packages/arduino/tools/arm-none-eabi-gcc/4.8.3-2014q1/bin/../lib/gcc/arm-none-eabi/4.8.3/armv6-m/libgcc.a(subdf3.o)
                0x0000000000008a8c                __aeabi_dsub
 .text          0x00000000000090e0       0x68 /Users/emiliendurif/Documents/MATLAB/SupportPackages/R2019b/3P.instrset/arduinoide.instrset/idepkgs/packages/arduino/tools/arm-none-eabi-gcc/4.8.3-2014q1/bin/../lib/gcc/arm-none-eabi/4.8.3/armv6-m/libgcc.a(fixdfsi.o)
                0x00000000000090e0                __aeabi_d2iz
 .text          0x0000000000009148       0x7c /Users/emiliendurif/Documents/MATLAB/SupportPackages/R2019b/3P.instrset/arduinoide.instrset/idepkgs/packages/arduino/tools/arm-none-eabi-gcc/4.8.3-2014q1/bin/../lib/gcc/arm-none-eabi/4.8.3/armv6-m/libgcc.a(floatsidf.o)
                0x0000000000009148                __aeabi_i2d
 .text          0x00000000000091c4       0x68 /Users/emiliendurif/Documents/MATLAB/SupportPackages/R2019b/3P.instrset/arduinoide.instrset/idepkgs/packages/arduino/tools/arm-none-eabi-gcc/4.8.3-2014q1/bin/../lib/gcc/arm-none-eabi/4.8.3/armv6-m/libgcc.a(floatunsidf.o)
                0x00000000000091c4                __aeabi_ui2d
 .text          0x000000000000922c       0x3c /Users/emiliendurif/Documents/MATLAB/SupportPackages/R2019b/3P.instrset/arduinoide.instrset/idepkgs/packages/arduino/tools/arm-none-eabi-gcc/4.8.3-2014q1/bin/../lib/gcc/arm-none-eabi/4.8.3/armv6-m/libgcc.a(_clzsi2.o)
                0x000000000000922c                __clzsi2
 .text.__errno  0x0000000000009268        0xc /Users/emiliendurif/Documents/MATLAB/SupportPackages/R2019b/3P.instrset/arduinoide.instrset/idepkgs/packages/arduino/tools/arm-none-eabi-gcc/4.8.3-2014q1/bin/../lib/gcc/arm-none-eabi/4.8.3/../../../../arm-none-eabi/lib/armv6-m/libg_s.a(lib_a-errno.o)
                0x0000000000009268                __errno
 .text.exit     0x0000000000009274       0x2c /Users/emiliendurif/Documents/MATLAB/SupportPackages/R2019b/3P.instrset/arduinoide.instrset/idepkgs/packages/arduino/tools/arm-none-eabi-gcc/4.8.3-2014q1/bin/../lib/gcc/arm-none-eabi/4.8.3/../../../../arm-none-eabi/lib/armv6-m/libg_s.a(lib_a-exit.o)
                0x0000000000009274                exit
 .text.__libc_init_array
                0x00000000000092a0       0x4c /Users/emiliendurif/Documents/MATLAB/SupportPackages/R2019b/3P.instrset/arduinoide.instrset/idepkgs/packages/arduino/tools/arm-none-eabi-gcc/4.8.3-2014q1/bin/../lib/gcc/arm-none-eabi/4.8.3/../../../../arm-none-eabi/lib/armv6-m/libg_s.a(lib_a-init.o)
                0x00000000000092a0                __libc_init_array
 .text.malloc   0x00000000000092ec       0x14 /Users/emiliendurif/Documents/MATLAB/SupportPackages/R2019b/3P.instrset/arduinoide.instrset/idepkgs/packages/arduino/tools/arm-none-eabi-gcc/4.8.3-2014q1/bin/../lib/gcc/arm-none-eabi/4.8.3/../../../../arm-none-eabi/lib/armv6-m/libg_s.a(lib_a-malloc.o)
                0x00000000000092ec                malloc
 .text.free     0x0000000000009300       0x14 /Users/emiliendurif/Documents/MATLAB/SupportPackages/R2019b/3P.instrset/arduinoide.instrset/idepkgs/packages/arduino/tools/arm-none-eabi-gcc/4.8.3-2014q1/bin/../lib/gcc/arm-none-eabi/4.8.3/../../../../arm-none-eabi/lib/armv6-m/libg_s.a(lib_a-malloc.o)
                0x0000000000009300                free
 .text.memcpy   0x0000000000009314       0x12 /Users/emiliendurif/Documents/MATLAB/SupportPackages/R2019b/3P.instrset/arduinoide.instrset/idepkgs/packages/arduino/tools/arm-none-eabi-gcc/4.8.3-2014q1/bin/../lib/gcc/arm-none-eabi/4.8.3/../../../../arm-none-eabi/lib/armv6-m/libg_s.a(lib_a-memcpy-stub.o)
                0x0000000000009314                memcpy
 .text.memset   0x0000000000009326       0x10 /Users/emiliendurif/Documents/MATLAB/SupportPackages/R2019b/3P.instrset/arduinoide.instrset/idepkgs/packages/arduino/tools/arm-none-eabi-gcc/4.8.3-2014q1/bin/../lib/gcc/arm-none-eabi/4.8.3/../../../../arm-none-eabi/lib/armv6-m/libg_s.a(lib_a-memset.o)
                0x0000000000009326                memset
 *fill*         0x0000000000009336        0x2 
 .text._free_r  0x0000000000009338       0x90 /Users/emiliendurif/Documents/MATLAB/SupportPackages/R2019b/3P.instrset/arduinoide.instrset/idepkgs/packages/arduino/tools/arm-none-eabi-gcc/4.8.3-2014q1/bin/../lib/gcc/arm-none-eabi/4.8.3/../../../../arm-none-eabi/lib/armv6-m/libg_s.a(lib_a-nano-freer.o)
                0x0000000000009338                _free_r
 .text._malloc_r
                0x00000000000093c8       0xa8 /Users/emiliendurif/Documents/MATLAB/SupportPackages/R2019b/3P.instrset/arduinoide.instrset/idepkgs/packages/arduino/tools/arm-none-eabi-gcc/4.8.3-2014q1/bin/../lib/gcc/arm-none-eabi/4.8.3/../../../../arm-none-eabi/lib/armv6-m/libg_s.a(lib_a-nano-mallocr.o)
                0x00000000000093c8                _malloc_r
 .text._sbrk_r  0x0000000000009470       0x24 /Users/emiliendurif/Documents/MATLAB/SupportPackages/R2019b/3P.instrset/arduinoide.instrset/idepkgs/packages/arduino/tools/arm-none-eabi-gcc/4.8.3-2014q1/bin/../lib/gcc/arm-none-eabi/4.8.3/../../../../arm-none-eabi/lib/armv6-m/libg_s.a(lib_a-sbrkr.o)
                0x0000000000009470                _sbrk_r
 .text.strlen   0x0000000000009494        0xe /Users/emiliendurif/Documents/MATLAB/SupportPackages/R2019b/3P.instrset/arduinoide.instrset/idepkgs/packages/arduino/tools/arm-none-eabi-gcc/4.8.3-2014q1/bin/../lib/gcc/arm-none-eabi/4.8.3/../../../../arm-none-eabi/lib/armv6-m/libg_s.a(lib_a-strlen.o)
                0x0000000000009494                strlen
 *fill*         0x00000000000094a2        0x2 
 .text._sbrk    0x00000000000094a4       0x34 /Users/emiliendurif/Documents/MATLAB/SupportPackages/R2019b/3P.instrset/arduinoide.instrset/idepkgs/packages/arduino/tools/arm-none-eabi-gcc/4.8.3-2014q1/bin/../lib/gcc/arm-none-eabi/4.8.3/../../../../arm-none-eabi/lib/armv6-m/libnosys.a(sbrk.o)
                0x00000000000094a4                _sbrk
 .text._exit    0x00000000000094d8        0x4 /Users/emiliendurif/Documents/MATLAB/SupportPackages/R2019b/3P.instrset/arduinoide.instrset/idepkgs/packages/arduino/tools/arm-none-eabi-gcc/4.8.3-2014q1/bin/../lib/gcc/arm-none-eabi/4.8.3/../../../../arm-none-eabi/lib/armv6-m/libnosys.a(_exit.o)
                0x00000000000094d8                _exit
 *(.init)
 .init          0x00000000000094dc        0x4 /Users/emiliendurif/Documents/MATLAB/SupportPackages/R2019b/3P.instrset/arduinoide.instrset/idepkgs/packages/arduino/tools/arm-none-eabi-gcc/4.8.3-2014q1/bin/../lib/gcc/arm-none-eabi/4.8.3/armv6-m/crti.o
                0x00000000000094dc                _init
 .init          0x00000000000094e0        0x8 /Users/emiliendurif/Documents/MATLAB/SupportPackages/R2019b/3P.instrset/arduinoide.instrset/idepkgs/packages/arduino/tools/arm-none-eabi-gcc/4.8.3-2014q1/bin/../lib/gcc/arm-none-eabi/4.8.3/armv6-m/crtn.o
 *(.fini)
 .fini          0x00000000000094e8        0x4 /Users/emiliendurif/Documents/MATLAB/SupportPackages/R2019b/3P.instrset/arduinoide.instrset/idepkgs/packages/arduino/tools/arm-none-eabi-gcc/4.8.3-2014q1/bin/../lib/gcc/arm-none-eabi/4.8.3/armv6-m/crti.o
                0x00000000000094e8                _fini
 .fini          0x00000000000094ec        0x8 /Users/emiliendurif/Documents/MATLAB/SupportPackages/R2019b/3P.instrset/arduinoide.instrset/idepkgs/packages/arduino/tools/arm-none-eabi-gcc/4.8.3-2014q1/bin/../lib/gcc/arm-none-eabi/4.8.3/armv6-m/crtn.o
 *crtbegin.o(.ctors)
 *crtbegin?.o(.ctors)
 *(EXCLUDE_FILE(*crtend.o *crtend?.o) .ctors)
 *(SORT(.ctors.*))
 *(.ctors)
 *crtbegin.o(.dtors)
 *crtbegin?.o(.dtors)
 *(EXCLUDE_FILE(*crtend.o *crtend?.o) .dtors)
 *(SORT(.dtors.*))
 *(.dtors)
 *(.rodata*)
 .rodata.str1.1
                0x00000000000094f4       0x14 lire_imu.o
 .rodata.lire_imu_M
                0x0000000000009508        0x4 lire_imu.o
                0x0000000000009508                lire_imu_M
 .rodata.rtAlwaysEnabled.12791
                0x000000000000950c        0x1 lire_imu.o
 *fill*         0x000000000000950d        0x3 
 .rodata.xcpMemMainBlocksNumber
                0x0000000000009510        0xc xcp_mem_default.o
 .rodata.xcpMemMainBlockSizes
                0x000000000000951c        0xc xcp_mem_default.o
 .rodata._ZTV9IPAddress
                0x0000000000009528       0x10 IPAddress.o
                0x0000000000009528                vtable for IPAddress
 .rodata._ZTV4Uart
                0x0000000000009538       0x38 Uart.o
                0x0000000000009538                vtable for Uart
 .rodata._ZTV7Serial_
                0x0000000000009570       0x28 CDC.o
                0x0000000000009570                vtable for Serial_
 .rodata._ZTV26DoubleBufferedEPOutHandler
                0x0000000000009598       0x20 USBCore.o
                0x0000000000009598                vtable for DoubleBufferedEPOutHandler
 .rodata._ZL19STRING_MANUFACTURER
                0x00000000000095b8        0xc USBCore.o
 .rodata._ZL15STRING_LANGUAGE
                0x00000000000095c4        0x4 USBCore.o
 .rodata._ZL21USB_DeviceDescriptorB
                0x00000000000095c8       0x12 USBCore.o
 .rodata._ZL14STRING_PRODUCT
                0x00000000000095da       0x16 USBCore.o
 .rodata.g_APinDescription
                0x00000000000095f0      0x360 variant.o
                0x00000000000095f0                g_APinDescription
 .rodata._ZTV7TwoWire
                0x0000000000009950       0x28 Wire.o
                0x0000000000009950                vtable for TwoWire
 .rodata.str1.4
                0x0000000000009978        0x8 /Users/emiliendurif/Documents/MATLAB/SupportPackages/R2019b/3P.instrset/arduinoide.instrset/idepkgs/packages/arduino/tools/arm-none-eabi-gcc/4.8.3-2014q1/bin/../lib/gcc/arm-none-eabi/4.8.3/../../../../arm-none-eabi/lib/armv6-m/libm.a(lib_a-w_fmod.o)
 .rodata.Zero   0x0000000000009980       0x10 /Users/emiliendurif/Documents/MATLAB/SupportPackages/R2019b/3P.instrset/arduinoide.instrset/idepkgs/packages/arduino/tools/arm-none-eabi-gcc/4.8.3-2014q1/bin/../lib/gcc/arm-none-eabi/4.8.3/../../../../arm-none-eabi/lib/armv6-m/libm.a(lib_a-e_fmod.o)
 .rodata        0x0000000000009990       0x40 /Users/emiliendurif/Documents/MATLAB/SupportPackages/R2019b/3P.instrset/arduinoide.instrset/idepkgs/packages/arduino/tools/arm-none-eabi-gcc/4.8.3-2014q1/bin/../lib/gcc/arm-none-eabi/4.8.3/armv6-m/libgcc.a(divdf3.o)
 .rodata        0x00000000000099d0       0x40 /Users/emiliendurif/Documents/MATLAB/SupportPackages/R2019b/3P.instrset/arduinoide.instrset/idepkgs/packages/arduino/tools/arm-none-eabi-gcc/4.8.3-2014q1/bin/../lib/gcc/arm-none-eabi/4.8.3/armv6-m/libgcc.a(muldf3.o)
 .rodata.str1.1
                0x0000000000009a10        0x2 /Users/emiliendurif/Documents/MATLAB/SupportPackages/R2019b/3P.instrset/arduinoide.instrset/idepkgs/packages/arduino/tools/arm-none-eabi-gcc/4.8.3-2014q1/bin/../lib/gcc/arm-none-eabi/4.8.3/../../../../arm-none-eabi/lib/armv6-m/libg_s.a(lib_a-impure.o)
 *fill*         0x0000000000009a12        0x2 
 .rodata._global_impure_ptr
                0x0000000000009a14        0x4 /Users/emiliendurif/Documents/MATLAB/SupportPackages/R2019b/3P.instrset/arduinoide.instrset/idepkgs/packages/arduino/tools/arm-none-eabi-gcc/4.8.3-2014q1/bin/../lib/gcc/arm-none-eabi/4.8.3/../../../../arm-none-eabi/lib/armv6-m/libg_s.a(lib_a-impure.o)
                0x0000000000009a14                _global_impure_ptr
 *(.eh_frame*)
 .eh_frame      0x0000000000009a18        0x0 /Users/emiliendurif/Documents/MATLAB/SupportPackages/R2019b/3P.instrset/arduinoide.instrset/idepkgs/packages/arduino/tools/arm-none-eabi-gcc/4.8.3-2014q1/bin/../lib/gcc/arm-none-eabi/4.8.3/armv6-m/crtbegin.o
 .eh_frame      0x0000000000009a18        0x4 /Users/emiliendurif/Documents/MATLAB/SupportPackages/R2019b/3P.instrset/arduinoide.instrset/idepkgs/packages/arduino/tools/arm-none-eabi-gcc/4.8.3-2014q1/bin/../lib/gcc/arm-none-eabi/4.8.3/armv6-m/crtend.o

.glue_7         0x0000000000009a1c        0x0
 .glue_7        0x0000000000000000        0x0 linker stubs

.glue_7t        0x0000000000009a1c        0x0
 .glue_7t       0x0000000000000000        0x0 linker stubs

.vfp11_veneer   0x0000000000009a1c        0x0
 .vfp11_veneer  0x0000000000000000        0x0 linker stubs

.v4_bx          0x0000000000009a1c        0x0
 .v4_bx         0x0000000000000000        0x0 linker stubs

.iplt           0x0000000000009a1c        0x0
 .iplt          0x0000000000000000        0x0 /Users/emiliendurif/Documents/MATLAB/SupportPackages/R2019b/3P.instrset/arduinoide.instrset/idepkgs/packages/arduino/tools/arm-none-eabi-gcc/4.8.3-2014q1/bin/../lib/gcc/arm-none-eabi/4.8.3/armv6-m/crtbegin.o

.rel.dyn        0x0000000000009a1c        0x0
 .rel.iplt      0x0000000000000000        0x0 /Users/emiliendurif/Documents/MATLAB/SupportPackages/R2019b/3P.instrset/arduinoide.instrset/idepkgs/packages/arduino/tools/arm-none-eabi-gcc/4.8.3-2014q1/bin/../lib/gcc/arm-none-eabi/4.8.3/armv6-m/crtbegin.o

.ARM.extab
 *(.ARM.extab* .gnu.linkonce.armextab.*)
                0x0000000000009a1c                __exidx_start = .

.ARM.exidx
 *(.ARM.exidx* .gnu.linkonce.armexidx.*)
                0x0000000000009a1c                __exidx_end = .
                0x0000000000009a1c                __etext = .

.data           0x0000000020000000      0x230 load address 0x0000000000009a1c
                0x0000000020000000                __data_start__ = .
 *(vtable)
 *(.data*)
 .data._ZL10mw_I2C_dev
                0x0000000020000000        0x8 MW_arduinoI2C.o
 .data.lire_imu_P
                0x0000000020000008        0x8 lire_imu_data.o
                0x0000000020000008                lire_imu_P
 .data.xcpExtmodeFinalSimulationTime
                0x0000000020000010        0x8 xcp_ext_common.o
                0x0000000020000010                xcpExtmodeFinalSimulationTime
 .data.xcpModelStatus
                0x0000000020000018        0x1 xcp_ext_common.o
                0x0000000020000018                xcpModelStatus
 *fill*         0x0000000020000019        0x3 
 .data.standardSupportedRxPacket
                0x000000002000001c       0x54 xcp_standard.o
 .data.daqSupportedRxPacket
                0x0000000020000070       0x84 xcp_daq.o
 .data.xcpCurrentDaq
                0x00000000200000f4        0x4 xcp_daq.o
 .data.calibrationSupportedRxPacket
                0x00000000200000f8       0x18 xcp_calibration.o
 .data.xcpCtoReservedMemPoolId
                0x0000000020000110        0x4 xcp_transport.o
 .data.drvID    0x0000000020000114        0x4 xcp_drv_rtiostream.o
 .data.xcpCtoReservedMemPoolId
                0x0000000020000118        0x4 xcp_frame_serial.o
 .data.SystemCoreClock
                0x000000002000011c        0x4 wiring.o
                0x000000002000011c                SystemCoreClock
 .data._ZL5ticks
                0x0000000020000120        0x4 Reset.o
 .data._ZL12_usbLineInfo
                0x0000000020000124        0x8 CDC.o
 .data._ZL10breakValue
                0x000000002000012c        0x4 CDC.o
 .data._ZL13_cdcInterface
                0x0000000020000130       0x42 CDC.o
 *fill*         0x0000000020000172        0x2 
 .data._serialPeek
                0x0000000020000174        0x4 CDC.o
                0x0000000020000174                _serialPeek
 .data.EndPoints
                0x0000000020000178       0x28 USBCore.o
                0x0000000020000178                EndPoints
 .data.__fdlib_version
                0x00000000200001a0        0x1 /Users/emiliendurif/Documents/MATLAB/SupportPackages/R2019b/3P.instrset/arduinoide.instrset/idepkgs/packages/arduino/tools/arm-none-eabi-gcc/4.8.3-2014q1/bin/../lib/gcc/arm-none-eabi/4.8.3/../../../../arm-none-eabi/lib/armv6-m/libm.a(lib_a-s_lib_ver.o)
                0x00000000200001a0                __fdlib_version
 *fill*         0x00000000200001a1        0x3 
 .data.impure_data
                0x00000000200001a4       0x60 /Users/emiliendurif/Documents/MATLAB/SupportPackages/R2019b/3P.instrset/arduinoide.instrset/idepkgs/packages/arduino/tools/arm-none-eabi-gcc/4.8.3-2014q1/bin/../lib/gcc/arm-none-eabi/4.8.3/../../../../arm-none-eabi/lib/armv6-m/libg_s.a(lib_a-impure.o)
 .data._impure_ptr
                0x0000000020000204        0x4 /Users/emiliendurif/Documents/MATLAB/SupportPackages/R2019b/3P.instrset/arduinoide.instrset/idepkgs/packages/arduino/tools/arm-none-eabi-gcc/4.8.3-2014q1/bin/../lib/gcc/arm-none-eabi/4.8.3/../../../../arm-none-eabi/lib/armv6-m/libg_s.a(lib_a-impure.o)
                0x0000000020000204                _impure_ptr
                0x0000000020000208                . = ALIGN (0x4)
                0x0000000020000208                PROVIDE (__preinit_array_start, .)
 *(.preinit_array)
                0x0000000020000208                PROVIDE (__preinit_array_end, .)
                0x0000000020000208                . = ALIGN (0x4)
                0x0000000020000208                PROVIDE (__init_array_start, .)
 *(SORT(.init_array.*))
 *(.init_array)
 .init_array    0x0000000020000208        0x4 /Users/emiliendurif/Documents/MATLAB/SupportPackages/R2019b/3P.instrset/arduinoide.instrset/idepkgs/packages/arduino/tools/arm-none-eabi-gcc/4.8.3-2014q1/bin/../lib/gcc/arm-none-eabi/4.8.3/armv6-m/crtbegin.o
 .init_array    0x000000002000020c        0x4 IPAddress.o
 .init_array    0x0000000020000210        0x4 CDC.o
 .init_array    0x0000000020000214        0x4 USBCore.o
 .init_array    0x0000000020000218        0x4 variant.o
 .init_array    0x000000002000021c        0x4 Wire.o
                0x0000000020000220                PROVIDE (__init_array_end, .)
                0x0000000020000220                . = ALIGN (0x4)
                0x0000000020000220                PROVIDE (__fini_array_start, .)
 *(SORT(.fini_array.*))
 *(.fini_array)
 .fini_array    0x0000000020000220        0x4 /Users/emiliendurif/Documents/MATLAB/SupportPackages/R2019b/3P.instrset/arduinoide.instrset/idepkgs/packages/arduino/tools/arm-none-eabi-gcc/4.8.3-2014q1/bin/../lib/gcc/arm-none-eabi/4.8.3/armv6-m/crtbegin.o
                0x0000000020000224                PROVIDE (__fini_array_end, .)
 *(.jcr*)
 .jcr           0x0000000020000224        0x0 /Users/emiliendurif/Documents/MATLAB/SupportPackages/R2019b/3P.instrset/arduinoide.instrset/idepkgs/packages/arduino/tools/arm-none-eabi-gcc/4.8.3-2014q1/bin/../lib/gcc/arm-none-eabi/4.8.3/armv6-m/crtbegin.o
 .jcr           0x0000000020000224        0x4 /Users/emiliendurif/Documents/MATLAB/SupportPackages/R2019b/3P.instrset/arduinoide.instrset/idepkgs/packages/arduino/tools/arm-none-eabi-gcc/4.8.3-2014q1/bin/../lib/gcc/arm-none-eabi/4.8.3/armv6-m/crtend.o
                0x0000000020000230                . = ALIGN (0x10)
 *fill*         0x0000000020000228        0x8 
                0x0000000020000230                __data_end__ = .

.igot.plt       0x0000000020000230        0x0 load address 0x0000000000009c4c
 .igot.plt      0x0000000000000000        0x0 /Users/emiliendurif/Documents/MATLAB/SupportPackages/R2019b/3P.instrset/arduinoide.instrset/idepkgs/packages/arduino/tools/arm-none-eabi-gcc/4.8.3-2014q1/bin/../lib/gcc/arm-none-eabi/4.8.3/armv6-m/crtbegin.o

.bss            0x0000000020000230     0x52cc load address 0x0000000000009c50
                0x0000000020000230                . = ALIGN (0x4)
                0x0000000020000230                __bss_start__ = .
 *(.bss*)
 .bss           0x0000000020000230       0x1c /Users/emiliendurif/Documents/MATLAB/SupportPackages/R2019b/3P.instrset/arduinoide.instrset/idepkgs/packages/arduino/tools/arm-none-eabi-gcc/4.8.3-2014q1/bin/../lib/gcc/arm-none-eabi/4.8.3/armv6-m/crtbegin.o
 .bss.systemRan.12793
                0x000000002000024c        0x8 lire_imu.o
 .bss.rt_ExtModeInfo.12792
                0x0000000020000254       0x14 lire_imu.o
 .bss.xcpModelChecksum0
                0x0000000020000268        0x4 xcp_ext_common.o
                0x0000000020000268                xcpModelChecksum0
 .bss.xcpModelStartRequest
                0x000000002000026c        0x1 xcp_ext_common.o
                0x000000002000026c                xcpModelStartRequest
 *fill*         0x000000002000026d        0x3 
 .bss.xcpModelChecksum1
                0x0000000020000270        0x4 xcp_ext_common.o
                0x0000000020000270                xcpModelChecksum1
 .bss.xcpExtModeLock
                0x0000000020000274        0x4 xcp_ext_common.o
 .bss.xcpModelChecksum2
                0x0000000020000278        0x4 xcp_ext_common.o
                0x0000000020000278                xcpModelChecksum2
 .bss.xcpModelChecksum3
                0x000000002000027c        0x4 xcp_ext_common.o
                0x000000002000027c                xcpModelChecksum3
 .bss.xcpModelIntegerCode
                0x0000000020000280        0x4 xcp_ext_common.o
                0x0000000020000280                xcpModelIntegerCode
 .bss.xcpModelStopRequest
                0x0000000020000284        0x1 xcp_ext_common.o
                0x0000000020000284                xcpModelStopRequest
 *fill*         0x0000000020000285        0x3 
 .bss.xcpBaseRateSimulationTime
                0x0000000020000288        0x8 xcp_ext_common.o
 .bss.xcpCurrentSimulationTimeInMs
                0x0000000020000290        0x8 xcp_ext_common.o
                0x0000000020000290                xcpCurrentSimulationTimeInMs
 .bss.xcpExtmodeSimulationComplete
                0x0000000020000298        0x1 xcp_ext_common.o
                0x0000000020000298                xcpExtmodeSimulationComplete
 .bss.xcpResourceProtectionStatus
                0x0000000020000299        0x1 xcp.o
 .bss.initialized
                0x000000002000029a        0x1 xcp.o
 .bss.xcpSessionStatus
                0x000000002000029b        0x1 xcp.o
 .bss.supportedRxPacketGroups
                0x000000002000029c       0x20 xcp.o
 .bss.xcpStatus
                0x00000000200002bc        0x1 xcp.o
 *fill*         0x00000000200002bd        0x1 
 .bss.xcpSessionConfigurationId
                0x00000000200002be        0x2 xcp.o
 .bss.xcpUploadSize
                0x00000000200002c0        0x1 xcp_standard.o
 *fill*         0x00000000200002c1        0x3 
 .bss.xcpMta    0x00000000200002c4        0x8 xcp_standard.o
 .bss.xcpDynamicDaqLists
                0x00000000200002cc        0x8 xcp_daq.o
 .bss.xcpRunningEventCounter
                0x00000000200002d4        0x4 xcp_daq.o
 .bss.xcpDaqLock
                0x00000000200002d8        0x4 xcp_daq.o
 .bss.rxLock    0x00000000200002dc        0x4 xcp_transport.o
 .bss.txFifo    0x00000000200002e0       0x10 xcp_transport.o
 .bss.initialized
                0x00000000200002f0        0x1 xcp_transport.o
 *fill*         0x00000000200002f1        0x3 
 .bss.txLock    0x00000000200002f4        0x4 xcp_transport.o
 .bss.rxFifo    0x00000000200002f8        0x8 xcp_transport.o
 .bss.xcpMemMainChunk
                0x0000000020000300     0x2107 xcp_mem_default.o
 .bss.xcpMemReservedPoolsChunk
                0x0000000020002407     0x223b xcp_mem_default.o
 *fill*         0x0000000020004642        0x2 
 .bss.xcpMemLock
                0x0000000020004644        0x4 xcp_mem_default.o
 .bss.xcpMemPoolDescriptors
                0x0000000020004648       0x64 xcp_mem_default.o
 .bss.xcpMemReservedPoolsChunkUsedBytes
                0x00000000200046ac        0x4 xcp_mem_default.o
 .bss.forceBlocking
                0x00000000200046b0        0x1 xcp_drv_rtiostream.o
 *fill*         0x00000000200046b1        0x1 
 .bss.rxCounter
                0x00000000200046b2        0x2 xcp_frame_serial.o
 .bss.initialized
                0x00000000200046b4        0x1 xcp_frame_serial.o
 *fill*         0x00000000200046b5        0x3 
 .bss.firstRxCounterReceived
                0x00000000200046b8        0x4 xcp_frame_serial.o
 .bss.txCounter
                0x00000000200046bc        0x2 xcp_frame_serial.o
 *fill*         0x00000000200046be        0x2 
 .bss.usb_isr   0x00000000200046c0        0x4 cortex_handlers.o
 .bss._ulTickCount
                0x00000000200046c4        0x4 delay.o
 .bss.ISRcallback
                0x00000000200046c8       0x44 WInterrupts.o
 .bss.ISRlist   0x000000002000470c       0x44 WInterrupts.o
 .bss.nints     0x0000000020004750        0x4 WInterrupts.o
 .bss._ZL11INADDR_NONE
                0x0000000020004754        0x8 IPAddress.o
 .bss.SerialUSB
                0x000000002000475c       0x1c CDC.o
                0x000000002000475c                SerialUSB
 .bss._ZZ12PluggableUSBvE3obj
                0x0000000020004778        0x8 PluggableUSB.o
 .bss._ZGVZ12PluggableUSBvE3obj
                0x0000000020004780        0x4 PluggableUSB.o
 .bss._ZL14isEndpointHalt
                0x0000000020004784        0x1 USBCore.o
 .bss._pack_buffer
                0x0000000020004785      0x100 USBCore.o
                0x0000000020004785                _pack_buffer
 *fill*         0x0000000020004885        0x1 
 .bss._pack_size
                0x0000000020004886        0x2 USBCore.o
                0x0000000020004886                _pack_size
 .bss._ZL20LastTransmitTimedOut
                0x0000000020004888        0x7 USBCore.o
 *fill*         0x000000002000488f        0x1 
 .bss._ZL22udd_ep_in_cache_buffer
                0x0000000020004890      0x1c0 USBCore.o
 .bss._ZL23udd_ep_out_cache_buffer
                0x0000000020004a50      0x1c0 USBCore.o
 .bss._ZL10epHandlers
                0x0000000020004c10       0x1c USBCore.o
 .bss._pack_message
                0x0000000020004c2c        0x1 USBCore.o
                0x0000000020004c2c                _pack_message
 .bss._ZL21isRemoteWakeUpEnabled
                0x0000000020004c2d        0x1 USBCore.o
 .bss._dry_run  0x0000000020004c2e        0x1 USBCore.o
                0x0000000020004c2e                _dry_run
 .bss.USBDevice
                0x0000000020004c2f        0x1 USBCore.o
                0x0000000020004c2f                USBDevice
 .bss._usbSetInterface
                0x0000000020004c30        0x4 USBCore.o
                0x0000000020004c30                _usbSetInterface
 .bss.usbd      0x0000000020004c34      0x104 USBCore.o
                0x0000000020004c34                usbd
 .bss._usbConfiguration
                0x0000000020004d38        0x4 USBCore.o
                0x0000000020004d38                _usbConfiguration
 .bss.Serial1   0x0000000020004d3c      0x23c variant.o
                0x0000000020004d3c                Serial1
 .bss.Serial2   0x0000000020004f78      0x23c variant.o
                0x0000000020004f78                Serial2
 .bss.sercom3   0x00000000200051b4        0x4 variant.o
                0x00000000200051b4                sercom3
 .bss.sercom0   0x00000000200051b8        0x4 variant.o
                0x00000000200051b8                sercom0
 .bss.sercom1   0x00000000200051bc        0x4 variant.o
                0x00000000200051bc                sercom1
 .bss.sercom2   0x00000000200051c0        0x4 variant.o
                0x00000000200051c0                sercom2
 .bss.sercom4   0x00000000200051c4        0x4 variant.o
                0x00000000200051c4                sercom4
 .bss.sercom5   0x00000000200051c8        0x4 variant.o
                0x00000000200051c8                sercom5
 .bss.receivedSyncByteE
                0x00000000200051cc        0x1 rtiostream_serial_daemon.o
                0x00000000200051cc                receivedSyncByteE
 *fill*         0x00000000200051cd        0x3 
 .bss.Wire      0x00000000200051d0      0x234 Wire.o
                0x00000000200051d0                Wire
 .bss.runModel  0x0000000020005404        0x1 ert_main.o
                0x0000000020005404                runModel
 .bss.OverrunFlag
                0x0000000020005405        0x1 ert_main.o
 *fill*         0x0000000020005406        0x2 
 .bss.IsrOverrun
                0x0000000020005408        0x4 ert_main.o
                0x0000000020005408                IsrOverrun
 .bss.stopRequested
                0x000000002000540c        0x1 ert_main.o
                0x000000002000540c                stopRequested
 *fill*         0x000000002000540d        0x3 
 .bss.__malloc_sbrk_start
                0x0000000020005410        0x4 /Users/emiliendurif/Documents/MATLAB/SupportPackages/R2019b/3P.instrset/arduinoide.instrset/idepkgs/packages/arduino/tools/arm-none-eabi-gcc/4.8.3-2014q1/bin/../lib/gcc/arm-none-eabi/4.8.3/../../../../arm-none-eabi/lib/armv6-m/libg_s.a(lib_a-nano-mallocr.o)
                0x0000000020005410                __malloc_sbrk_start
 .bss.__malloc_free_list
                0x0000000020005414        0x4 /Users/emiliendurif/Documents/MATLAB/SupportPackages/R2019b/3P.instrset/arduinoide.instrset/idepkgs/packages/arduino/tools/arm-none-eabi-gcc/4.8.3-2014q1/bin/../lib/gcc/arm-none-eabi/4.8.3/../../../../arm-none-eabi/lib/armv6-m/libg_s.a(lib_a-nano-mallocr.o)
                0x0000000020005414                __malloc_free_list
 .bss.heap_end.4243
                0x0000000020005418        0x4 /Users/emiliendurif/Documents/MATLAB/SupportPackages/R2019b/3P.instrset/arduinoide.instrset/idepkgs/packages/arduino/tools/arm-none-eabi-gcc/4.8.3-2014q1/bin/../lib/gcc/arm-none-eabi/4.8.3/../../../../arm-none-eabi/lib/armv6-m/libnosys.a(sbrk.o)
 *(COMMON)
 *fill*         0x000000002000541c        0x4 
 COMMON         0x0000000020005420       0xd8 lire_imu.o
                0x0000000020005420                lire_imu_M_
                0x0000000020005468                lire_imu_DW
                0x00000000200054e0                lire_imu_B
 COMMON         0x00000000200054f8        0x4 /Users/emiliendurif/Documents/MATLAB/SupportPackages/R2019b/3P.instrset/arduinoide.instrset/idepkgs/packages/arduino/tools/arm-none-eabi-gcc/4.8.3-2014q1/bin/../lib/gcc/arm-none-eabi/4.8.3/../../../../arm-none-eabi/lib/armv6-m/libg_s.a(lib_a-reent.o)
                0x00000000200054f8                errno
                0x00000000200054fc                . = ALIGN (0x4)
                0x00000000200054fc                __bss_end__ = .

.heap           0x00000000200054fc        0x0
                0x00000000200054fc                __end__ = .
                0x00000000200054fc                PROVIDE (end, .)
 *(.heap*)
                0x00000000200054fc                __HeapLimit = .

.stack_dummy    0x00000000200054fc        0x0
 *(.stack*)
                0x0000000020008000                __StackTop = (ORIGIN (RAM) + 0x8000)
                0x0000000020008000                __StackLimit = (__StackTop - SIZEOF (.stack_dummy))
                0x0000000020008000                PROVIDE (__stack, __StackTop)
                0x0000000020007fff                __ram_end__ = ((ORIGIN (RAM) + 0x8000) - 0x1)
                0x0000000000000001                ASSERT ((__StackLimit >= __HeapLimit), region RAM overflowed with stack)
OUTPUT(../lire_imu.elf elf32-littlearm)

.ARM.attributes
                0x0000000000000000       0x28
 .ARM.attributes
                0x0000000000000000       0x1e /Users/emiliendurif/Documents/MATLAB/SupportPackages/R2019b/3P.instrset/arduinoide.instrset/idepkgs/packages/arduino/tools/arm-none-eabi-gcc/4.8.3-2014q1/bin/../lib/gcc/arm-none-eabi/4.8.3/armv6-m/crti.o
 .ARM.attributes
                0x000000000000001e       0x2c /Users/emiliendurif/Documents/MATLAB/SupportPackages/R2019b/3P.instrset/arduinoide.instrset/idepkgs/packages/arduino/tools/arm-none-eabi-gcc/4.8.3-2014q1/bin/../lib/gcc/arm-none-eabi/4.8.3/armv6-m/crtbegin.o
 .ARM.attributes
                0x000000000000004a       0x32 MW_arduinoI2C.o
 .ARM.attributes
                0x000000000000007c       0x32 io_wrappers.o
 .ARM.attributes
                0x00000000000000ae       0x32 xcp_ext_work.o
 .ARM.attributes
                0x00000000000000e0       0x32 lire_imu.o
 .ARM.attributes
                0x0000000000000112       0x32 lire_imu_data.o
 .ARM.attributes
                0x0000000000000144       0x32 xcp_ext_common.o
 .ARM.attributes
                0x0000000000000176       0x32 xcp.o
 .ARM.attributes
                0x00000000000001a8       0x32 xcp_standard.o
 .ARM.attributes
                0x00000000000001da       0x32 xcp_daq.o
 .ARM.attributes